0 verbose cli /data/data/com.termux/files/usr/bin/node /data/data/com.termux/files/usr/bin/npm
1 info using npm@11.13.0
2 info using node@v24.14.1
3 silly config load:file:/data/data/com.termux/files/usr/lib/node_modules/npm/npmrc
4 silly config load:file:/data/data/com.termux/files/home/.npmrc
5 silly config load:file:/data/data/com.termux/files/usr/etc/npmrc
6 verbose title npm install serve
7 verbose argv "install" "--global" "serve"
8 verbose logfile logs-max:10 dir:/data/data/com.termux/files/home/.npm/_logs/2026-05-03T22_42_26_484Z-
9 verbose logfile /data/data/com.termux/files/home/.npm/_logs/2026-05-03T22_42_26_484Z-debug-0.log
10 silly packumentCache heap:1089470464 maxSize:272367616 maxEntrySize:136183808
11 silly logfile start cleaning logs, removing 1 files
12 silly logfile done cleaning log files
13 silly idealTree buildDeps
14 silly fetch manifest serve@*
15 silly packumentCache full:https://registry.npmjs.org/serve cache-miss
16 http fetch GET 200 https://registry.npmjs.org/serve 1132ms (cache revalidated)
17 silly packumentCache full:https://registry.npmjs.org/serve set size:474357 disposed:false
18 silly placeDep ROOT serve@14.2.6 OK for:  want: *
19 silly fetch manifest @zeit/schemas@2.36.0
20 silly packumentCache full:https://registry.npmjs.org/@zeit%2fschemas cache-miss
21 silly fetch manifest ajv@8.18.0
22 silly packumentCache full:https://registry.npmjs.org/ajv cache-miss
23 silly fetch manifest arg@5.0.2
24 silly packumentCache full:https://registry.npmjs.org/arg cache-miss
25 silly fetch manifest boxen@7.0.0
26 silly packumentCache full:https://registry.npmjs.org/boxen cache-miss
27 silly fetch manifest chalk@5.0.1
28 silly packumentCache full:https://registry.npmjs.org/chalk cache-miss
29 silly fetch manifest chalk-template@0.4.0
30 silly packumentCache full:https://registry.npmjs.org/chalk-template cache-miss
31 silly fetch manifest clipboardy@3.0.0
32 silly packumentCache full:https://registry.npmjs.org/clipboardy cache-miss
33 http fetch GET 200 https://registry.npmjs.org/ajv 277ms (cache revalidated)
34 silly packumentCache full:https://registry.npmjs.org/ajv set size:1142658 disposed:false
35 silly fetch manifest compression@1.8.1
36 silly packumentCache full:https://registry.npmjs.org/compression cache-miss
37 http fetch GET 200 https://registry.npmjs.org/compression 249ms (cache revalidated)
38 silly packumentCache full:https://registry.npmjs.org/compression set size:98424 disposed:false
39 silly fetch manifest is-port-reachable@4.0.0
40 silly packumentCache full:https://registry.npmjs.org/is-port-reachable cache-miss
41 http fetch GET 200 https://registry.npmjs.org/is-port-reachable 242ms (cache revalidated)
42 silly packumentCache full:https://registry.npmjs.org/is-port-reachable set size:15623 disposed:false
43 silly fetch manifest serve-handler@6.1.7
44 silly packumentCache full:https://registry.npmjs.org/serve-handler cache-miss
45 http fetch GET 200 https://registry.npmjs.org/boxen 861ms (cache revalidated)
46 silly packumentCache full:https://registry.npmjs.org/boxen set size:96237 disposed:false
47 silly fetch manifest update-check@1.5.4
48 silly packumentCache full:https://registry.npmjs.org/update-check cache-miss
49 http fetch GET 200 https://registry.npmjs.org/@zeit%2fschemas 895ms (cache revalidated)
50 silly packumentCache full:https://registry.npmjs.org/@zeit%2fschemas set size:273103 disposed:false
51 http fetch GET 200 https://registry.npmjs.org/chalk-template 913ms (cache revalidated)
52 silly packumentCache full:https://registry.npmjs.org/chalk-template set size:24846 disposed:false
53 http fetch GET 200 https://registry.npmjs.org/arg 923ms (cache revalidated)
54 silly packumentCache full:https://registry.npmjs.org/arg set size:67036 disposed:false
55 http fetch GET 200 https://registry.npmjs.org/clipboardy 932ms (cache revalidated)
56 silly packumentCache full:https://registry.npmjs.org/clipboardy set size:61381 disposed:false
57 http fetch GET 200 https://registry.npmjs.org/chalk 956ms (cache revalidated)
58 silly packumentCache full:https://registry.npmjs.org/chalk set size:117861 disposed:false
59 http fetch GET 200 https://registry.npmjs.org/serve-handler 245ms (cache revalidated)
60 silly packumentCache full:https://registry.npmjs.org/serve-handler set size:244831 disposed:false
61 http fetch GET 200 https://registry.npmjs.org/update-check 247ms (cache revalidated)
62 silly packumentCache full:https://registry.npmjs.org/update-check set size:34153 disposed:false
63 silly placeDep node_modules/serve @zeit/schemas@2.36.0 OK for: serve@14.2.6 want: 2.36.0
64 silly placeDep node_modules/serve ajv@8.18.0 OK for: serve@14.2.6 want: 8.18.0
65 silly placeDep node_modules/serve arg@5.0.2 OK for: serve@14.2.6 want: 5.0.2
66 silly placeDep node_modules/serve boxen@7.0.0 OK for: serve@14.2.6 want: 7.0.0
67 silly placeDep node_modules/serve chalk@5.0.1 OK for: serve@14.2.6 want: 5.0.1
68 silly placeDep node_modules/serve chalk-template@0.4.0 OK for: serve@14.2.6 want: 0.4.0
69 silly placeDep node_modules/serve clipboardy@3.0.0 OK for: serve@14.2.6 want: 3.0.0
70 silly placeDep node_modules/serve compression@1.8.1 OK for: serve@14.2.6 want: 1.8.1
71 silly placeDep node_modules/serve is-port-reachable@4.0.0 OK for: serve@14.2.6 want: 4.0.0
72 silly placeDep node_modules/serve serve-handler@6.1.7 OK for: serve@14.2.6 want: 6.1.7
73 silly placeDep node_modules/serve update-check@1.5.4 OK for: serve@14.2.6 want: 1.5.4
74 silly fetch manifest fast-uri@^3.0.1
75 silly packumentCache full:https://registry.npmjs.org/fast-uri cache-miss
76 silly fetch manifest fast-deep-equal@^3.1.3
77 silly packumentCache full:https://registry.npmjs.org/fast-deep-equal cache-miss
78 silly fetch manifest require-from-string@^2.0.2
79 silly packumentCache full:https://registry.npmjs.org/require-from-string cache-miss
80 silly fetch manifest json-schema-traverse@^1.0.0
81 silly packumentCache full:https://registry.npmjs.org/json-schema-traverse cache-miss
82 silly fetch manifest chalk@^5.0.1
83 silly packumentCache full:https://registry.npmjs.org/chalk cache-hit
84 silly fetch manifest camelcase@^7.0.0
85 silly packumentCache full:https://registry.npmjs.org/camelcase cache-miss
86 silly fetch manifest cli-boxes@^3.0.0
87 silly packumentCache full:https://registry.npmjs.org/cli-boxes cache-miss
88 silly fetch manifest type-fest@^2.13.0
89 silly packumentCache full:https://registry.npmjs.org/type-fest cache-miss
90 http fetch GET 200 https://registry.npmjs.org/fast-deep-equal 259ms (cache revalidated)
91 silly packumentCache full:https://registry.npmjs.org/fast-deep-equal set size:48634 disposed:false
92 silly fetch manifest wrap-ansi@^8.0.1
93 silly packumentCache full:https://registry.npmjs.org/wrap-ansi cache-miss
94 http fetch GET 200 https://registry.npmjs.org/require-from-string 291ms (cache revalidated)
95 silly packumentCache full:https://registry.npmjs.org/require-from-string set size:15128 disposed:false
96 silly fetch manifest ansi-align@^3.0.1
97 silly packumentCache full:https://registry.npmjs.org/ansi-align cache-miss
98 http fetch GET 200 https://registry.npmjs.org/camelcase 288ms (cache revalidated)
99 silly packumentCache full:https://registry.npmjs.org/camelcase set size:60255 disposed:false
100 silly fetch manifest widest-line@^4.0.1
101 silly packumentCache full:https://registry.npmjs.org/widest-line cache-miss
102 http fetch GET 200 https://registry.npmjs.org/fast-uri 317ms (cache revalidated)
103 silly packumentCache full:https://registry.npmjs.org/fast-uri set size:61472 disposed:false
104 silly fetch manifest string-width@^5.1.2
105 silly packumentCache full:https://registry.npmjs.org/string-width cache-miss
106 http fetch GET 200 https://registry.npmjs.org/json-schema-traverse 315ms (cache revalidated)
107 silly packumentCache full:https://registry.npmjs.org/json-schema-traverse set size:23537 disposed:false
108 silly fetch manifest chalk@^4.1.2
109 silly packumentCache full:https://registry.npmjs.org/chalk cache-hit
110 silly fetch manifest arch@^2.2.0
111 silly packumentCache full:https://registry.npmjs.org/arch cache-miss
112 http fetch GET 200 https://registry.npmjs.org/type-fest 318ms (cache revalidated)
113 silly packumentCache full:https://registry.npmjs.org/type-fest set size:560517 disposed:false
114 silly fetch manifest execa@^5.1.1
115 silly packumentCache full:https://registry.npmjs.org/execa cache-miss
116 http fetch GET 200 https://registry.npmjs.org/cli-boxes 356ms (cache revalidated)
117 silly packumentCache full:https://registry.npmjs.org/cli-boxes set size:19853 disposed:false
118 silly fetch manifest is-wsl@^2.2.0
119 silly packumentCache full:https://registry.npmjs.org/is-wsl cache-miss
120 http fetch GET 200 https://registry.npmjs.org/wrap-ansi 350ms (cache revalidated)
121 silly packumentCache full:https://registry.npmjs.org/wrap-ansi set size:55299 disposed:false
122 silly fetch manifest vary@~1.1.2
123 silly packumentCache full:https://registry.npmjs.org/vary cache-miss
124 http fetch GET 200 https://registry.npmjs.org/widest-line 337ms (cache revalidated)
125 silly packumentCache full:https://registry.npmjs.org/widest-line set size:23158 disposed:false
126 silly fetch manifest bytes@3.1.2
127 silly packumentCache full:https://registry.npmjs.org/bytes cache-miss
128 http fetch GET 200 https://registry.npmjs.org/ansi-align 359ms (cache revalidated)
129 silly packumentCache full:https://registry.npmjs.org/ansi-align set size:13890 disposed:false
130 silly fetch manifest debug@2.6.9
131 silly packumentCache full:https://registry.npmjs.org/debug cache-miss
132 http fetch GET 200 https://registry.npmjs.org/arch 336ms (cache revalidated)
133 silly packumentCache full:https://registry.npmjs.org/arch set size:23416 disposed:false
134 silly fetch manifest negotiator@~0.6.4
135 silly packumentCache full:https://registry.npmjs.org/negotiator cache-miss
136 http fetch GET 200 https://registry.npmjs.org/string-width 370ms (cache revalidated)
137 silly packumentCache full:https://registry.npmjs.org/string-width set size:70381 disposed:false
138 silly fetch manifest on-headers@~1.1.0
139 silly packumentCache full:https://registry.npmjs.org/on-headers cache-miss
140 http fetch GET 200 https://registry.npmjs.org/execa 336ms (cache revalidated)
141 silly packumentCache full:https://registry.npmjs.org/execa set size:181234 disposed:false
142 silly fetch manifest safe-buffer@5.2.1
143 silly packumentCache full:https://registry.npmjs.org/safe-buffer cache-miss
144 http fetch GET 200 https://registry.npmjs.org/is-wsl 350ms (cache revalidated)
145 silly packumentCache full:https://registry.npmjs.org/is-wsl set size:20683 disposed:false
146 silly fetch manifest compressible@~2.0.18
147 silly packumentCache full:https://registry.npmjs.org/compressible cache-miss
148 http fetch GET 200 https://registry.npmjs.org/vary 373ms (cache revalidated)
149 silly packumentCache full:https://registry.npmjs.org/vary set size:15994 disposed:false
150 silly fetch manifest bytes@3.0.0
151 silly packumentCache full:https://registry.npmjs.org/bytes cache-miss
152 http fetch GET 200 https://registry.npmjs.org/on-headers 303ms (cache revalidated)
153 silly packumentCache full:https://registry.npmjs.org/on-headers set size:13226 disposed:false
154 silly fetch manifest content-disposition@0.5.2
155 silly packumentCache full:https://registry.npmjs.org/content-disposition cache-miss
156 http fetch GET 200 https://registry.npmjs.org/debug 348ms (cache revalidated)
157 silly packumentCache full:https://registry.npmjs.org/debug set size:195840 disposed:false
158 silly fetch manifest mime-types@2.1.18
159 silly packumentCache full:https://registry.npmjs.org/mime-types cache-miss
160 http fetch GET 200 https://registry.npmjs.org/bytes 374ms (cache revalidated)
161 silly packumentCache full:https://registry.npmjs.org/bytes set size:37018 disposed:false
162 silly fetch manifest minimatch@3.1.5
163 silly packumentCache full:https://registry.npmjs.org/minimatch cache-miss
164 http fetch GET 200 https://registry.npmjs.org/negotiator 363ms (cache revalidated)
165 silly packumentCache full:https://registry.npmjs.org/negotiator set size:48046 disposed:false
166 silly fetch manifest path-is-inside@1.0.2
167 silly packumentCache full:https://registry.npmjs.org/path-is-inside cache-miss
168 http fetch GET 200 https://registry.npmjs.org/safe-buffer 333ms (cache revalidated)
169 silly packumentCache full:https://registry.npmjs.org/safe-buffer set size:41183 disposed:false
170 silly fetch manifest path-to-regexp@3.3.0
171 silly packumentCache full:https://registry.npmjs.org/path-to-regexp cache-miss
172 http fetch GET 200 https://registry.npmjs.org/compressible 334ms (cache revalidated)
173 silly packumentCache full:https://registry.npmjs.org/compressible set size:61733 disposed:false
174 silly fetch manifest range-parser@1.2.0
175 silly packumentCache full:https://registry.npmjs.org/range-parser cache-miss
176 http cache https://registry.npmjs.org/bytes 99ms (cache hit)
177 silly packumentCache full:https://registry.npmjs.org/bytes set size:37018 disposed:false
178 silly packumentCache full:https://registry.npmjs.org/bytes dispose
179 silly fetch manifest registry-auth-token@3.3.2
180 silly packumentCache full:https://registry.npmjs.org/registry-auth-token cache-miss
181 http fetch GET 200 https://registry.npmjs.org/path-is-inside 298ms (cache revalidated)
182 silly packumentCache full:https://registry.npmjs.org/path-is-inside set size:6732 disposed:false
183 silly fetch manifest registry-url@3.1.0
184 silly packumentCache full:https://registry.npmjs.org/registry-url cache-miss
185 http fetch GET 200 https://registry.npmjs.org/mime-types 326ms (cache revalidated)
186 silly packumentCache full:https://registry.npmjs.org/mime-types set size:139110 disposed:false
187 http fetch GET 200 https://registry.npmjs.org/content-disposition 352ms (cache revalidated)
188 silly packumentCache full:https://registry.npmjs.org/content-disposition set size:36665 disposed:false
189 http fetch GET 200 https://registry.npmjs.org/minimatch 331ms (cache revalidated)
190 silly packumentCache full:https://registry.npmjs.org/minimatch set size:375282 disposed:false
191 http fetch GET 200 https://registry.npmjs.org/path-to-regexp 372ms (cache revalidated)
192 silly packumentCache full:https://registry.npmjs.org/path-to-regexp set size:216334 disposed:false
193 http fetch GET 200 https://registry.npmjs.org/registry-auth-token 367ms (cache revalidated)
194 silly packumentCache full:https://registry.npmjs.org/registry-auth-token set size:64303 disposed:false
195 http fetch GET 200 https://registry.npmjs.org/range-parser 409ms (cache revalidated)
196 silly packumentCache full:https://registry.npmjs.org/range-parser set size:22228 disposed:false
197 http fetch GET 200 https://registry.npmjs.org/registry-url 349ms (cache revalidated)
198 silly packumentCache full:https://registry.npmjs.org/registry-url set size:35136 disposed:false
199 silly placeDep node_modules/serve fast-deep-equal@3.1.3 OK for: ajv@8.18.0 want: ^3.1.3
200 silly placeDep node_modules/serve fast-uri@3.1.0 OK for: ajv@8.18.0 want: ^3.0.1
201 silly placeDep node_modules/serve json-schema-traverse@1.0.0 OK for: ajv@8.18.0 want: ^1.0.0
202 silly placeDep node_modules/serve require-from-string@2.0.2 OK for: ajv@8.18.0 want: ^2.0.2
203 silly placeDep node_modules/serve ansi-align@3.0.1 OK for: boxen@7.0.0 want: ^3.0.1
204 silly placeDep node_modules/serve camelcase@7.0.1 OK for: boxen@7.0.0 want: ^7.0.0
205 silly placeDep node_modules/serve cli-boxes@3.0.0 OK for: boxen@7.0.0 want: ^3.0.0
206 silly placeDep node_modules/serve string-width@5.1.2 OK for: boxen@7.0.0 want: ^5.1.2
207 silly placeDep node_modules/serve type-fest@2.19.0 OK for: boxen@7.0.0 want: ^2.13.0
208 silly placeDep node_modules/serve widest-line@4.0.1 OK for: boxen@7.0.0 want: ^4.0.1
209 silly placeDep node_modules/serve wrap-ansi@8.1.0 OK for: boxen@7.0.0 want: ^8.0.1
210 silly fetch manifest string-width@^4.1.0
211 silly packumentCache full:https://registry.npmjs.org/string-width cache-hit
212 silly fetch manifest strip-ansi@^7.0.1
213 silly packumentCache full:https://registry.npmjs.org/strip-ansi cache-miss
214 silly fetch manifest emoji-regex@^9.2.2
215 silly packumentCache full:https://registry.npmjs.org/emoji-regex cache-miss
216 silly fetch manifest eastasianwidth@^0.2.0
217 silly packumentCache full:https://registry.npmjs.org/eastasianwidth cache-miss
218 silly fetch manifest strip-ansi@^7.0.1
219 silly packumentCache full:https://registry.npmjs.org/strip-ansi cache-miss
220 silly fetch manifest ansi-styles@^6.1.0
221 silly packumentCache full:https://registry.npmjs.org/ansi-styles cache-miss
222 http fetch GET 200 https://registry.npmjs.org/emoji-regex 264ms (cache revalidated)
223 silly packumentCache full:https://registry.npmjs.org/emoji-regex set size:89064 disposed:false
224 http fetch GET 200 https://registry.npmjs.org/strip-ansi 300ms (cache revalidated)
225 silly packumentCache full:https://registry.npmjs.org/strip-ansi set size:44998 disposed:false
226 http fetch GET 200 https://registry.npmjs.org/strip-ansi 305ms (cache revalidated)
227 silly packumentCache full:https://registry.npmjs.org/strip-ansi set size:44998 disposed:false
228 silly packumentCache full:https://registry.npmjs.org/strip-ansi dispose
229 http fetch GET 200 https://registry.npmjs.org/eastasianwidth 316ms (cache revalidated)
230 silly packumentCache full:https://registry.npmjs.org/eastasianwidth set size:7890 disposed:false
231 http fetch GET 200 https://registry.npmjs.org/ansi-styles 317ms (cache revalidated)
232 silly packumentCache full:https://registry.npmjs.org/ansi-styles set size:63233 disposed:false
233 silly placeDep node_modules/serve/node_modules/ansi-align string-width@4.2.3 OK for: ansi-align@3.0.1 want: ^4.1.0
234 silly fetch manifest strip-ansi@^6.0.1
235 silly packumentCache full:https://registry.npmjs.org/strip-ansi cache-hit
236 silly fetch manifest emoji-regex@^8.0.0
237 silly packumentCache full:https://registry.npmjs.org/emoji-regex cache-hit
238 silly fetch manifest is-fullwidth-code-point@^3.0.0
239 silly packumentCache full:https://registry.npmjs.org/is-fullwidth-code-point cache-miss
240 http fetch GET 200 https://registry.npmjs.org/is-fullwidth-code-point 254ms (cache revalidated)
241 silly packumentCache full:https://registry.npmjs.org/is-fullwidth-code-point set size:14578 disposed:false
242 silly placeDep node_modules/serve/node_modules/chalk-template chalk@4.1.2 OK for: chalk-template@0.4.0 want: ^4.1.2
243 silly fetch manifest ansi-styles@^4.1.0
244 silly packumentCache full:https://registry.npmjs.org/ansi-styles cache-hit
245 silly fetch manifest supports-color@^7.1.0
246 silly packumentCache full:https://registry.npmjs.org/supports-color cache-miss
247 http fetch GET 200 https://registry.npmjs.org/supports-color 232ms (cache revalidated)
248 silly packumentCache full:https://registry.npmjs.org/supports-color set size:118680 disposed:false
249 silly placeDep node_modules/serve arch@2.2.0 OK for: clipboardy@3.0.0 want: ^2.2.0
250 silly placeDep node_modules/serve execa@5.1.1 OK for: clipboardy@3.0.0 want: ^5.1.1
251 silly placeDep node_modules/serve is-wsl@2.2.0 OK for: clipboardy@3.0.0 want: ^2.2.0
252 silly fetch manifest onetime@^5.1.2
253 silly packumentCache full:https://registry.npmjs.org/onetime cache-miss
254 silly fetch manifest is-stream@^2.0.0
255 silly packumentCache full:https://registry.npmjs.org/is-stream cache-miss
256 silly fetch manifest get-stream@^6.0.0
257 silly packumentCache full:https://registry.npmjs.org/get-stream cache-miss
258 silly fetch manifest cross-spawn@^7.0.3
259 silly packumentCache full:https://registry.npmjs.org/cross-spawn cache-miss
260 silly fetch manifest signal-exit@^3.0.3
261 silly packumentCache full:https://registry.npmjs.org/signal-exit cache-miss
262 silly fetch manifest merge-stream@^2.0.0
263 silly packumentCache full:https://registry.npmjs.org/merge-stream cache-miss
264 silly fetch manifest npm-run-path@^4.0.1
265 silly packumentCache full:https://registry.npmjs.org/npm-run-path cache-miss
266 http fetch GET 200 https://registry.npmjs.org/is-stream 252ms (cache revalidated)
267 silly packumentCache full:https://registry.npmjs.org/is-stream set size:18582 disposed:false
268 silly fetch manifest human-signals@^2.1.0
269 silly packumentCache full:https://registry.npmjs.org/human-signals cache-miss
270 http fetch GET 200 https://registry.npmjs.org/get-stream 260ms (cache revalidated)
271 silly packumentCache full:https://registry.npmjs.org/get-stream set size:57536 disposed:false
272 silly fetch manifest strip-final-newline@^2.0.0
273 silly packumentCache full:https://registry.npmjs.org/strip-final-newline cache-miss
274 http fetch GET 200 https://registry.npmjs.org/cross-spawn 293ms (cache revalidated)
275 silly packumentCache full:https://registry.npmjs.org/cross-spawn set size:109066 disposed:false
276 silly fetch manifest is-docker@^2.0.0
277 silly packumentCache full:https://registry.npmjs.org/is-docker cache-miss
278 http fetch GET 200 https://registry.npmjs.org/npm-run-path 302ms (cache revalidated)
279 silly packumentCache full:https://registry.npmjs.org/npm-run-path set size:33596 disposed:false
280 http fetch GET 200 https://registry.npmjs.org/signal-exit 312ms (cache revalidated)
281 silly packumentCache full:https://registry.npmjs.org/signal-exit set size:53489 disposed:false
282 http fetch GET 200 https://registry.npmjs.org/onetime 329ms (cache revalidated)
283 silly packumentCache full:https://registry.npmjs.org/onetime set size:32314 disposed:false
284 http fetch GET 200 https://registry.npmjs.org/merge-stream 322ms (cache revalidated)
285 silly packumentCache full:https://registry.npmjs.org/merge-stream set size:22168 disposed:false
286 http fetch GET 200 https://registry.npmjs.org/human-signals 300ms (cache revalidated)
287 silly packumentCache full:https://registry.npmjs.org/human-signals set size:47322 disposed:false
288 http fetch GET 200 https://registry.npmjs.org/is-docker 316ms (cache revalidated)
289 silly packumentCache full:https://registry.npmjs.org/is-docker set size:23690 disposed:false
290 http fetch GET 200 https://registry.npmjs.org/strip-final-newline 362ms (cache revalidated)
291 silly packumentCache full:https://registry.npmjs.org/strip-final-newline set size:9328 disposed:false
292 silly placeDep node_modules/serve bytes@3.1.2 OK for: compression@1.8.1 want: 3.1.2
293 silly placeDep node_modules/serve compressible@2.0.18 OK for: compression@1.8.1 want: ~2.0.18
294 silly placeDep node_modules/serve debug@2.6.9 OK for: compression@1.8.1 want: 2.6.9
295 silly placeDep node_modules/serve negotiator@0.6.4 OK for: compression@1.8.1 want: ~0.6.4
296 silly placeDep node_modules/serve on-headers@1.1.0 OK for: compression@1.8.1 want: ~1.1.0
297 silly placeDep node_modules/serve safe-buffer@5.2.1 OK for: compression@1.8.1 want: 5.2.1
298 silly placeDep node_modules/serve vary@1.1.2 OK for: compression@1.8.1 want: ~1.1.2
299 silly fetch manifest mime-db@>= 1.43.0 < 2
300 silly packumentCache full:https://registry.npmjs.org/mime-db cache-miss
301 silly fetch manifest ms@2.0.0
302 silly packumentCache full:https://registry.npmjs.org/ms cache-miss
303 http fetch GET 200 https://registry.npmjs.org/mime-db 245ms (cache revalidated)
304 silly packumentCache full:https://registry.npmjs.org/mime-db set size:164953 disposed:false
305 http fetch GET 200 https://registry.npmjs.org/ms 269ms (cache revalidated)
306 silly packumentCache full:https://registry.npmjs.org/ms set size:92208 disposed:false
307 silly placeDep node_modules/serve mime-db@1.54.0 OK for: compressible@2.0.18 want: >= 1.43.0 < 2
308 silly placeDep node_modules/serve ms@2.0.0 OK for: debug@2.6.9 want: 2.0.0
309 silly placeDep node_modules/serve cross-spawn@7.0.6 OK for: execa@5.1.1 want: ^7.0.3
310 silly placeDep node_modules/serve get-stream@6.0.1 OK for: execa@5.1.1 want: ^6.0.0
311 silly placeDep node_modules/serve human-signals@2.1.0 OK for: execa@5.1.1 want: ^2.1.0
312 silly placeDep node_modules/serve is-stream@2.0.1 OK for: execa@5.1.1 want: ^2.0.0
313 silly placeDep node_modules/serve merge-stream@2.0.0 OK for: execa@5.1.1 want: ^2.0.0
314 silly placeDep node_modules/serve npm-run-path@4.0.1 OK for: execa@5.1.1 want: ^4.0.1
315 silly placeDep node_modules/serve onetime@5.1.2 OK for: execa@5.1.1 want: ^5.1.2
316 silly placeDep node_modules/serve signal-exit@3.0.7 OK for: execa@5.1.1 want: ^3.0.3
317 silly placeDep node_modules/serve strip-final-newline@2.0.0 OK for: execa@5.1.1 want: ^2.0.0
318 silly fetch manifest which@^2.0.1
319 silly packumentCache full:https://registry.npmjs.org/which cache-miss
320 silly fetch manifest path-key@^3.1.0
321 silly packumentCache full:https://registry.npmjs.org/path-key cache-miss
322 silly fetch manifest shebang-command@^2.0.0
323 silly packumentCache full:https://registry.npmjs.org/shebang-command cache-miss
324 silly fetch manifest path-key@^3.0.0
325 silly packumentCache full:https://registry.npmjs.org/path-key cache-miss
326 silly fetch manifest mimic-fn@^2.1.0
327 silly packumentCache full:https://registry.npmjs.org/mimic-fn cache-miss
328 http fetch GET 200 https://registry.npmjs.org/shebang-command 230ms (cache revalidated)
329 silly packumentCache full:https://registry.npmjs.org/shebang-command set size:8525 disposed:false
330 http fetch GET 200 https://registry.npmjs.org/mimic-fn 239ms (cache revalidated)
331 silly packumentCache full:https://registry.npmjs.org/mimic-fn set size:22257 disposed:false
332 http fetch GET 200 https://registry.npmjs.org/path-key 248ms (cache revalidated)
333 silly packumentCache full:https://registry.npmjs.org/path-key set size:16975 disposed:false
334 http fetch GET 200 https://registry.npmjs.org/which 259ms (cache revalidated)
335 silly packumentCache full:https://registry.npmjs.org/which set size:67698 disposed:false
336 http fetch GET 200 https://registry.npmjs.org/path-key 266ms (cache revalidated)
337 silly packumentCache full:https://registry.npmjs.org/path-key set size:16975 disposed:false
338 silly packumentCache full:https://registry.npmjs.org/path-key dispose
339 silly placeDep node_modules/serve path-key@3.1.1 OK for: cross-spawn@7.0.6 want: ^3.1.0
340 silly placeDep node_modules/serve shebang-command@2.0.0 OK for: cross-spawn@7.0.6 want: ^2.0.0
341 silly placeDep node_modules/serve which@2.0.2 OK for: cross-spawn@7.0.6 want: ^2.0.1
342 silly fetch manifest shebang-regex@^3.0.0
343 silly packumentCache full:https://registry.npmjs.org/shebang-regex cache-miss
344 silly fetch manifest isexe@^2.0.0
345 silly packumentCache full:https://registry.npmjs.org/isexe cache-miss
346 http fetch GET 200 https://registry.npmjs.org/isexe 250ms (cache revalidated)
347 silly packumentCache full:https://registry.npmjs.org/isexe set size:31756 disposed:false
348 http fetch GET 200 https://registry.npmjs.org/shebang-regex 256ms (cache revalidated)
349 silly packumentCache full:https://registry.npmjs.org/shebang-regex set size:9763 disposed:false
350 silly placeDep node_modules/serve is-docker@2.2.1 OK for: is-wsl@2.2.0 want: ^2.0.0
351 silly placeDep node_modules/serve mimic-fn@2.1.0 OK for: onetime@5.1.2 want: ^2.1.0
352 silly placeDep node_modules/serve/node_modules/serve-handler bytes@3.0.0 OK for: serve-handler@6.1.7 want: 3.0.0
353 silly placeDep node_modules/serve content-disposition@0.5.2 OK for: serve-handler@6.1.7 want: 0.5.2
354 silly placeDep node_modules/serve mime-types@2.1.18 OK for: serve-handler@6.1.7 want: 2.1.18
355 silly placeDep node_modules/serve minimatch@3.1.5 OK for: serve-handler@6.1.7 want: 3.1.5
356 silly placeDep node_modules/serve path-is-inside@1.0.2 OK for: serve-handler@6.1.7 want: 1.0.2
357 silly placeDep node_modules/serve path-to-regexp@3.3.0 OK for: serve-handler@6.1.7 want: 3.3.0
358 silly placeDep node_modules/serve range-parser@1.2.0 OK for: serve-handler@6.1.7 want: 1.2.0
359 silly fetch manifest mime-db@~1.33.0
360 silly packumentCache full:https://registry.npmjs.org/mime-db cache-hit
361 silly fetch manifest brace-expansion@^1.1.7
362 silly packumentCache full:https://registry.npmjs.org/brace-expansion cache-miss
363 http fetch GET 200 https://registry.npmjs.org/brace-expansion 234ms (cache revalidated)
364 silly packumentCache full:https://registry.npmjs.org/brace-expansion set size:65768 disposed:false
365 silly placeDep node_modules/serve/node_modules/mime-types mime-db@1.33.0 OK for: mime-types@2.1.18 want: ~1.33.0
366 silly placeDep node_modules/serve brace-expansion@1.1.14 OK for: minimatch@3.1.5 want: ^1.1.7
367 silly fetch manifest concat-map@0.0.1
368 silly packumentCache full:https://registry.npmjs.org/concat-map cache-miss
369 silly fetch manifest balanced-match@^1.0.0
370 silly packumentCache full:https://registry.npmjs.org/balanced-match cache-miss
371 http fetch GET 200 https://registry.npmjs.org/concat-map 217ms (cache revalidated)
372 silly packumentCache full:https://registry.npmjs.org/concat-map set size:9290 disposed:false
373 http fetch GET 200 https://registry.npmjs.org/balanced-match 240ms (cache revalidated)
374 silly packumentCache full:https://registry.npmjs.org/balanced-match set size:39082 disposed:false
375 silly placeDep node_modules/serve balanced-match@1.0.2 OK for: brace-expansion@1.1.14 want: ^1.0.0
376 silly placeDep node_modules/serve concat-map@0.0.1 OK for: brace-expansion@1.1.14 want: 0.0.1
377 silly placeDep node_modules/serve shebang-regex@3.0.0 OK for: shebang-command@2.0.0 want: ^3.0.0
378 silly placeDep node_modules/serve eastasianwidth@0.2.0 OK for: string-width@5.1.2 want: ^0.2.0
379 silly placeDep node_modules/serve emoji-regex@9.2.2 OK for: string-width@5.1.2 want: ^9.2.2
380 silly placeDep node_modules/serve strip-ansi@7.2.0 OK for: string-width@5.1.2 want: ^7.0.1
381 silly fetch manifest ansi-regex@^6.2.2
382 silly packumentCache full:https://registry.npmjs.org/ansi-regex cache-miss
383 http fetch GET 200 https://registry.npmjs.org/ansi-regex 254ms (cache revalidated)
384 silly packumentCache full:https://registry.npmjs.org/ansi-regex set size:43572 disposed:false
385 silly placeDep node_modules/serve ansi-regex@6.2.2 OK for: strip-ansi@7.2.0 want: ^6.2.2
386 silly placeDep node_modules/serve registry-auth-token@3.3.2 OK for: update-check@1.5.4 want: 3.3.2
387 silly placeDep node_modules/serve registry-url@3.1.0 OK for: update-check@1.5.4 want: 3.1.0
388 silly fetch manifest rc@^1.1.6
389 silly packumentCache full:https://registry.npmjs.org/rc cache-miss
390 silly fetch manifest rc@^1.0.1
391 silly packumentCache full:https://registry.npmjs.org/rc cache-miss
392 http fetch GET 200 https://registry.npmjs.org/rc 229ms (cache revalidated)
393 silly packumentCache full:https://registry.npmjs.org/rc set size:70417 disposed:false
394 http fetch GET 200 https://registry.npmjs.org/rc 244ms (cache revalidated)
395 silly packumentCache full:https://registry.npmjs.org/rc set size:70417 disposed:false
396 silly packumentCache full:https://registry.npmjs.org/rc dispose
397 silly placeDep node_modules/serve rc@1.2.8 OK for: registry-auth-token@3.3.2 want: ^1.1.6
398 silly fetch manifest ini@~1.3.0
399 silly packumentCache full:https://registry.npmjs.org/ini cache-miss
400 silly fetch manifest minimist@^1.2.0
401 silly packumentCache full:https://registry.npmjs.org/minimist cache-miss
402 silly fetch manifest deep-extend@^0.6.0
403 silly packumentCache full:https://registry.npmjs.org/deep-extend cache-miss
404 silly fetch manifest strip-json-comments@~2.0.1
405 silly packumentCache full:https://registry.npmjs.org/strip-json-comments cache-miss
406 http fetch GET 200 https://registry.npmjs.org/deep-extend 248ms (cache revalidated)
407 silly packumentCache full:https://registry.npmjs.org/deep-extend set size:34472 disposed:false
408 http fetch GET 200 https://registry.npmjs.org/ini 275ms (cache revalidated)
409 silly packumentCache full:https://registry.npmjs.org/ini set size:56912 disposed:false
410 http fetch GET 200 https://registry.npmjs.org/minimist 279ms (cache revalidated)
411 silly packumentCache full:https://registry.npmjs.org/minimist set size:77063 disposed:false
412 http fetch GET 200 https://registry.npmjs.org/strip-json-comments 282ms (cache revalidated)
413 silly packumentCache full:https://registry.npmjs.org/strip-json-comments set size:43569 disposed:false
414 silly placeDep node_modules/serve deep-extend@0.6.0 OK for: rc@1.2.8 want: ^0.6.0
415 silly placeDep node_modules/serve ini@1.3.8 OK for: rc@1.2.8 want: ~1.3.0
416 silly placeDep node_modules/serve minimist@1.2.8 OK for: rc@1.2.8 want: ^1.2.0
417 silly placeDep node_modules/serve strip-json-comments@2.0.1 OK for: rc@1.2.8 want: ~2.0.1
418 silly placeDep node_modules/serve isexe@2.0.0 OK for: which@2.0.2 want: ^2.0.0
419 silly placeDep node_modules/serve ansi-styles@6.2.3 OK for: wrap-ansi@8.1.0 want: ^6.1.0
420 silly placeDep node_modules/serve/node_modules/ansi-align emoji-regex@8.0.0 OK for: string-width@4.2.3 want: ^8.0.0
421 silly placeDep node_modules/serve is-fullwidth-code-point@3.0.0 OK for: string-width@4.2.3 want: ^3.0.0
422 silly placeDep node_modules/serve/node_modules/ansi-align strip-ansi@6.0.1 OK for: string-width@4.2.3 want: ^6.0.1
423 silly fetch manifest ansi-regex@^5.0.1
424 silly packumentCache full:https://registry.npmjs.org/ansi-regex cache-hit
425 silly placeDep node_modules/serve/node_modules/ansi-align ansi-regex@5.0.1 OK for: strip-ansi@6.0.1 want: ^5.0.1
426 silly placeDep node_modules/serve/node_modules/chalk-template ansi-styles@4.3.0 OK for: chalk@4.1.2 want: ^4.1.0
427 silly placeDep node_modules/serve supports-color@7.2.0 OK for: chalk@4.1.2 want: ^7.1.0
428 silly fetch manifest color-convert@^2.0.1
429 silly packumentCache full:https://registry.npmjs.org/color-convert cache-miss
430 silly fetch manifest has-flag@^4.0.0
431 silly packumentCache full:https://registry.npmjs.org/has-flag cache-miss
432 http fetch GET 200 https://registry.npmjs.org/has-flag 263ms (cache revalidated)
433 silly packumentCache full:https://registry.npmjs.org/has-flag set size:15180 disposed:false
434 http fetch GET 200 https://registry.npmjs.org/color-convert 269ms (cache revalidated)
435 silly packumentCache full:https://registry.npmjs.org/color-convert set size:72663 disposed:false
436 silly placeDep node_modules/serve has-flag@4.0.0 OK for: supports-color@7.2.0 want: ^4.0.0
437 silly placeDep node_modules/serve color-convert@2.0.1 OK for: ansi-styles@4.3.0 want: ^2.0.1
438 silly fetch manifest color-name@~1.1.4
439 silly packumentCache full:https://registry.npmjs.org/color-name cache-miss
440 http fetch GET 200 https://registry.npmjs.org/color-name 314ms (cache revalidated)
441 silly packumentCache full:https://registry.npmjs.org/color-name set size:19467 disposed:false
442 silly placeDep node_modules/serve color-name@1.1.4 OK for: color-convert@2.0.1 want: ~1.1.4
443 silly reify mark retired [
443 silly reify   '/data/data/com.termux/files/usr/lib/node_modules/serve',
443 silly reify   '/data/data/com.termux/files/usr/bin/serve'
443 silly reify ]
444 silly reify moves {
444 silly reify   '/data/data/com.termux/files/usr/lib/node_modules/serve': '/data/data/com.termux/files/usr/lib/node_modules/.serve-HEIZMPwZ',
444 silly reify   '/data/data/com.termux/files/usr/bin/serve': '/data/data/com.termux/files/usr/bin/.serve-vtrRfR2x'
444 silly reify }
445 http cache serve@https://registry.npmjs.org/serve/-/serve-14.2.6.tgz 0ms (cache hit)
446 http cache wrap-ansi@https://registry.npmjs.org/wrap-ansi/-/wrap-ansi-8.1.0.tgz 0ms (cache hit)
447 http cache type-fest@https://registry.npmjs.org/type-fest/-/type-fest-2.19.0.tgz 0ms (cache hit)
448 http cache @zeit/schemas@https://registry.npmjs.org/@zeit/schemas/-/schemas-2.36.0.tgz 0ms (cache hit)
449 http cache widest-line@https://registry.npmjs.org/widest-line/-/widest-line-4.0.1.tgz 0ms (cache hit)
450 http cache vary@https://registry.npmjs.org/vary/-/vary-1.1.2.tgz 0ms (cache hit)
451 http cache which@https://registry.npmjs.org/which/-/which-2.0.2.tgz 0ms (cache hit)
452 http cache signal-exit@https://registry.npmjs.org/signal-exit/-/signal-exit-3.0.7.tgz 0ms (cache hit)
453 http cache supports-color@https://registry.npmjs.org/supports-color/-/supports-color-7.2.0.tgz 0ms (cache hit)
454 http cache update-check@https://registry.npmjs.org/update-check/-/update-check-1.5.4.tgz 0ms (cache hit)
455 http cache strip-ansi@https://registry.npmjs.org/strip-ansi/-/strip-ansi-7.2.0.tgz 0ms (cache hit)
456 http cache strip-json-comments@https://registry.npmjs.org/strip-json-comments/-/strip-json-comments-2.0.1.tgz 0ms (cache hit)
457 http cache string-width@https://registry.npmjs.org/string-width/-/string-width-5.1.2.tgz 0ms (cache hit)
458 http cache strip-final-newline@https://registry.npmjs.org/strip-final-newline/-/strip-final-newline-2.0.0.tgz 0ms (cache hit)
459 http cache shebang-regex@https://registry.npmjs.org/shebang-regex/-/shebang-regex-3.0.0.tgz 0ms (cache hit)
460 http cache registry-url@https://registry.npmjs.org/registry-url/-/registry-url-3.1.0.tgz 0ms (cache hit)
461 http cache serve-handler@https://registry.npmjs.org/serve-handler/-/serve-handler-6.1.7.tgz 0ms (cache hit)
462 http cache bytes@https://registry.npmjs.org/bytes/-/bytes-3.0.0.tgz 0ms (cache hit)
463 http cache shebang-command@https://registry.npmjs.org/shebang-command/-/shebang-command-2.0.0.tgz 0ms (cache hit)
464 http cache range-parser@https://registry.npmjs.org/range-parser/-/range-parser-1.2.0.tgz 0ms (cache hit)
465 http cache safe-buffer@https://registry.npmjs.org/safe-buffer/-/safe-buffer-5.2.1.tgz 0ms (cache hit)
466 http cache require-from-string@https://registry.npmjs.org/require-from-string/-/require-from-string-2.0.2.tgz 0ms (cache hit)
467 http cache rc@https://registry.npmjs.org/rc/-/rc-1.2.8.tgz 0ms (cache hit)
468 http cache registry-auth-token@https://registry.npmjs.org/registry-auth-token/-/registry-auth-token-3.3.2.tgz 0ms (cache hit)
469 http cache path-to-regexp@https://registry.npmjs.org/path-to-regexp/-/path-to-regexp-3.3.0.tgz 0ms (cache hit)
470 http cache path-is-inside@https://registry.npmjs.org/path-is-inside/-/path-is-inside-1.0.2.tgz 1ms (cache hit)
471 http cache on-headers@https://registry.npmjs.org/on-headers/-/on-headers-1.1.0.tgz 0ms (cache hit)
472 http cache path-key@https://registry.npmjs.org/path-key/-/path-key-3.1.1.tgz 0ms (cache hit)
473 http cache onetime@https://registry.npmjs.org/onetime/-/onetime-5.1.2.tgz 1ms (cache hit)
474 http cache ms@https://registry.npmjs.org/ms/-/ms-2.0.0.tgz 0ms (cache hit)
475 http cache mimic-fn@https://registry.npmjs.org/mimic-fn/-/mimic-fn-2.1.0.tgz 0ms (cache hit)
476 http cache negotiator@https://registry.npmjs.org/negotiator/-/negotiator-0.6.4.tgz 0ms (cache hit)
477 http cache mime-types@https://registry.npmjs.org/mime-types/-/mime-types-2.1.18.tgz 0ms (cache hit)
478 http cache minimatch@https://registry.npmjs.org/minimatch/-/minimatch-3.1.5.tgz 0ms (cache hit)
479 http cache mime-db@https://registry.npmjs.org/mime-db/-/mime-db-1.33.0.tgz 0ms (cache hit)
480 http cache npm-run-path@https://registry.npmjs.org/npm-run-path/-/npm-run-path-4.0.1.tgz 0ms (cache hit)
481 http cache minimist@https://registry.npmjs.org/minimist/-/minimist-1.2.8.tgz 1ms (cache hit)
482 http cache is-wsl@https://registry.npmjs.org/is-wsl/-/is-wsl-2.2.0.tgz 0ms (cache hit)
483 http cache mime-db@https://registry.npmjs.org/mime-db/-/mime-db-1.54.0.tgz 0ms (cache hit)
484 http cache merge-stream@https://registry.npmjs.org/merge-stream/-/merge-stream-2.0.0.tgz 0ms (cache hit)
485 http cache isexe@https://registry.npmjs.org/isexe/-/isexe-2.0.0.tgz 0ms (cache hit)
486 http cache is-port-reachable@https://registry.npmjs.org/is-port-reachable/-/is-port-reachable-4.0.0.tgz 1ms (cache hit)
487 http cache is-stream@https://registry.npmjs.org/is-stream/-/is-stream-2.0.1.tgz 1ms (cache hit)
488 http cache is-fullwidth-code-point@https://registry.npmjs.org/is-fullwidth-code-point/-/is-fullwidth-code-point-3.0.0.tgz 1ms (cache hit)
489 http cache get-stream@https://registry.npmjs.org/get-stream/-/get-stream-6.0.1.tgz 0ms (cache hit)
490 http cache is-docker@https://registry.npmjs.org/is-docker/-/is-docker-2.2.1.tgz 0ms (cache hit)
491 http cache ini@https://registry.npmjs.org/ini/-/ini-1.3.8.tgz 0ms (cache hit)
492 http cache has-flag@https://registry.npmjs.org/has-flag/-/has-flag-4.0.0.tgz 0ms (cache hit)
493 http cache fast-uri@https://registry.npmjs.org/fast-uri/-/fast-uri-3.1.0.tgz 0ms (cache hit)
494 http cache human-signals@https://registry.npmjs.org/human-signals/-/human-signals-2.1.0.tgz 0ms (cache hit)
495 http cache fast-deep-equal@https://registry.npmjs.org/fast-deep-equal/-/fast-deep-equal-3.1.3.tgz 0ms (cache hit)
496 http cache execa@https://registry.npmjs.org/execa/-/execa-5.1.1.tgz 0ms (cache hit)
497 http cache eastasianwidth@https://registry.npmjs.org/eastasianwidth/-/eastasianwidth-0.2.0.tgz 0ms (cache hit)
498 http cache debug@https://registry.npmjs.org/debug/-/debug-2.6.9.tgz 0ms (cache hit)
499 http cache emoji-regex@https://registry.npmjs.org/emoji-regex/-/emoji-regex-9.2.2.tgz 0ms (cache hit)
500 http cache deep-extend@https://registry.npmjs.org/deep-extend/-/deep-extend-0.6.0.tgz 0ms (cache hit)
501 http cache cross-spawn@https://registry.npmjs.org/cross-spawn/-/cross-spawn-7.0.6.tgz 0ms (cache hit)
502 http cache content-disposition@https://registry.npmjs.org/content-disposition/-/content-disposition-0.5.2.tgz 0ms (cache hit)
503 http cache concat-map@https://registry.npmjs.org/concat-map/-/concat-map-0.0.1.tgz 0ms (cache hit)
504 http cache color-name@https://registry.npmjs.org/color-name/-/color-name-1.1.4.tgz 1ms (cache hit)
505 http cache color-convert@https://registry.npmjs.org/color-convert/-/color-convert-2.0.1.tgz 0ms (cache hit)
506 http cache compression@https://registry.npmjs.org/compression/-/compression-1.8.1.tgz 0ms (cache hit)
507 http cache compressible@https://registry.npmjs.org/compressible/-/compressible-2.0.18.tgz 0ms (cache hit)
508 http cache cli-boxes@https://registry.npmjs.org/cli-boxes/-/cli-boxes-3.0.0.tgz 0ms (cache hit)
509 http cache clipboardy@https://registry.npmjs.org/clipboardy/-/clipboardy-3.0.0.tgz 0ms (cache hit)
510 http cache chalk@https://registry.npmjs.org/chalk/-/chalk-4.1.2.tgz 0ms (cache hit)
511 http cache chalk-template@https://registry.npmjs.org/chalk-template/-/chalk-template-0.4.0.tgz 0ms (cache hit)
512 http cache chalk@https://registry.npmjs.org/chalk/-/chalk-5.0.1.tgz 0ms (cache hit)
513 http cache arch@https://registry.npmjs.org/arch/-/arch-2.2.0.tgz 0ms (cache hit)
514 http cache ansi-styles@https://registry.npmjs.org/ansi-styles/-/ansi-styles-4.3.0.tgz 0ms (cache hit)
515 http cache bytes@https://registry.npmjs.org/bytes/-/bytes-3.1.2.tgz 0ms (cache hit)
516 http cache brace-expansion@https://registry.npmjs.org/brace-expansion/-/brace-expansion-1.1.14.tgz 0ms (cache hit)
517 http cache arg@https://registry.npmjs.org/arg/-/arg-5.0.2.tgz 0ms (cache hit)
518 http cache camelcase@https://registry.npmjs.org/camelcase/-/camelcase-7.0.1.tgz 0ms (cache hit)
519 http cache boxen@https://registry.npmjs.org/boxen/-/boxen-7.0.0.tgz 0ms (cache hit)
520 http cache balanced-match@https://registry.npmjs.org/balanced-match/-/balanced-match-1.0.2.tgz 0ms (cache hit)
521 http cache ajv@https://registry.npmjs.org/ajv/-/ajv-8.18.0.tgz 0ms (cache hit)
522 http cache ansi-styles@https://registry.npmjs.org/ansi-styles/-/ansi-styles-6.2.3.tgz 0ms (cache hit)
523 http cache ansi-align@https://registry.npmjs.org/ansi-align/-/ansi-align-3.0.1.tgz 0ms (cache hit)
524 http cache ansi-regex@https://registry.npmjs.org/ansi-regex/-/ansi-regex-6.2.2.tgz 0ms (cache hit)
525 http cache strip-ansi@https://registry.npmjs.org/strip-ansi/-/strip-ansi-6.0.1.tgz 0ms (cache hit)
526 http cache ansi-regex@https://registry.npmjs.org/ansi-regex/-/ansi-regex-5.0.1.tgz 0ms (cache hit)
527 http cache string-width@https://registry.npmjs.org/string-width/-/string-width-4.2.3.tgz 1ms (cache hit)
528 http cache emoji-regex@https://registry.npmjs.org/emoji-regex/-/emoji-regex-8.0.0.tgz 0ms (cache hit)
529 http cache json-schema-traverse@https://registry.npmjs.org/json-schema-traverse/-/json-schema-traverse-1.0.0.tgz 0ms (cache hit)
530 silly CHANGE node_modules/serve
531 silly CHANGE node_modules/serve/node_modules/wrap-ansi
532 silly CHANGE node_modules/serve/node_modules/@zeit/schemas
533 silly CHANGE node_modules/serve/node_modules/type-fest
534 silly CHANGE node_modules/serve/node_modules/update-check
535 silly CHANGE node_modules/serve/node_modules/widest-line
536 silly CHANGE node_modules/serve/node_modules/which
537 silly CHANGE node_modules/serve/node_modules/vary
538 silly CHANGE node_modules/serve/node_modules/signal-exit
539 silly CHANGE node_modules/serve/node_modules/strip-ansi
540 silly CHANGE node_modules/serve/node_modules/supports-color
541 silly CHANGE node_modules/serve/node_modules/strip-json-comments
542 silly CHANGE node_modules/serve/node_modules/strip-final-newline
543 silly CHANGE node_modules/serve/node_modules/shebang-regex
544 silly CHANGE node_modules/serve/node_modules/string-width
545 silly CHANGE node_modules/serve/node_modules/registry-url
546 silly CHANGE node_modules/serve/node_modules/serve-handler
547 silly CHANGE node_modules/serve/node_modules/serve-handler/node_modules/bytes
548 silly CHANGE node_modules/serve/node_modules/shebang-command
549 silly CHANGE node_modules/serve/node_modules/safe-buffer
550 silly CHANGE node_modules/serve/node_modules/range-parser
551 silly CHANGE node_modules/serve/node_modules/rc
552 silly CHANGE node_modules/serve/node_modules/require-from-string
553 silly CHANGE node_modules/serve/node_modules/path-to-regexp
554 silly CHANGE node_modules/serve/node_modules/registry-auth-token
555 silly CHANGE node_modules/serve/node_modules/on-headers
556 silly CHANGE node_modules/serve/node_modules/path-is-inside
557 silly CHANGE node_modules/serve/node_modules/onetime
558 silly CHANGE node_modules/serve/node_modules/path-key
559 silly CHANGE node_modules/serve/node_modules/mimic-fn
560 silly CHANGE node_modules/serve/node_modules/ms
561 silly CHANGE node_modules/serve/node_modules/mime-types
562 silly CHANGE node_modules/serve/node_modules/mime-types/node_modules/mime-db
563 silly CHANGE node_modules/serve/node_modules/negotiator
564 silly CHANGE node_modules/serve/node_modules/npm-run-path
565 silly CHANGE node_modules/serve/node_modules/minimatch
566 silly CHANGE node_modules/serve/node_modules/minimist
567 silly CHANGE node_modules/serve/node_modules/mime-db
568 silly CHANGE node_modules/serve/node_modules/merge-stream
569 silly CHANGE node_modules/serve/node_modules/is-wsl
570 silly CHANGE node_modules/serve/node_modules/isexe
571 silly CHANGE node_modules/serve/node_modules/json-schema-traverse
572 silly CHANGE node_modules/serve/node_modules/is-stream
573 silly CHANGE node_modules/serve/node_modules/is-port-reachable
574 silly CHANGE node_modules/serve/node_modules/is-fullwidth-code-point
575 silly CHANGE node_modules/serve/node_modules/get-stream
576 silly CHANGE node_modules/serve/node_modules/is-docker
577 silly CHANGE node_modules/serve/node_modules/ini
578 silly CHANGE node_modules/serve/node_modules/has-flag
579 silly CHANGE node_modules/serve/node_modules/fast-deep-equal
580 silly CHANGE node_modules/serve/node_modules/human-signals
581 silly CHANGE node_modules/serve/node_modules/fast-uri
582 silly CHANGE node_modules/serve/node_modules/execa
583 silly CHANGE node_modules/serve/node_modules/debug
584 silly CHANGE node_modules/serve/node_modules/emoji-regex
585 silly CHANGE node_modules/serve/node_modules/eastasianwidth
586 silly CHANGE node_modules/serve/node_modules/deep-extend
587 silly CHANGE node_modules/serve/node_modules/cross-spawn
588 silly CHANGE node_modules/serve/node_modules/concat-map
589 silly CHANGE node_modules/serve/node_modules/content-disposition
590 silly CHANGE node_modules/serve/node_modules/color-convert
591 silly CHANGE node_modules/serve/node_modules/color-name
592 silly CHANGE node_modules/serve/node_modules/compressible
593 silly CHANGE node_modules/serve/node_modules/compression
594 silly CHANGE node_modules/serve/node_modules/clipboardy
595 silly CHANGE node_modules/serve/node_modules/cli-boxes
596 silly CHANGE node_modules/serve/node_modules/chalk-template
597 silly CHANGE node_modules/serve/node_modules/chalk-template/node_modules/chalk
598 silly CHANGE node_modules/serve/node_modules/chalk-template/node_modules/ansi-styles
599 silly CHANGE node_modules/serve/node_modules/chalk
600 silly CHANGE node_modules/serve/node_modules/bytes
601 silly CHANGE node_modules/serve/node_modules/arch
602 silly CHANGE node_modules/serve/node_modules/brace-expansion
603 silly CHANGE node_modules/serve/node_modules/camelcase
604 silly CHANGE node_modules/serve/node_modules/boxen
605 silly CHANGE node_modules/serve/node_modules/arg
606 silly CHANGE node_modules/serve/node_modules/balanced-match
607 silly CHANGE node_modules/serve/node_modules/ansi-styles
608 silly CHANGE node_modules/serve/node_modules/ansi-regex
609 silly CHANGE node_modules/serve/node_modules/ajv
610 silly CHANGE node_modules/serve/node_modules/ansi-align
611 silly CHANGE node_modules/serve/node_modules/ansi-align/node_modules/ansi-regex
612 silly CHANGE node_modules/serve/node_modules/ansi-align/node_modules/strip-ansi
613 silly CHANGE node_modules/serve/node_modules/ansi-align/node_modules/emoji-regex
614 silly CHANGE node_modules/serve/node_modules/ansi-align/node_modules/string-width
615 verbose cwd /data/data/com.termux/files/home
616 verbose os Linux 5.4.233-android12-9-660861-g21cba50d06d5-ab550
617 verbose node v24.14.1
618 verbose npm  v11.13.0
619 verbose exit 0
620 info ok
