0 verbose cli /data/data/com.termux/files/usr/bin/node /data/data/com.termux/files/usr/bin/npm
1 info using npm@11.13.0
2 info using node@v24.14.1
3 silly config load:file:/data/data/com.termux/files/usr/lib/node_modules/npm/npmrc
4 silly config load:file:/data/data/com.termux/files/home/.npmrc
5 silly config load:file:/data/data/com.termux/files/usr/etc/npmrc
6 verbose title npm install serve
7 verbose argv "install" "--global" "serve"
8 verbose logfile logs-max:10 dir:/data/data/com.termux/files/home/.npm/_logs/2026-05-03T22_37_10_580Z-
9 verbose logfile /data/data/com.termux/files/home/.npm/_logs/2026-05-03T22_37_10_580Z-debug-0.log
10 silly packumentCache heap:1089470464 maxSize:272367616 maxEntrySize:136183808
11 silly logfile start cleaning logs, removing 1 files
12 silly logfile done cleaning log files
13 silly idealTree buildDeps
14 silly fetch manifest serve@*
15 silly packumentCache full:https://registry.npmjs.org/serve cache-miss
16 http fetch GET 200 https://registry.npmjs.org/serve 1200ms (cache miss)
17 silly packumentCache full:https://registry.npmjs.org/serve set size:undefined disposed:false
18 silly placeDep ROOT serve@14.2.6 OK for:  want: *
19 silly fetch manifest @zeit/schemas@2.36.0
20 silly packumentCache full:https://registry.npmjs.org/@zeit%2fschemas cache-miss
21 silly fetch manifest ajv@8.18.0
22 silly packumentCache full:https://registry.npmjs.org/ajv cache-miss
23 silly fetch manifest arg@5.0.2
24 silly packumentCache full:https://registry.npmjs.org/arg cache-miss
25 silly fetch manifest boxen@7.0.0
26 silly packumentCache full:https://registry.npmjs.org/boxen cache-miss
27 silly fetch manifest chalk@5.0.1
28 silly packumentCache full:https://registry.npmjs.org/chalk cache-miss
29 silly fetch manifest chalk-template@0.4.0
30 silly packumentCache full:https://registry.npmjs.org/chalk-template cache-miss
31 silly fetch manifest clipboardy@3.0.0
32 silly packumentCache full:https://registry.npmjs.org/clipboardy cache-miss
33 http fetch GET 200 https://registry.npmjs.org/ajv 506ms (cache miss)
34 silly packumentCache full:https://registry.npmjs.org/ajv set size:undefined disposed:false
35 silly fetch manifest compression@1.8.1
36 silly packumentCache full:https://registry.npmjs.org/compression cache-miss
37 http fetch GET 200 https://registry.npmjs.org/compression 269ms (cache miss)
38 silly packumentCache full:https://registry.npmjs.org/compression set size:undefined disposed:false
39 silly fetch manifest is-port-reachable@4.0.0
40 silly packumentCache full:https://registry.npmjs.org/is-port-reachable cache-miss
41 http fetch GET 200 https://registry.npmjs.org/clipboardy 951ms (cache miss)
42 silly packumentCache full:https://registry.npmjs.org/clipboardy set size:undefined disposed:false
43 silly fetch manifest serve-handler@6.1.7
44 silly packumentCache full:https://registry.npmjs.org/serve-handler cache-miss
45 http fetch GET 200 https://registry.npmjs.org/chalk-template 963ms (cache miss)
46 silly packumentCache full:https://registry.npmjs.org/chalk-template set size:undefined disposed:false
47 silly fetch manifest update-check@1.5.4
48 silly packumentCache full:https://registry.npmjs.org/update-check cache-miss
49 http fetch GET 200 https://registry.npmjs.org/arg 986ms (cache miss)
50 silly packumentCache full:https://registry.npmjs.org/arg set size:undefined disposed:false
51 http fetch GET 200 https://registry.npmjs.org/boxen 992ms (cache miss)
52 silly packumentCache full:https://registry.npmjs.org/boxen set size:undefined disposed:false
53 http fetch GET 200 https://registry.npmjs.org/chalk 1002ms (cache miss)
54 silly packumentCache full:https://registry.npmjs.org/chalk set size:undefined disposed:false
55 http fetch GET 200 https://registry.npmjs.org/@zeit%2fschemas 1147ms (cache miss)
56 silly packumentCache full:https://registry.npmjs.org/@zeit%2fschemas set size:undefined disposed:false
57 http fetch GET 200 https://registry.npmjs.org/is-port-reachable 397ms (cache miss)
58 silly packumentCache full:https://registry.npmjs.org/is-port-reachable set size:undefined disposed:false
59 http fetch GET 200 https://registry.npmjs.org/update-check 387ms (cache miss)
60 silly packumentCache full:https://registry.npmjs.org/update-check set size:undefined disposed:false
61 http fetch GET 200 https://registry.npmjs.org/serve-handler 469ms (cache miss)
62 silly packumentCache full:https://registry.npmjs.org/serve-handler set size:undefined disposed:false
63 silly placeDep node_modules/serve @zeit/schemas@2.36.0 OK for: serve@14.2.6 want: 2.36.0
64 silly placeDep node_modules/serve ajv@8.18.0 OK for: serve@14.2.6 want: 8.18.0
65 silly placeDep node_modules/serve arg@5.0.2 OK for: serve@14.2.6 want: 5.0.2
66 silly placeDep node_modules/serve boxen@7.0.0 OK for: serve@14.2.6 want: 7.0.0
67 silly placeDep node_modules/serve chalk@5.0.1 OK for: serve@14.2.6 want: 5.0.1
68 silly placeDep node_modules/serve chalk-template@0.4.0 OK for: serve@14.2.6 want: 0.4.0
69 silly placeDep node_modules/serve clipboardy@3.0.0 OK for: serve@14.2.6 want: 3.0.0
70 silly placeDep node_modules/serve compression@1.8.1 OK for: serve@14.2.6 want: 1.8.1
71 silly placeDep node_modules/serve is-port-reachable@4.0.0 OK for: serve@14.2.6 want: 4.0.0
72 silly placeDep node_modules/serve serve-handler@6.1.7 OK for: serve@14.2.6 want: 6.1.7
73 silly placeDep node_modules/serve update-check@1.5.4 OK for: serve@14.2.6 want: 1.5.4
74 silly fetch manifest fast-uri@^3.0.1
75 silly packumentCache full:https://registry.npmjs.org/fast-uri cache-miss
76 silly fetch manifest fast-deep-equal@^3.1.3
77 silly packumentCache full:https://registry.npmjs.org/fast-deep-equal cache-miss
78 silly fetch manifest require-from-string@^2.0.2
79 silly packumentCache full:https://registry.npmjs.org/require-from-string cache-miss
80 silly fetch manifest json-schema-traverse@^1.0.0
81 silly packumentCache full:https://registry.npmjs.org/json-schema-traverse cache-miss
82 silly fetch manifest chalk@^5.0.1
83 silly packumentCache full:https://registry.npmjs.org/chalk cache-miss
84 silly fetch manifest camelcase@^7.0.0
85 silly packumentCache full:https://registry.npmjs.org/camelcase cache-miss
86 silly fetch manifest cli-boxes@^3.0.0
87 silly packumentCache full:https://registry.npmjs.org/cli-boxes cache-miss
88 http cache https://registry.npmjs.org/chalk 55ms (cache hit)
89 silly packumentCache full:https://registry.npmjs.org/chalk set size:117861 disposed:false
90 silly fetch manifest type-fest@^2.13.0
91 silly packumentCache full:https://registry.npmjs.org/type-fest cache-miss
92 http fetch GET 200 https://registry.npmjs.org/cli-boxes 291ms (cache miss)
93 silly packumentCache full:https://registry.npmjs.org/cli-boxes set size:undefined disposed:false
94 silly fetch manifest wrap-ansi@^8.0.1
95 silly packumentCache full:https://registry.npmjs.org/wrap-ansi cache-miss
96 http fetch GET 200 https://registry.npmjs.org/require-from-string 308ms (cache miss)
97 silly packumentCache full:https://registry.npmjs.org/require-from-string set size:undefined disposed:false
98 silly fetch manifest ansi-align@^3.0.1
99 silly packumentCache full:https://registry.npmjs.org/ansi-align cache-miss
100 http fetch GET 200 https://registry.npmjs.org/json-schema-traverse 313ms (cache miss)
101 silly packumentCache full:https://registry.npmjs.org/json-schema-traverse set size:undefined disposed:false
102 silly fetch manifest widest-line@^4.0.1
103 silly packumentCache full:https://registry.npmjs.org/widest-line cache-miss
104 http fetch GET 200 https://registry.npmjs.org/fast-uri 335ms (cache miss)
105 silly packumentCache full:https://registry.npmjs.org/fast-uri set size:undefined disposed:false
106 silly fetch manifest string-width@^5.1.2
107 silly packumentCache full:https://registry.npmjs.org/string-width cache-miss
108 http fetch GET 200 https://registry.npmjs.org/fast-deep-equal 351ms (cache miss)
109 silly packumentCache full:https://registry.npmjs.org/fast-deep-equal set size:undefined disposed:false
110 silly fetch manifest chalk@^4.1.2
111 silly packumentCache full:https://registry.npmjs.org/chalk cache-hit
112 silly fetch manifest arch@^2.2.0
113 silly packumentCache full:https://registry.npmjs.org/arch cache-miss
114 http fetch GET 200 https://registry.npmjs.org/camelcase 360ms (cache miss)
115 silly packumentCache full:https://registry.npmjs.org/camelcase set size:undefined disposed:false
116 silly fetch manifest execa@^5.1.1
117 silly packumentCache full:https://registry.npmjs.org/execa cache-miss
118 http fetch GET 200 https://registry.npmjs.org/type-fest 436ms (cache miss)
119 silly packumentCache full:https://registry.npmjs.org/type-fest set size:undefined disposed:false
120 silly fetch manifest is-wsl@^2.2.0
121 silly packumentCache full:https://registry.npmjs.org/is-wsl cache-miss
122 http fetch GET 200 https://registry.npmjs.org/string-width 247ms (cache miss)
123 silly packumentCache full:https://registry.npmjs.org/string-width set size:undefined disposed:false
124 silly fetch manifest vary@~1.1.2
125 silly packumentCache full:https://registry.npmjs.org/vary cache-miss
126 http fetch GET 200 https://registry.npmjs.org/ansi-align 299ms (cache miss)
127 silly packumentCache full:https://registry.npmjs.org/ansi-align set size:undefined disposed:false
128 silly fetch manifest bytes@3.1.2
129 silly packumentCache full:https://registry.npmjs.org/bytes cache-miss
130 http fetch GET 200 https://registry.npmjs.org/wrap-ansi 323ms (cache miss)
131 silly packumentCache full:https://registry.npmjs.org/wrap-ansi set size:undefined disposed:false
132 silly fetch manifest debug@2.6.9
133 silly packumentCache full:https://registry.npmjs.org/debug cache-miss
134 http fetch GET 200 https://registry.npmjs.org/arch 295ms (cache miss)
135 silly packumentCache full:https://registry.npmjs.org/arch set size:undefined disposed:false
136 silly fetch manifest negotiator@~0.6.4
137 silly packumentCache full:https://registry.npmjs.org/negotiator cache-miss
138 http fetch GET 200 https://registry.npmjs.org/execa 308ms (cache miss)
139 silly packumentCache full:https://registry.npmjs.org/execa set size:undefined disposed:false
140 silly fetch manifest on-headers@~1.1.0
141 silly packumentCache full:https://registry.npmjs.org/on-headers cache-miss
142 http fetch GET 200 https://registry.npmjs.org/is-wsl 241ms (cache miss)
143 silly packumentCache full:https://registry.npmjs.org/is-wsl set size:undefined disposed:false
144 silly fetch manifest safe-buffer@5.2.1
145 silly packumentCache full:https://registry.npmjs.org/safe-buffer cache-miss
146 http fetch GET 200 https://registry.npmjs.org/vary 238ms (cache miss)
147 silly packumentCache full:https://registry.npmjs.org/vary set size:undefined disposed:false
148 silly fetch manifest compressible@~2.0.18
149 silly packumentCache full:https://registry.npmjs.org/compressible cache-miss
150 http fetch GET 200 https://registry.npmjs.org/bytes 246ms (cache miss)
151 silly packumentCache full:https://registry.npmjs.org/bytes set size:undefined disposed:false
152 silly fetch manifest bytes@3.0.0
153 silly packumentCache full:https://registry.npmjs.org/bytes cache-miss
154 http cache https://registry.npmjs.org/bytes 23ms (cache hit)
155 silly packumentCache full:https://registry.npmjs.org/bytes set size:37018 disposed:false
156 silly fetch manifest content-disposition@0.5.2
157 silly packumentCache full:https://registry.npmjs.org/content-disposition cache-miss
158 http fetch GET 200 https://registry.npmjs.org/negotiator 241ms (cache miss)
159 silly packumentCache full:https://registry.npmjs.org/negotiator set size:undefined disposed:false
160 silly fetch manifest mime-types@2.1.18
161 silly packumentCache full:https://registry.npmjs.org/mime-types cache-miss
162 http fetch GET 200 https://registry.npmjs.org/debug 303ms (cache revalidated)
163 silly packumentCache full:https://registry.npmjs.org/debug set size:195840 disposed:false
164 silly fetch manifest minimatch@3.1.5
165 silly packumentCache full:https://registry.npmjs.org/minimatch cache-miss
166 http fetch GET 200 https://registry.npmjs.org/on-headers 262ms (cache miss)
167 silly packumentCache full:https://registry.npmjs.org/on-headers set size:undefined disposed:false
168 silly fetch manifest path-is-inside@1.0.2
169 silly packumentCache full:https://registry.npmjs.org/path-is-inside cache-miss
170 http fetch GET 200 https://registry.npmjs.org/safe-buffer 251ms (cache revalidated)
171 silly packumentCache full:https://registry.npmjs.org/safe-buffer set size:41183 disposed:false
172 silly fetch manifest path-to-regexp@3.3.0
173 silly packumentCache full:https://registry.npmjs.org/path-to-regexp cache-miss
174 http fetch GET 200 https://registry.npmjs.org/widest-line 734ms (cache miss)
175 silly packumentCache full:https://registry.npmjs.org/widest-line set size:undefined disposed:false
176 silly fetch manifest range-parser@1.2.0
177 silly packumentCache full:https://registry.npmjs.org/range-parser cache-miss
178 http fetch GET 200 https://registry.npmjs.org/compressible 262ms (cache miss)
179 silly packumentCache full:https://registry.npmjs.org/compressible set size:undefined disposed:false
180 silly fetch manifest registry-auth-token@3.3.2
181 silly packumentCache full:https://registry.npmjs.org/registry-auth-token cache-miss
182 http fetch GET 200 https://registry.npmjs.org/content-disposition 252ms (cache miss)
183 silly packumentCache full:https://registry.npmjs.org/content-disposition set size:undefined disposed:false
184 silly fetch manifest registry-url@3.1.0
185 silly packumentCache full:https://registry.npmjs.org/registry-url cache-miss
186 http fetch GET 200 https://registry.npmjs.org/mime-types 266ms (cache revalidated)
187 silly packumentCache full:https://registry.npmjs.org/mime-types set size:139110 disposed:false
188 http fetch GET 200 https://registry.npmjs.org/path-is-inside 243ms (cache miss)
189 silly packumentCache full:https://registry.npmjs.org/path-is-inside set size:undefined disposed:false
190 http fetch GET 200 https://registry.npmjs.org/minimatch 355ms (cache miss)
191 silly packumentCache full:https://registry.npmjs.org/minimatch set size:undefined disposed:false
192 http fetch GET 200 https://registry.npmjs.org/range-parser 266ms (cache miss)
193 silly packumentCache full:https://registry.npmjs.org/range-parser set size:undefined disposed:false
194 http fetch GET 200 https://registry.npmjs.org/path-to-regexp 294ms (cache miss)
195 silly packumentCache full:https://registry.npmjs.org/path-to-regexp set size:undefined disposed:false
196 http fetch GET 200 https://registry.npmjs.org/registry-url 286ms (cache miss)
197 silly packumentCache full:https://registry.npmjs.org/registry-url set size:undefined disposed:false
198 http fetch GET 200 https://registry.npmjs.org/registry-auth-token 340ms (cache miss)
199 silly packumentCache full:https://registry.npmjs.org/registry-auth-token set size:undefined disposed:false
200 silly placeDep node_modules/serve fast-deep-equal@3.1.3 OK for: ajv@8.18.0 want: ^3.1.3
201 silly placeDep node_modules/serve fast-uri@3.1.0 OK for: ajv@8.18.0 want: ^3.0.1
202 silly placeDep node_modules/serve json-schema-traverse@1.0.0 OK for: ajv@8.18.0 want: ^1.0.0
203 silly placeDep node_modules/serve require-from-string@2.0.2 OK for: ajv@8.18.0 want: ^2.0.2
204 silly placeDep node_modules/serve ansi-align@3.0.1 OK for: boxen@7.0.0 want: ^3.0.1
205 silly placeDep node_modules/serve camelcase@7.0.1 OK for: boxen@7.0.0 want: ^7.0.0
206 silly placeDep node_modules/serve cli-boxes@3.0.0 OK for: boxen@7.0.0 want: ^3.0.0
207 silly placeDep node_modules/serve string-width@5.1.2 OK for: boxen@7.0.0 want: ^5.1.2
208 silly placeDep node_modules/serve type-fest@2.19.0 OK for: boxen@7.0.0 want: ^2.13.0
209 silly placeDep node_modules/serve widest-line@4.0.1 OK for: boxen@7.0.0 want: ^4.0.1
210 silly placeDep node_modules/serve wrap-ansi@8.1.0 OK for: boxen@7.0.0 want: ^8.0.1
211 silly fetch manifest string-width@^4.1.0
212 silly packumentCache full:https://registry.npmjs.org/string-width cache-miss
213 silly fetch manifest strip-ansi@^7.0.1
214 silly packumentCache full:https://registry.npmjs.org/strip-ansi cache-miss
215 silly fetch manifest emoji-regex@^9.2.2
216 silly packumentCache full:https://registry.npmjs.org/emoji-regex cache-miss
217 silly fetch manifest eastasianwidth@^0.2.0
218 silly packumentCache full:https://registry.npmjs.org/eastasianwidth cache-miss
219 silly fetch manifest strip-ansi@^7.0.1
220 silly packumentCache full:https://registry.npmjs.org/strip-ansi cache-miss
221 silly fetch manifest ansi-styles@^6.1.0
222 silly packumentCache full:https://registry.npmjs.org/ansi-styles cache-miss
223 http cache https://registry.npmjs.org/string-width 39ms (cache hit)
224 silly packumentCache full:https://registry.npmjs.org/string-width set size:70381 disposed:false
225 http fetch GET 200 https://registry.npmjs.org/eastasianwidth 257ms (cache miss)
226 silly packumentCache full:https://registry.npmjs.org/eastasianwidth set size:undefined disposed:false
227 http fetch GET 200 https://registry.npmjs.org/strip-ansi 265ms (cache miss)
228 silly packumentCache full:https://registry.npmjs.org/strip-ansi set size:undefined disposed:false
229 http fetch GET 200 https://registry.npmjs.org/strip-ansi 264ms (cache miss)
230 silly packumentCache full:https://registry.npmjs.org/strip-ansi set size:undefined disposed:false
231 http fetch GET 200 https://registry.npmjs.org/ansi-styles 297ms (cache miss)
232 silly packumentCache full:https://registry.npmjs.org/ansi-styles set size:undefined disposed:false
233 http fetch GET 200 https://registry.npmjs.org/emoji-regex 310ms (cache miss)
234 silly packumentCache full:https://registry.npmjs.org/emoji-regex set size:undefined disposed:false
235 silly placeDep node_modules/serve/node_modules/ansi-align string-width@4.2.3 OK for: ansi-align@3.0.1 want: ^4.1.0
236 silly fetch manifest strip-ansi@^6.0.1
237 silly packumentCache full:https://registry.npmjs.org/strip-ansi cache-miss
238 silly fetch manifest emoji-regex@^8.0.0
239 silly packumentCache full:https://registry.npmjs.org/emoji-regex cache-miss
240 silly fetch manifest is-fullwidth-code-point@^3.0.0
241 silly packumentCache full:https://registry.npmjs.org/is-fullwidth-code-point cache-miss
242 http cache https://registry.npmjs.org/strip-ansi 22ms (cache hit)
243 silly packumentCache full:https://registry.npmjs.org/strip-ansi set size:44998 disposed:false
244 http cache https://registry.npmjs.org/emoji-regex 26ms (cache hit)
245 silly packumentCache full:https://registry.npmjs.org/emoji-regex set size:89064 disposed:false
246 http fetch GET 200 https://registry.npmjs.org/is-fullwidth-code-point 253ms (cache miss)
247 silly packumentCache full:https://registry.npmjs.org/is-fullwidth-code-point set size:undefined disposed:false
248 silly placeDep node_modules/serve/node_modules/chalk-template chalk@4.1.2 OK for: chalk-template@0.4.0 want: ^4.1.2
249 silly fetch manifest ansi-styles@^4.1.0
250 silly packumentCache full:https://registry.npmjs.org/ansi-styles cache-miss
251 silly fetch manifest supports-color@^7.1.0
252 silly packumentCache full:https://registry.npmjs.org/supports-color cache-miss
253 http cache https://registry.npmjs.org/ansi-styles 24ms (cache hit)
254 silly packumentCache full:https://registry.npmjs.org/ansi-styles set size:63233 disposed:false
255 http fetch GET 200 https://registry.npmjs.org/supports-color 262ms (cache miss)
256 silly packumentCache full:https://registry.npmjs.org/supports-color set size:undefined disposed:false
257 silly placeDep node_modules/serve arch@2.2.0 OK for: clipboardy@3.0.0 want: ^2.2.0
258 silly placeDep node_modules/serve execa@5.1.1 OK for: clipboardy@3.0.0 want: ^5.1.1
259 silly placeDep node_modules/serve is-wsl@2.2.0 OK for: clipboardy@3.0.0 want: ^2.2.0
260 silly fetch manifest onetime@^5.1.2
261 silly packumentCache full:https://registry.npmjs.org/onetime cache-miss
262 silly fetch manifest is-stream@^2.0.0
263 silly packumentCache full:https://registry.npmjs.org/is-stream cache-miss
264 silly fetch manifest get-stream@^6.0.0
265 silly packumentCache full:https://registry.npmjs.org/get-stream cache-miss
266 silly fetch manifest cross-spawn@^7.0.3
267 silly packumentCache full:https://registry.npmjs.org/cross-spawn cache-miss
268 silly fetch manifest signal-exit@^3.0.3
269 silly packumentCache full:https://registry.npmjs.org/signal-exit cache-miss
270 silly fetch manifest merge-stream@^2.0.0
271 silly packumentCache full:https://registry.npmjs.org/merge-stream cache-miss
272 silly fetch manifest npm-run-path@^4.0.1
273 silly packumentCache full:https://registry.npmjs.org/npm-run-path cache-miss
274 http fetch GET 200 https://registry.npmjs.org/is-stream 281ms (cache miss)
275 silly packumentCache full:https://registry.npmjs.org/is-stream set size:undefined disposed:false
276 silly fetch manifest human-signals@^2.1.0
277 silly packumentCache full:https://registry.npmjs.org/human-signals cache-miss
278 http fetch GET 200 https://registry.npmjs.org/onetime 303ms (cache miss)
279 silly packumentCache full:https://registry.npmjs.org/onetime set size:undefined disposed:false
280 silly fetch manifest strip-final-newline@^2.0.0
281 silly packumentCache full:https://registry.npmjs.org/strip-final-newline cache-miss
282 http fetch GET 200 https://registry.npmjs.org/get-stream 312ms (cache miss)
283 silly packumentCache full:https://registry.npmjs.org/get-stream set size:undefined disposed:false
284 silly fetch manifest is-docker@^2.0.0
285 silly packumentCache full:https://registry.npmjs.org/is-docker cache-miss
286 http fetch GET 200 https://registry.npmjs.org/npm-run-path 317ms (cache miss)
287 silly packumentCache full:https://registry.npmjs.org/npm-run-path set size:undefined disposed:false
288 http fetch GET 200 https://registry.npmjs.org/merge-stream 325ms (cache miss)
289 silly packumentCache full:https://registry.npmjs.org/merge-stream set size:undefined disposed:false
290 http fetch GET 200 https://registry.npmjs.org/signal-exit 331ms (cache miss)
291 silly packumentCache full:https://registry.npmjs.org/signal-exit set size:undefined disposed:false
292 http fetch GET 200 https://registry.npmjs.org/cross-spawn 340ms (cache miss)
293 silly packumentCache full:https://registry.npmjs.org/cross-spawn set size:undefined disposed:false
294 http fetch GET 200 https://registry.npmjs.org/strip-final-newline 252ms (cache miss)
295 silly packumentCache full:https://registry.npmjs.org/strip-final-newline set size:undefined disposed:false
296 http fetch GET 200 https://registry.npmjs.org/human-signals 276ms (cache miss)
297 silly packumentCache full:https://registry.npmjs.org/human-signals set size:undefined disposed:false
298 http fetch GET 200 https://registry.npmjs.org/is-docker 247ms (cache miss)
299 silly packumentCache full:https://registry.npmjs.org/is-docker set size:undefined disposed:false
300 silly placeDep node_modules/serve bytes@3.1.2 OK for: compression@1.8.1 want: 3.1.2
301 silly placeDep node_modules/serve compressible@2.0.18 OK for: compression@1.8.1 want: ~2.0.18
302 silly placeDep node_modules/serve debug@2.6.9 OK for: compression@1.8.1 want: 2.6.9
303 silly placeDep node_modules/serve negotiator@0.6.4 OK for: compression@1.8.1 want: ~0.6.4
304 silly placeDep node_modules/serve on-headers@1.1.0 OK for: compression@1.8.1 want: ~1.1.0
305 silly placeDep node_modules/serve safe-buffer@5.2.1 OK for: compression@1.8.1 want: 5.2.1
306 silly placeDep node_modules/serve vary@1.1.2 OK for: compression@1.8.1 want: ~1.1.2
307 silly fetch manifest mime-db@>= 1.43.0 < 2
308 silly packumentCache full:https://registry.npmjs.org/mime-db cache-miss
309 silly fetch manifest ms@2.0.0
310 silly packumentCache full:https://registry.npmjs.org/ms cache-miss
311 http fetch GET 200 https://registry.npmjs.org/ms 266ms (cache revalidated)
312 silly packumentCache full:https://registry.npmjs.org/ms set size:92208 disposed:false
313 http fetch GET 200 https://registry.npmjs.org/mime-db 278ms (cache revalidated)
314 silly packumentCache full:https://registry.npmjs.org/mime-db set size:164953 disposed:false
315 silly placeDep node_modules/serve mime-db@1.54.0 OK for: compressible@2.0.18 want: >= 1.43.0 < 2
316 silly placeDep node_modules/serve ms@2.0.0 OK for: debug@2.6.9 want: 2.0.0
317 silly placeDep node_modules/serve cross-spawn@7.0.6 OK for: execa@5.1.1 want: ^7.0.3
318 silly placeDep node_modules/serve get-stream@6.0.1 OK for: execa@5.1.1 want: ^6.0.0
319 silly placeDep node_modules/serve human-signals@2.1.0 OK for: execa@5.1.1 want: ^2.1.0
320 silly placeDep node_modules/serve is-stream@2.0.1 OK for: execa@5.1.1 want: ^2.0.0
321 silly placeDep node_modules/serve merge-stream@2.0.0 OK for: execa@5.1.1 want: ^2.0.0
322 silly placeDep node_modules/serve npm-run-path@4.0.1 OK for: execa@5.1.1 want: ^4.0.1
323 silly placeDep node_modules/serve onetime@5.1.2 OK for: execa@5.1.1 want: ^5.1.2
324 silly placeDep node_modules/serve signal-exit@3.0.7 OK for: execa@5.1.1 want: ^3.0.3
325 silly placeDep node_modules/serve strip-final-newline@2.0.0 OK for: execa@5.1.1 want: ^2.0.0
326 silly fetch manifest which@^2.0.1
327 silly packumentCache full:https://registry.npmjs.org/which cache-miss
328 silly fetch manifest path-key@^3.1.0
329 silly packumentCache full:https://registry.npmjs.org/path-key cache-miss
330 silly fetch manifest shebang-command@^2.0.0
331 silly packumentCache full:https://registry.npmjs.org/shebang-command cache-miss
332 silly fetch manifest path-key@^3.0.0
333 silly packumentCache full:https://registry.npmjs.org/path-key cache-miss
334 silly fetch manifest mimic-fn@^2.1.0
335 silly packumentCache full:https://registry.npmjs.org/mimic-fn cache-miss
336 http fetch GET 200 https://registry.npmjs.org/mimic-fn 268ms (cache miss)
337 silly packumentCache full:https://registry.npmjs.org/mimic-fn set size:undefined disposed:false
338 http fetch GET 200 https://registry.npmjs.org/shebang-command 277ms (cache miss)
339 silly packumentCache full:https://registry.npmjs.org/shebang-command set size:undefined disposed:false
340 http fetch GET 200 https://registry.npmjs.org/path-key 282ms (cache miss)
341 silly packumentCache full:https://registry.npmjs.org/path-key set size:undefined disposed:false
342 http fetch GET 200 https://registry.npmjs.org/which 290ms (cache miss)
343 silly packumentCache full:https://registry.npmjs.org/which set size:undefined disposed:false
344 http fetch GET 200 https://registry.npmjs.org/path-key 296ms (cache miss)
345 silly packumentCache full:https://registry.npmjs.org/path-key set size:undefined disposed:false
346 silly placeDep node_modules/serve path-key@3.1.1 OK for: cross-spawn@7.0.6 want: ^3.1.0
347 silly placeDep node_modules/serve shebang-command@2.0.0 OK for: cross-spawn@7.0.6 want: ^2.0.0
348 silly placeDep node_modules/serve which@2.0.2 OK for: cross-spawn@7.0.6 want: ^2.0.1
349 silly fetch manifest shebang-regex@^3.0.0
350 silly packumentCache full:https://registry.npmjs.org/shebang-regex cache-miss
351 silly fetch manifest isexe@^2.0.0
352 silly packumentCache full:https://registry.npmjs.org/isexe cache-miss
353 http fetch GET 200 https://registry.npmjs.org/shebang-regex 286ms (cache miss)
354 silly packumentCache full:https://registry.npmjs.org/shebang-regex set size:undefined disposed:false
355 http fetch GET 200 https://registry.npmjs.org/isexe 289ms (cache miss)
356 silly packumentCache full:https://registry.npmjs.org/isexe set size:undefined disposed:false
357 silly placeDep node_modules/serve is-docker@2.2.1 OK for: is-wsl@2.2.0 want: ^2.0.0
358 silly placeDep node_modules/serve mimic-fn@2.1.0 OK for: onetime@5.1.2 want: ^2.1.0
359 silly placeDep node_modules/serve/node_modules/serve-handler bytes@3.0.0 OK for: serve-handler@6.1.7 want: 3.0.0
360 silly placeDep node_modules/serve content-disposition@0.5.2 OK for: serve-handler@6.1.7 want: 0.5.2
361 silly placeDep node_modules/serve mime-types@2.1.18 OK for: serve-handler@6.1.7 want: 2.1.18
362 silly placeDep node_modules/serve minimatch@3.1.5 OK for: serve-handler@6.1.7 want: 3.1.5
363 silly placeDep node_modules/serve path-is-inside@1.0.2 OK for: serve-handler@6.1.7 want: 1.0.2
364 silly placeDep node_modules/serve path-to-regexp@3.3.0 OK for: serve-handler@6.1.7 want: 3.3.0
365 silly placeDep node_modules/serve range-parser@1.2.0 OK for: serve-handler@6.1.7 want: 1.2.0
366 silly fetch manifest mime-db@~1.33.0
367 silly packumentCache full:https://registry.npmjs.org/mime-db cache-hit
368 silly fetch manifest brace-expansion@^1.1.7
369 silly packumentCache full:https://registry.npmjs.org/brace-expansion cache-miss
370 http fetch GET 200 https://registry.npmjs.org/brace-expansion 261ms (cache miss)
371 silly packumentCache full:https://registry.npmjs.org/brace-expansion set size:undefined disposed:false
372 silly placeDep node_modules/serve/node_modules/mime-types mime-db@1.33.0 OK for: mime-types@2.1.18 want: ~1.33.0
373 silly placeDep node_modules/serve brace-expansion@1.1.14 OK for: minimatch@3.1.5 want: ^1.1.7
374 silly fetch manifest concat-map@0.0.1
375 silly packumentCache full:https://registry.npmjs.org/concat-map cache-miss
376 silly fetch manifest balanced-match@^1.0.0
377 silly packumentCache full:https://registry.npmjs.org/balanced-match cache-miss
378 http fetch GET 200 https://registry.npmjs.org/concat-map 252ms (cache miss)
379 silly packumentCache full:https://registry.npmjs.org/concat-map set size:undefined disposed:false
380 http fetch GET 200 https://registry.npmjs.org/balanced-match 257ms (cache miss)
381 silly packumentCache full:https://registry.npmjs.org/balanced-match set size:undefined disposed:false
382 silly placeDep node_modules/serve balanced-match@1.0.2 OK for: brace-expansion@1.1.14 want: ^1.0.0
383 silly placeDep node_modules/serve concat-map@0.0.1 OK for: brace-expansion@1.1.14 want: 0.0.1
384 silly placeDep node_modules/serve shebang-regex@3.0.0 OK for: shebang-command@2.0.0 want: ^3.0.0
385 silly placeDep node_modules/serve eastasianwidth@0.2.0 OK for: string-width@5.1.2 want: ^0.2.0
386 silly placeDep node_modules/serve emoji-regex@9.2.2 OK for: string-width@5.1.2 want: ^9.2.2
387 silly placeDep node_modules/serve strip-ansi@7.2.0 OK for: string-width@5.1.2 want: ^7.0.1
388 silly fetch manifest ansi-regex@^6.2.2
389 silly packumentCache full:https://registry.npmjs.org/ansi-regex cache-miss
390 http fetch GET 200 https://registry.npmjs.org/ansi-regex 234ms (cache miss)
391 silly packumentCache full:https://registry.npmjs.org/ansi-regex set size:undefined disposed:false
392 silly placeDep node_modules/serve ansi-regex@6.2.2 OK for: strip-ansi@7.2.0 want: ^6.2.2
393 silly placeDep node_modules/serve registry-auth-token@3.3.2 OK for: update-check@1.5.4 want: 3.3.2
394 silly placeDep node_modules/serve registry-url@3.1.0 OK for: update-check@1.5.4 want: 3.1.0
395 silly fetch manifest rc@^1.1.6
396 silly packumentCache full:https://registry.npmjs.org/rc cache-miss
397 silly fetch manifest rc@^1.0.1
398 silly packumentCache full:https://registry.npmjs.org/rc cache-miss
399 http fetch GET 200 https://registry.npmjs.org/rc 269ms (cache miss)
400 silly packumentCache full:https://registry.npmjs.org/rc set size:undefined disposed:false
401 http fetch GET 200 https://registry.npmjs.org/rc 278ms (cache miss)
402 silly packumentCache full:https://registry.npmjs.org/rc set size:undefined disposed:false
403 silly placeDep node_modules/serve rc@1.2.8 OK for: registry-auth-token@3.3.2 want: ^1.1.6
404 silly fetch manifest ini@~1.3.0
405 silly packumentCache full:https://registry.npmjs.org/ini cache-miss
406 silly fetch manifest minimist@^1.2.0
407 silly packumentCache full:https://registry.npmjs.org/minimist cache-miss
408 silly fetch manifest deep-extend@^0.6.0
409 silly packumentCache full:https://registry.npmjs.org/deep-extend cache-miss
410 silly fetch manifest strip-json-comments@~2.0.1
411 silly packumentCache full:https://registry.npmjs.org/strip-json-comments cache-miss
412 http fetch GET 200 https://registry.npmjs.org/strip-json-comments 256ms (cache miss)
413 silly packumentCache full:https://registry.npmjs.org/strip-json-comments set size:undefined disposed:false
414 http fetch GET 200 https://registry.npmjs.org/deep-extend 263ms (cache miss)
415 silly packumentCache full:https://registry.npmjs.org/deep-extend set size:undefined disposed:false
416 http fetch GET 200 https://registry.npmjs.org/minimist 271ms (cache miss)
417 silly packumentCache full:https://registry.npmjs.org/minimist set size:undefined disposed:false
418 http fetch GET 200 https://registry.npmjs.org/ini 280ms (cache miss)
419 silly packumentCache full:https://registry.npmjs.org/ini set size:undefined disposed:false
420 silly placeDep node_modules/serve deep-extend@0.6.0 OK for: rc@1.2.8 want: ^0.6.0
421 silly placeDep node_modules/serve ini@1.3.8 OK for: rc@1.2.8 want: ~1.3.0
422 silly placeDep node_modules/serve minimist@1.2.8 OK for: rc@1.2.8 want: ^1.2.0
423 silly placeDep node_modules/serve strip-json-comments@2.0.1 OK for: rc@1.2.8 want: ~2.0.1
424 silly placeDep node_modules/serve isexe@2.0.0 OK for: which@2.0.2 want: ^2.0.0
425 silly placeDep node_modules/serve ansi-styles@6.2.3 OK for: wrap-ansi@8.1.0 want: ^6.1.0
426 silly placeDep node_modules/serve/node_modules/ansi-align emoji-regex@8.0.0 OK for: string-width@4.2.3 want: ^8.0.0
427 silly placeDep node_modules/serve is-fullwidth-code-point@3.0.0 OK for: string-width@4.2.3 want: ^3.0.0
428 silly placeDep node_modules/serve/node_modules/ansi-align strip-ansi@6.0.1 OK for: string-width@4.2.3 want: ^6.0.1
429 silly fetch manifest ansi-regex@^5.0.1
430 silly packumentCache full:https://registry.npmjs.org/ansi-regex cache-miss
431 http cache https://registry.npmjs.org/ansi-regex 10ms (cache hit)
432 silly packumentCache full:https://registry.npmjs.org/ansi-regex set size:43572 disposed:false
433 silly placeDep node_modules/serve/node_modules/ansi-align ansi-regex@5.0.1 OK for: strip-ansi@6.0.1 want: ^5.0.1
434 silly placeDep node_modules/serve/node_modules/chalk-template ansi-styles@4.3.0 OK for: chalk@4.1.2 want: ^4.1.0
435 silly placeDep node_modules/serve supports-color@7.2.0 OK for: chalk@4.1.2 want: ^7.1.0
436 silly fetch manifest color-convert@^2.0.1
437 silly packumentCache full:https://registry.npmjs.org/color-convert cache-miss
438 silly fetch manifest has-flag@^4.0.0
439 silly packumentCache full:https://registry.npmjs.org/has-flag cache-miss
440 http fetch GET 200 https://registry.npmjs.org/has-flag 253ms (cache miss)
441 silly packumentCache full:https://registry.npmjs.org/has-flag set size:undefined disposed:false
442 http fetch GET 200 https://registry.npmjs.org/color-convert 267ms (cache miss)
443 silly packumentCache full:https://registry.npmjs.org/color-convert set size:undefined disposed:false
444 silly placeDep node_modules/serve has-flag@4.0.0 OK for: supports-color@7.2.0 want: ^4.0.0
445 silly placeDep node_modules/serve color-convert@2.0.1 OK for: ansi-styles@4.3.0 want: ^2.0.1
446 silly fetch manifest color-name@~1.1.4
447 silly packumentCache full:https://registry.npmjs.org/color-name cache-miss
448 http fetch GET 200 https://registry.npmjs.org/color-name 248ms (cache miss)
449 silly packumentCache full:https://registry.npmjs.org/color-name set size:undefined disposed:false
450 silly placeDep node_modules/serve color-name@1.1.4 OK for: color-convert@2.0.1 want: ~1.1.4
451 silly reify moves {}
452 http cache color-name@https://registry.npmjs.org/color-name/-/color-name-1.1.4.tgz 0ms (cache hit)
453 http cache color-convert@https://registry.npmjs.org/color-convert/-/color-convert-2.0.1.tgz 1ms (cache hit)
454 http cache has-flag@https://registry.npmjs.org/has-flag/-/has-flag-4.0.0.tgz 0ms (cache hit)
455 http cache supports-color@https://registry.npmjs.org/supports-color/-/supports-color-7.2.0.tgz 0ms (cache hit)
456 http cache serve@https://registry.npmjs.org/serve/-/serve-14.2.6.tgz 0ms (cache hit)
457 http cache is-fullwidth-code-point@https://registry.npmjs.org/is-fullwidth-code-point/-/is-fullwidth-code-point-3.0.0.tgz 0ms (cache hit)
458 http cache ansi-styles@https://registry.npmjs.org/ansi-styles/-/ansi-styles-6.2.3.tgz 0ms (cache hit)
459 http cache isexe@https://registry.npmjs.org/isexe/-/isexe-2.0.0.tgz 0ms (cache hit)
460 http cache strip-json-comments@https://registry.npmjs.org/strip-json-comments/-/strip-json-comments-2.0.1.tgz 0ms (cache hit)
461 http cache minimist@https://registry.npmjs.org/minimist/-/minimist-1.2.8.tgz 0ms (cache hit)
462 http cache ini@https://registry.npmjs.org/ini/-/ini-1.3.8.tgz 1ms (cache hit)
463 http cache deep-extend@https://registry.npmjs.org/deep-extend/-/deep-extend-0.6.0.tgz 0ms (cache hit)
464 http cache rc@https://registry.npmjs.org/rc/-/rc-1.2.8.tgz 0ms (cache hit)
465 http cache registry-url@https://registry.npmjs.org/registry-url/-/registry-url-3.1.0.tgz 0ms (cache hit)
466 http cache registry-auth-token@https://registry.npmjs.org/registry-auth-token/-/registry-auth-token-3.3.2.tgz 0ms (cache hit)
467 http cache ansi-regex@https://registry.npmjs.org/ansi-regex/-/ansi-regex-6.2.2.tgz 0ms (cache hit)
468 http cache strip-ansi@https://registry.npmjs.org/strip-ansi/-/strip-ansi-7.2.0.tgz 1ms (cache hit)
469 http cache emoji-regex@https://registry.npmjs.org/emoji-regex/-/emoji-regex-9.2.2.tgz 1ms (cache hit)
470 http cache eastasianwidth@https://registry.npmjs.org/eastasianwidth/-/eastasianwidth-0.2.0.tgz 1ms (cache hit)
471 http cache shebang-regex@https://registry.npmjs.org/shebang-regex/-/shebang-regex-3.0.0.tgz 0ms (cache hit)
472 http cache concat-map@https://registry.npmjs.org/concat-map/-/concat-map-0.0.1.tgz 0ms (cache hit)
473 http cache balanced-match@https://registry.npmjs.org/balanced-match/-/balanced-match-1.0.2.tgz 0ms (cache hit)
474 http cache brace-expansion@https://registry.npmjs.org/brace-expansion/-/brace-expansion-1.1.14.tgz 0ms (cache hit)
475 http cache range-parser@https://registry.npmjs.org/range-parser/-/range-parser-1.2.0.tgz 0ms (cache hit)
476 http cache path-to-regexp@https://registry.npmjs.org/path-to-regexp/-/path-to-regexp-3.3.0.tgz 0ms (cache hit)
477 http cache path-is-inside@https://registry.npmjs.org/path-is-inside/-/path-is-inside-1.0.2.tgz 0ms (cache hit)
478 http cache minimatch@https://registry.npmjs.org/minimatch/-/minimatch-3.1.5.tgz 0ms (cache hit)
479 http cache mime-types@https://registry.npmjs.org/mime-types/-/mime-types-2.1.18.tgz 0ms (cache hit)
480 http cache content-disposition@https://registry.npmjs.org/content-disposition/-/content-disposition-0.5.2.tgz 0ms (cache hit)
481 http cache mime-db@https://registry.npmjs.org/mime-db/-/mime-db-1.33.0.tgz 0ms (cache hit)
482 http cache mimic-fn@https://registry.npmjs.org/mimic-fn/-/mimic-fn-2.1.0.tgz 0ms (cache hit)
483 http cache which@https://registry.npmjs.org/which/-/which-2.0.2.tgz 0ms (cache hit)
484 http cache is-docker@https://registry.npmjs.org/is-docker/-/is-docker-2.2.1.tgz 0ms (cache hit)
485 http cache shebang-command@https://registry.npmjs.org/shebang-command/-/shebang-command-2.0.0.tgz 0ms (cache hit)
486 http cache path-key@https://registry.npmjs.org/path-key/-/path-key-3.1.1.tgz 0ms (cache hit)
487 http cache strip-final-newline@https://registry.npmjs.org/strip-final-newline/-/strip-final-newline-2.0.0.tgz 0ms (cache hit)
488 http cache signal-exit@https://registry.npmjs.org/signal-exit/-/signal-exit-3.0.7.tgz 0ms (cache hit)
489 http cache onetime@https://registry.npmjs.org/onetime/-/onetime-5.1.2.tgz 0ms (cache hit)
490 http cache npm-run-path@https://registry.npmjs.org/npm-run-path/-/npm-run-path-4.0.1.tgz 0ms (cache hit)
491 http cache merge-stream@https://registry.npmjs.org/merge-stream/-/merge-stream-2.0.0.tgz 0ms (cache hit)
492 http cache is-stream@https://registry.npmjs.org/is-stream/-/is-stream-2.0.1.tgz 0ms (cache hit)
493 http cache human-signals@https://registry.npmjs.org/human-signals/-/human-signals-2.1.0.tgz 0ms (cache hit)
494 http cache get-stream@https://registry.npmjs.org/get-stream/-/get-stream-6.0.1.tgz 0ms (cache hit)
495 http cache cross-spawn@https://registry.npmjs.org/cross-spawn/-/cross-spawn-7.0.6.tgz 0ms (cache hit)
496 http cache ms@https://registry.npmjs.org/ms/-/ms-2.0.0.tgz 0ms (cache hit)
497 http cache vary@https://registry.npmjs.org/vary/-/vary-1.1.2.tgz 0ms (cache hit)
498 http cache mime-db@https://registry.npmjs.org/mime-db/-/mime-db-1.54.0.tgz 0ms (cache hit)
499 http cache safe-buffer@https://registry.npmjs.org/safe-buffer/-/safe-buffer-5.2.1.tgz 0ms (cache hit)
500 http cache on-headers@https://registry.npmjs.org/on-headers/-/on-headers-1.1.0.tgz 0ms (cache hit)
501 http cache negotiator@https://registry.npmjs.org/negotiator/-/negotiator-0.6.4.tgz 0ms (cache hit)
502 http cache compressible@https://registry.npmjs.org/compressible/-/compressible-2.0.18.tgz 0ms (cache hit)
503 http cache debug@https://registry.npmjs.org/debug/-/debug-2.6.9.tgz 0ms (cache hit)
504 http cache bytes@https://registry.npmjs.org/bytes/-/bytes-3.1.2.tgz 0ms (cache hit)
505 http cache is-wsl@https://registry.npmjs.org/is-wsl/-/is-wsl-2.2.0.tgz 0ms (cache hit)
506 http cache execa@https://registry.npmjs.org/execa/-/execa-5.1.1.tgz 0ms (cache hit)
507 http cache arch@https://registry.npmjs.org/arch/-/arch-2.2.0.tgz 0ms (cache hit)
508 http cache wrap-ansi@https://registry.npmjs.org/wrap-ansi/-/wrap-ansi-8.1.0.tgz 0ms (cache hit)
509 http cache widest-line@https://registry.npmjs.org/widest-line/-/widest-line-4.0.1.tgz 0ms (cache hit)
510 http cache type-fest@https://registry.npmjs.org/type-fest/-/type-fest-2.19.0.tgz 0ms (cache hit)
511 http cache string-width@https://registry.npmjs.org/string-width/-/string-width-5.1.2.tgz 0ms (cache hit)
512 http cache cli-boxes@https://registry.npmjs.org/cli-boxes/-/cli-boxes-3.0.0.tgz 0ms (cache hit)
513 http cache camelcase@https://registry.npmjs.org/camelcase/-/camelcase-7.0.1.tgz 1ms (cache hit)
514 http cache ansi-align@https://registry.npmjs.org/ansi-align/-/ansi-align-3.0.1.tgz 0ms (cache hit)
515 http cache ansi-regex@https://registry.npmjs.org/ansi-regex/-/ansi-regex-5.0.1.tgz 0ms (cache hit)
516 http cache strip-ansi@https://registry.npmjs.org/strip-ansi/-/strip-ansi-6.0.1.tgz 0ms (cache hit)
517 http cache emoji-regex@https://registry.npmjs.org/emoji-regex/-/emoji-regex-8.0.0.tgz 1ms (cache hit)
518 http cache string-width@https://registry.npmjs.org/string-width/-/string-width-4.2.3.tgz 0ms (cache hit)
519 http cache require-from-string@https://registry.npmjs.org/require-from-string/-/require-from-string-2.0.2.tgz 0ms (cache hit)
520 http cache json-schema-traverse@https://registry.npmjs.org/json-schema-traverse/-/json-schema-traverse-1.0.0.tgz 0ms (cache hit)
521 http cache fast-uri@https://registry.npmjs.org/fast-uri/-/fast-uri-3.1.0.tgz 0ms (cache hit)
522 http cache fast-deep-equal@https://registry.npmjs.org/fast-deep-equal/-/fast-deep-equal-3.1.3.tgz 0ms (cache hit)
523 http cache update-check@https://registry.npmjs.org/update-check/-/update-check-1.5.4.tgz 0ms (cache hit)
524 http cache serve-handler@https://registry.npmjs.org/serve-handler/-/serve-handler-6.1.7.tgz 0ms (cache hit)
525 http cache is-port-reachable@https://registry.npmjs.org/is-port-reachable/-/is-port-reachable-4.0.0.tgz 0ms (cache hit)
526 http cache bytes@https://registry.npmjs.org/bytes/-/bytes-3.0.0.tgz 0ms (cache hit)
527 http cache compression@https://registry.npmjs.org/compression/-/compression-1.8.1.tgz 0ms (cache hit)
528 http cache clipboardy@https://registry.npmjs.org/clipboardy/-/clipboardy-3.0.0.tgz 0ms (cache hit)
529 http cache chalk-template@https://registry.npmjs.org/chalk-template/-/chalk-template-0.4.0.tgz 0ms (cache hit)
530 http cache ansi-styles@https://registry.npmjs.org/ansi-styles/-/ansi-styles-4.3.0.tgz 0ms (cache hit)
531 http cache chalk@https://registry.npmjs.org/chalk/-/chalk-5.0.1.tgz 0ms (cache hit)
532 http cache chalk@https://registry.npmjs.org/chalk/-/chalk-4.1.2.tgz 0ms (cache hit)
533 http cache boxen@https://registry.npmjs.org/boxen/-/boxen-7.0.0.tgz 0ms (cache hit)
534 http cache arg@https://registry.npmjs.org/arg/-/arg-5.0.2.tgz 0ms (cache hit)
535 http cache ajv@https://registry.npmjs.org/ajv/-/ajv-8.18.0.tgz 0ms (cache hit)
536 http cache @zeit/schemas@https://registry.npmjs.org/@zeit/schemas/-/schemas-2.36.0.tgz 0ms (cache hit)
537 silly tarball no local data for color-name@https://registry.npmjs.org/color-name/-/color-name-1.1.4.tgz. Extracting by manifest.
538 silly tarball no local data for color-convert@https://registry.npmjs.org/color-convert/-/color-convert-2.0.1.tgz. Extracting by manifest.
539 silly tarball no local data for has-flag@https://registry.npmjs.org/has-flag/-/has-flag-4.0.0.tgz. Extracting by manifest.
540 silly tarball no local data for supports-color@https://registry.npmjs.org/supports-color/-/supports-color-7.2.0.tgz. Extracting by manifest.
541 silly tarball no local data for serve@https://registry.npmjs.org/serve/-/serve-14.2.6.tgz. Extracting by manifest.
542 silly tarball no local data for is-fullwidth-code-point@https://registry.npmjs.org/is-fullwidth-code-point/-/is-fullwidth-code-point-3.0.0.tgz. Extracting by manifest.
543 silly tarball no local data for ansi-styles@https://registry.npmjs.org/ansi-styles/-/ansi-styles-6.2.3.tgz. Extracting by manifest.
544 silly tarball no local data for isexe@https://registry.npmjs.org/isexe/-/isexe-2.0.0.tgz. Extracting by manifest.
545 silly tarball no local data for strip-json-comments@https://registry.npmjs.org/strip-json-comments/-/strip-json-comments-2.0.1.tgz. Extracting by manifest.
546 silly tarball no local data for ini@https://registry.npmjs.org/ini/-/ini-1.3.8.tgz. Extracting by manifest.
547 silly tarball no local data for minimist@https://registry.npmjs.org/minimist/-/minimist-1.2.8.tgz. Extracting by manifest.
548 silly tarball no local data for deep-extend@https://registry.npmjs.org/deep-extend/-/deep-extend-0.6.0.tgz. Extracting by manifest.
549 silly tarball no local data for rc@https://registry.npmjs.org/rc/-/rc-1.2.8.tgz. Extracting by manifest.
550 silly tarball no local data for registry-url@https://registry.npmjs.org/registry-url/-/registry-url-3.1.0.tgz. Extracting by manifest.
551 silly tarball no local data for registry-auth-token@https://registry.npmjs.org/registry-auth-token/-/registry-auth-token-3.3.2.tgz. Extracting by manifest.
552 silly tarball no local data for ansi-regex@https://registry.npmjs.org/ansi-regex/-/ansi-regex-6.2.2.tgz. Extracting by manifest.
553 silly tarball no local data for strip-ansi@https://registry.npmjs.org/strip-ansi/-/strip-ansi-7.2.0.tgz. Extracting by manifest.
554 silly tarball no local data for emoji-regex@https://registry.npmjs.org/emoji-regex/-/emoji-regex-9.2.2.tgz. Extracting by manifest.
555 silly tarball no local data for eastasianwidth@https://registry.npmjs.org/eastasianwidth/-/eastasianwidth-0.2.0.tgz. Extracting by manifest.
556 silly tarball no local data for shebang-regex@https://registry.npmjs.org/shebang-regex/-/shebang-regex-3.0.0.tgz. Extracting by manifest.
557 silly tarball no local data for concat-map@https://registry.npmjs.org/concat-map/-/concat-map-0.0.1.tgz. Extracting by manifest.
558 silly tarball no local data for balanced-match@https://registry.npmjs.org/balanced-match/-/balanced-match-1.0.2.tgz. Extracting by manifest.
559 silly tarball no local data for brace-expansion@https://registry.npmjs.org/brace-expansion/-/brace-expansion-1.1.14.tgz. Extracting by manifest.
560 silly tarball no local data for range-parser@https://registry.npmjs.org/range-parser/-/range-parser-1.2.0.tgz. Extracting by manifest.
561 silly tarball no local data for path-to-regexp@https://registry.npmjs.org/path-to-regexp/-/path-to-regexp-3.3.0.tgz. Extracting by manifest.
562 silly tarball no local data for path-is-inside@https://registry.npmjs.org/path-is-inside/-/path-is-inside-1.0.2.tgz. Extracting by manifest.
563 silly tarball no local data for minimatch@https://registry.npmjs.org/minimatch/-/minimatch-3.1.5.tgz. Extracting by manifest.
564 silly tarball no local data for mime-types@https://registry.npmjs.org/mime-types/-/mime-types-2.1.18.tgz. Extracting by manifest.
565 silly tarball no local data for content-disposition@https://registry.npmjs.org/content-disposition/-/content-disposition-0.5.2.tgz. Extracting by manifest.
566 silly tarball no local data for mime-db@https://registry.npmjs.org/mime-db/-/mime-db-1.33.0.tgz. Extracting by manifest.
567 silly tarball no local data for mimic-fn@https://registry.npmjs.org/mimic-fn/-/mimic-fn-2.1.0.tgz. Extracting by manifest.
568 silly tarball no local data for which@https://registry.npmjs.org/which/-/which-2.0.2.tgz. Extracting by manifest.
569 silly tarball no local data for is-docker@https://registry.npmjs.org/is-docker/-/is-docker-2.2.1.tgz. Extracting by manifest.
570 silly tarball no local data for shebang-command@https://registry.npmjs.org/shebang-command/-/shebang-command-2.0.0.tgz. Extracting by manifest.
571 silly tarball no local data for path-key@https://registry.npmjs.org/path-key/-/path-key-3.1.1.tgz. Extracting by manifest.
572 silly tarball no local data for strip-final-newline@https://registry.npmjs.org/strip-final-newline/-/strip-final-newline-2.0.0.tgz. Extracting by manifest.
573 silly tarball no local data for signal-exit@https://registry.npmjs.org/signal-exit/-/signal-exit-3.0.7.tgz. Extracting by manifest.
574 silly tarball no local data for onetime@https://registry.npmjs.org/onetime/-/onetime-5.1.2.tgz. Extracting by manifest.
575 silly tarball no local data for npm-run-path@https://registry.npmjs.org/npm-run-path/-/npm-run-path-4.0.1.tgz. Extracting by manifest.
576 silly tarball no local data for merge-stream@https://registry.npmjs.org/merge-stream/-/merge-stream-2.0.0.tgz. Extracting by manifest.
577 silly tarball no local data for is-stream@https://registry.npmjs.org/is-stream/-/is-stream-2.0.1.tgz. Extracting by manifest.
578 silly tarball no local data for human-signals@https://registry.npmjs.org/human-signals/-/human-signals-2.1.0.tgz. Extracting by manifest.
579 silly tarball no local data for get-stream@https://registry.npmjs.org/get-stream/-/get-stream-6.0.1.tgz. Extracting by manifest.
580 silly tarball no local data for cross-spawn@https://registry.npmjs.org/cross-spawn/-/cross-spawn-7.0.6.tgz. Extracting by manifest.
581 silly tarball no local data for vary@https://registry.npmjs.org/vary/-/vary-1.1.2.tgz. Extracting by manifest.
582 silly tarball no local data for ms@https://registry.npmjs.org/ms/-/ms-2.0.0.tgz. Extracting by manifest.
583 silly tarball no local data for mime-db@https://registry.npmjs.org/mime-db/-/mime-db-1.54.0.tgz. Extracting by manifest.
584 silly tarball no local data for on-headers@https://registry.npmjs.org/on-headers/-/on-headers-1.1.0.tgz. Extracting by manifest.
585 silly tarball no local data for negotiator@https://registry.npmjs.org/negotiator/-/negotiator-0.6.4.tgz. Extracting by manifest.
586 silly tarball no local data for compressible@https://registry.npmjs.org/compressible/-/compressible-2.0.18.tgz. Extracting by manifest.
587 silly tarball no local data for debug@https://registry.npmjs.org/debug/-/debug-2.6.9.tgz. Extracting by manifest.
588 silly tarball no local data for bytes@https://registry.npmjs.org/bytes/-/bytes-3.1.2.tgz. Extracting by manifest.
589 silly tarball no local data for is-wsl@https://registry.npmjs.org/is-wsl/-/is-wsl-2.2.0.tgz. Extracting by manifest.
590 silly tarball no local data for execa@https://registry.npmjs.org/execa/-/execa-5.1.1.tgz. Extracting by manifest.
591 silly tarball no local data for arch@https://registry.npmjs.org/arch/-/arch-2.2.0.tgz. Extracting by manifest.
592 silly tarball no local data for wrap-ansi@https://registry.npmjs.org/wrap-ansi/-/wrap-ansi-8.1.0.tgz. Extracting by manifest.
593 silly tarball no local data for widest-line@https://registry.npmjs.org/widest-line/-/widest-line-4.0.1.tgz. Extracting by manifest.
594 silly tarball no local data for type-fest@https://registry.npmjs.org/type-fest/-/type-fest-2.19.0.tgz. Extracting by manifest.
595 silly tarball no local data for string-width@https://registry.npmjs.org/string-width/-/string-width-5.1.2.tgz. Extracting by manifest.
596 silly tarball no local data for cli-boxes@https://registry.npmjs.org/cli-boxes/-/cli-boxes-3.0.0.tgz. Extracting by manifest.
597 silly tarball no local data for camelcase@https://registry.npmjs.org/camelcase/-/camelcase-7.0.1.tgz. Extracting by manifest.
598 silly tarball no local data for ansi-align@https://registry.npmjs.org/ansi-align/-/ansi-align-3.0.1.tgz. Extracting by manifest.
599 silly tarball no local data for ansi-regex@https://registry.npmjs.org/ansi-regex/-/ansi-regex-5.0.1.tgz. Extracting by manifest.
600 silly tarball no local data for strip-ansi@https://registry.npmjs.org/strip-ansi/-/strip-ansi-6.0.1.tgz. Extracting by manifest.
601 silly tarball no local data for emoji-regex@https://registry.npmjs.org/emoji-regex/-/emoji-regex-8.0.0.tgz. Extracting by manifest.
602 silly tarball no local data for string-width@https://registry.npmjs.org/string-width/-/string-width-4.2.3.tgz. Extracting by manifest.
603 silly tarball no local data for require-from-string@https://registry.npmjs.org/require-from-string/-/require-from-string-2.0.2.tgz. Extracting by manifest.
604 silly tarball no local data for json-schema-traverse@https://registry.npmjs.org/json-schema-traverse/-/json-schema-traverse-1.0.0.tgz. Extracting by manifest.
605 silly tarball no local data for fast-uri@https://registry.npmjs.org/fast-uri/-/fast-uri-3.1.0.tgz. Extracting by manifest.
606 silly tarball no local data for fast-deep-equal@https://registry.npmjs.org/fast-deep-equal/-/fast-deep-equal-3.1.3.tgz. Extracting by manifest.
607 silly tarball no local data for serve-handler@https://registry.npmjs.org/serve-handler/-/serve-handler-6.1.7.tgz. Extracting by manifest.
608 silly tarball no local data for update-check@https://registry.npmjs.org/update-check/-/update-check-1.5.4.tgz. Extracting by manifest.
609 silly tarball no local data for is-port-reachable@https://registry.npmjs.org/is-port-reachable/-/is-port-reachable-4.0.0.tgz. Extracting by manifest.
610 silly tarball no local data for bytes@https://registry.npmjs.org/bytes/-/bytes-3.0.0.tgz. Extracting by manifest.
611 silly tarball no local data for compression@https://registry.npmjs.org/compression/-/compression-1.8.1.tgz. Extracting by manifest.
612 silly tarball no local data for clipboardy@https://registry.npmjs.org/clipboardy/-/clipboardy-3.0.0.tgz. Extracting by manifest.
613 silly tarball no local data for chalk-template@https://registry.npmjs.org/chalk-template/-/chalk-template-0.4.0.tgz. Extracting by manifest.
614 silly tarball no local data for ansi-styles@https://registry.npmjs.org/ansi-styles/-/ansi-styles-4.3.0.tgz. Extracting by manifest.
615 silly tarball no local data for chalk@https://registry.npmjs.org/chalk/-/chalk-5.0.1.tgz. Extracting by manifest.
616 silly tarball no local data for boxen@https://registry.npmjs.org/boxen/-/boxen-7.0.0.tgz. Extracting by manifest.
617 silly tarball no local data for chalk@https://registry.npmjs.org/chalk/-/chalk-4.1.2.tgz. Extracting by manifest.
618 silly tarball no local data for arg@https://registry.npmjs.org/arg/-/arg-5.0.2.tgz. Extracting by manifest.
619 silly tarball no local data for ajv@https://registry.npmjs.org/ajv/-/ajv-8.18.0.tgz. Extracting by manifest.
620 silly tarball no local data for @zeit/schemas@https://registry.npmjs.org/@zeit/schemas/-/schemas-2.36.0.tgz. Extracting by manifest.
621 http fetch GET 200 https://registry.npmjs.org/color-convert/-/color-convert-2.0.1.tgz 631ms (cache miss)
622 http fetch GET 200 https://registry.npmjs.org/color-name/-/color-name-1.1.4.tgz 637ms (cache miss)
623 http fetch GET 200 https://registry.npmjs.org/has-flag/-/has-flag-4.0.0.tgz 633ms (cache miss)
624 http fetch GET 200 https://registry.npmjs.org/is-fullwidth-code-point/-/is-fullwidth-code-point-3.0.0.tgz 628ms (cache miss)
625 http fetch GET 200 https://registry.npmjs.org/ansi-styles/-/ansi-styles-6.2.3.tgz 627ms (cache miss)
626 http fetch GET 200 https://registry.npmjs.org/supports-color/-/supports-color-7.2.0.tgz 638ms (cache miss)
627 http fetch GET 200 https://registry.npmjs.org/serve/-/serve-14.2.6.tgz 637ms (cache miss)
628 http fetch GET 200 https://registry.npmjs.org/ansi-regex/-/ansi-regex-6.2.2.tgz 691ms (cache miss)
629 http fetch GET 200 https://registry.npmjs.org/strip-ansi/-/strip-ansi-7.2.0.tgz 694ms (cache miss)
630 http fetch GET 200 https://registry.npmjs.org/eastasianwidth/-/eastasianwidth-0.2.0.tgz 714ms (cache miss)
631 http fetch GET 200 https://registry.npmjs.org/shebang-regex/-/shebang-regex-3.0.0.tgz 713ms (cache miss)
632 http fetch GET 200 https://registry.npmjs.org/concat-map/-/concat-map-0.0.1.tgz 720ms (cache miss)
633 http fetch GET 200 https://registry.npmjs.org/emoji-regex/-/emoji-regex-9.2.2.tgz 735ms (cache miss)
634 http fetch GET 200 https://registry.npmjs.org/balanced-match/-/balanced-match-1.0.2.tgz 809ms (cache miss)
635 http fetch GET 200 https://registry.npmjs.org/brace-expansion/-/brace-expansion-1.1.14.tgz 881ms (cache miss)
636 http fetch GET 200 https://registry.npmjs.org/range-parser/-/range-parser-1.2.0.tgz 881ms (cache miss)
637 http fetch GET 200 https://registry.npmjs.org/path-is-inside/-/path-is-inside-1.0.2.tgz 908ms (cache miss)
638 http fetch GET 200 https://registry.npmjs.org/path-to-regexp/-/path-to-regexp-3.3.0.tgz 915ms (cache miss)
639 http fetch GET 200 https://registry.npmjs.org/minimatch/-/minimatch-3.1.5.tgz 917ms (cache miss)
640 http fetch GET 200 https://registry.npmjs.org/mime-types/-/mime-types-2.1.18.tgz 918ms (cache miss)
641 http fetch GET 200 https://registry.npmjs.org/content-disposition/-/content-disposition-0.5.2.tgz 1053ms (cache miss)
642 http fetch GET 200 https://registry.npmjs.org/isexe/-/isexe-2.0.0.tgz 1109ms (cache miss)
643 http fetch GET 200 https://registry.npmjs.org/mimic-fn/-/mimic-fn-2.1.0.tgz 1085ms (cache miss)
644 http fetch GET 200 https://registry.npmjs.org/mime-db/-/mime-db-1.33.0.tgz 1094ms (cache miss)
645 http fetch GET 200 https://registry.npmjs.org/which/-/which-2.0.2.tgz 1091ms (cache miss)
646 http fetch GET 200 https://registry.npmjs.org/is-docker/-/is-docker-2.2.1.tgz 1104ms (cache miss)
647 http fetch GET 200 https://registry.npmjs.org/shebang-command/-/shebang-command-2.0.0.tgz 1107ms (cache miss)
648 http fetch GET 200 https://registry.npmjs.org/path-key/-/path-key-3.1.1.tgz 1277ms (cache miss)
649 http fetch GET 200 https://registry.npmjs.org/registry-url/-/registry-url-3.1.0.tgz 1359ms (cache miss)
650 http fetch GET 200 https://registry.npmjs.org/ini/-/ini-1.3.8.tgz 1402ms (cache miss)
651 http fetch GET 200 https://registry.npmjs.org/strip-final-newline/-/strip-final-newline-2.0.0.tgz 1344ms (cache miss)
652 http fetch GET 200 https://registry.npmjs.org/deep-extend/-/deep-extend-0.6.0.tgz 1406ms (cache miss)
653 http fetch GET 200 https://registry.npmjs.org/strip-json-comments/-/strip-json-comments-2.0.1.tgz 1416ms (cache miss)
654 http fetch GET 200 https://registry.npmjs.org/rc/-/rc-1.2.8.tgz 1413ms (cache miss)
655 http fetch GET 200 https://registry.npmjs.org/signal-exit/-/signal-exit-3.0.7.tgz 1355ms (cache miss)
656 http fetch GET 200 https://registry.npmjs.org/onetime/-/onetime-5.1.2.tgz 1363ms (cache miss)
657 http fetch GET 200 https://registry.npmjs.org/npm-run-path/-/npm-run-path-4.0.1.tgz 1407ms (cache miss)
658 http fetch GET 200 https://registry.npmjs.org/is-stream/-/is-stream-2.0.1.tgz 1405ms (cache miss)
659 http fetch GET 200 https://registry.npmjs.org/merge-stream/-/merge-stream-2.0.0.tgz 1451ms (cache miss)
660 http fetch GET 200 https://registry.npmjs.org/ms/-/ms-2.0.0.tgz 1637ms (cache miss)
661 http fetch GET 200 https://registry.npmjs.org/get-stream/-/get-stream-6.0.1.tgz 1657ms (cache miss)
662 http fetch GET 200 https://registry.npmjs.org/bytes/-/bytes-3.1.2.tgz 1634ms (cache miss)
663 http fetch GET 200 https://registry.npmjs.org/vary/-/vary-1.1.2.tgz 1676ms (cache miss)
664 http fetch GET 200 https://registry.npmjs.org/compressible/-/compressible-2.0.18.tgz 1665ms (cache miss)
665 http fetch GET 200 https://registry.npmjs.org/arch/-/arch-2.2.0.tgz 1678ms (cache miss)
666 http fetch GET 200 https://registry.npmjs.org/registry-auth-token/-/registry-auth-token-3.3.2.tgz 1784ms (cache miss)
667 http fetch GET 200 https://registry.npmjs.org/is-wsl/-/is-wsl-2.2.0.tgz 1708ms (cache miss)
668 http fetch GET 200 https://registry.npmjs.org/on-headers/-/on-headers-1.1.0.tgz 1726ms (cache miss)
669 http fetch GET 200 https://registry.npmjs.org/wrap-ansi/-/wrap-ansi-8.1.0.tgz 1762ms (cache miss)
670 http fetch GET 200 https://registry.npmjs.org/cli-boxes/-/cli-boxes-3.0.0.tgz 1843ms (cache miss)
671 http fetch GET 200 https://registry.npmjs.org/string-width/-/string-width-5.1.2.tgz 1870ms (cache miss)
672 http fetch GET 200 https://registry.npmjs.org/execa/-/execa-5.1.1.tgz 1891ms (cache miss)
673 http fetch GET 200 https://registry.npmjs.org/widest-line/-/widest-line-4.0.1.tgz 1904ms (cache miss)
674 http fetch GET 200 https://registry.npmjs.org/ansi-align/-/ansi-align-3.0.1.tgz 1933ms (cache miss)
675 http fetch GET 200 https://registry.npmjs.org/ansi-regex/-/ansi-regex-5.0.1.tgz 1935ms (cache miss)
676 http fetch GET 200 https://registry.npmjs.org/require-from-string/-/require-from-string-2.0.2.tgz 1928ms (cache miss)
677 http fetch GET 200 https://registry.npmjs.org/camelcase/-/camelcase-7.0.1.tgz 1961ms (cache miss)
678 http fetch GET 200 https://registry.npmjs.org/cross-spawn/-/cross-spawn-7.0.6.tgz 2008ms (cache miss)
679 http fetch GET 200 https://registry.npmjs.org/json-schema-traverse/-/json-schema-traverse-1.0.0.tgz 1949ms (cache miss)
680 http fetch GET 200 https://registry.npmjs.org/strip-ansi/-/strip-ansi-6.0.1.tgz 1961ms (cache miss)
681 http fetch GET 200 https://registry.npmjs.org/negotiator/-/negotiator-0.6.4.tgz 2030ms (cache miss)
682 http fetch GET 200 https://registry.npmjs.org/mime-db/-/mime-db-1.54.0.tgz 2059ms (cache miss)
683 http fetch GET 200 https://registry.npmjs.org/string-width/-/string-width-4.2.3.tgz 2011ms (cache miss)
684 http fetch GET 200 https://registry.npmjs.org/serve-handler/-/serve-handler-6.1.7.tgz 2006ms (cache miss)
685 http fetch GET 200 https://registry.npmjs.org/is-port-reachable/-/is-port-reachable-4.0.0.tgz 2004ms (cache miss)
686 http fetch GET 200 https://registry.npmjs.org/fast-deep-equal/-/fast-deep-equal-3.1.3.tgz 2021ms (cache miss)
687 http fetch GET 200 https://registry.npmjs.org/emoji-regex/-/emoji-regex-8.0.0.tgz 2037ms (cache miss)
688 http fetch GET 200 https://registry.npmjs.org/debug/-/debug-2.6.9.tgz 2083ms (cache miss)
689 http fetch GET 200 https://registry.npmjs.org/update-check/-/update-check-1.5.4.tgz 2032ms (cache miss)
690 http fetch GET 200 https://registry.npmjs.org/bytes/-/bytes-3.0.0.tgz 2035ms (cache miss)
691 http fetch GET 200 https://registry.npmjs.org/minimist/-/minimist-1.2.8.tgz 2208ms (cache miss)
692 http fetch GET 200 https://registry.npmjs.org/arg/-/arg-5.0.2.tgz 2037ms (cache miss)
693 http fetch GET 200 https://registry.npmjs.org/chalk-template/-/chalk-template-0.4.0.tgz 2068ms (cache miss)
694 http fetch GET 200 https://registry.npmjs.org/ansi-styles/-/ansi-styles-4.3.0.tgz 2071ms (cache miss)
695 http fetch GET 200 https://registry.npmjs.org/human-signals/-/human-signals-2.1.0.tgz 2168ms (cache miss)
696 http fetch GET 200 https://registry.npmjs.org/compression/-/compression-1.8.1.tgz 2086ms (cache miss)
697 http fetch GET 200 https://registry.npmjs.org/boxen/-/boxen-7.0.0.tgz 2078ms (cache miss)
698 http fetch GET 200 https://registry.npmjs.org/chalk/-/chalk-4.1.2.tgz 2117ms (cache miss)
699 http fetch GET 200 https://registry.npmjs.org/@zeit/schemas/-/schemas-2.36.0.tgz 2123ms (cache miss)
700 http fetch GET 200 https://registry.npmjs.org/chalk/-/chalk-5.0.1.tgz 2189ms (cache miss)
701 http fetch GET 200 https://registry.npmjs.org/fast-uri/-/fast-uri-3.1.0.tgz 2252ms (cache miss)
702 http fetch GET 200 https://registry.npmjs.org/clipboardy/-/clipboardy-3.0.0.tgz 2255ms (cache miss)
703 http fetch GET 200 https://registry.npmjs.org/type-fest/-/type-fest-2.19.0.tgz 2408ms (cache miss)
704 http fetch GET 200 https://registry.npmjs.org/ajv/-/ajv-8.18.0.tgz 3084ms (cache miss)
705 silly ADD node_modules/serve
706 silly ADD node_modules/serve/node_modules/color-name
707 silly ADD node_modules/serve/node_modules/color-convert
708 silly ADD node_modules/serve/node_modules/has-flag
709 silly ADD node_modules/serve/node_modules/supports-color
710 silly ADD node_modules/serve/node_modules/is-fullwidth-code-point
711 silly ADD node_modules/serve/node_modules/ansi-styles
712 silly ADD node_modules/serve/node_modules/isexe
713 silly ADD node_modules/serve/node_modules/strip-json-comments
714 silly ADD node_modules/serve/node_modules/minimist
715 silly ADD node_modules/serve/node_modules/ini
716 silly ADD node_modules/serve/node_modules/deep-extend
717 silly ADD node_modules/serve/node_modules/rc
718 silly ADD node_modules/serve/node_modules/registry-url
719 silly ADD node_modules/serve/node_modules/registry-auth-token
720 silly ADD node_modules/serve/node_modules/ansi-regex
721 silly ADD node_modules/serve/node_modules/strip-ansi
722 silly ADD node_modules/serve/node_modules/emoji-regex
723 silly ADD node_modules/serve/node_modules/eastasianwidth
724 silly ADD node_modules/serve/node_modules/shebang-regex
725 silly ADD node_modules/serve/node_modules/concat-map
726 silly ADD node_modules/serve/node_modules/balanced-match
727 silly ADD node_modules/serve/node_modules/brace-expansion
728 silly ADD node_modules/serve/node_modules/range-parser
729 silly ADD node_modules/serve/node_modules/path-to-regexp
730 silly ADD node_modules/serve/node_modules/path-is-inside
731 silly ADD node_modules/serve/node_modules/minimatch
732 silly ADD node_modules/serve/node_modules/mime-types
733 silly ADD node_modules/serve/node_modules/mime-types/node_modules/mime-db
734 silly ADD node_modules/serve/node_modules/content-disposition
735 silly ADD node_modules/serve/node_modules/mimic-fn
736 silly ADD node_modules/serve/node_modules/is-docker
737 silly ADD node_modules/serve/node_modules/which
738 silly ADD node_modules/serve/node_modules/shebang-command
739 silly ADD node_modules/serve/node_modules/path-key
740 silly ADD node_modules/serve/node_modules/strip-final-newline
741 silly ADD node_modules/serve/node_modules/signal-exit
742 silly ADD node_modules/serve/node_modules/onetime
743 silly ADD node_modules/serve/node_modules/npm-run-path
744 silly ADD node_modules/serve/node_modules/merge-stream
745 silly ADD node_modules/serve/node_modules/is-stream
746 silly ADD node_modules/serve/node_modules/human-signals
747 silly ADD node_modules/serve/node_modules/get-stream
748 silly ADD node_modules/serve/node_modules/cross-spawn
749 silly ADD node_modules/serve/node_modules/ms
750 silly ADD node_modules/serve/node_modules/mime-db
751 silly ADD node_modules/serve/node_modules/vary
752 silly ADD node_modules/serve/node_modules/safe-buffer
753 silly ADD node_modules/serve/node_modules/on-headers
754 silly ADD node_modules/serve/node_modules/negotiator
755 silly ADD node_modules/serve/node_modules/debug
756 silly ADD node_modules/serve/node_modules/compressible
757 silly ADD node_modules/serve/node_modules/bytes
758 silly ADD node_modules/serve/node_modules/is-wsl
759 silly ADD node_modules/serve/node_modules/execa
760 silly ADD node_modules/serve/node_modules/arch
761 silly ADD node_modules/serve/node_modules/wrap-ansi
762 silly ADD node_modules/serve/node_modules/widest-line
763 silly ADD node_modules/serve/node_modules/type-fest
764 silly ADD node_modules/serve/node_modules/string-width
765 silly ADD node_modules/serve/node_modules/cli-boxes
766 silly ADD node_modules/serve/node_modules/camelcase
767 silly ADD node_modules/serve/node_modules/ansi-align
768 silly ADD node_modules/serve/node_modules/ansi-align/node_modules/ansi-regex
769 silly ADD node_modules/serve/node_modules/ansi-align/node_modules/strip-ansi
770 silly ADD node_modules/serve/node_modules/ansi-align/node_modules/emoji-regex
771 silly ADD node_modules/serve/node_modules/ansi-align/node_modules/string-width
772 silly ADD node_modules/serve/node_modules/require-from-string
773 silly ADD node_modules/serve/node_modules/json-schema-traverse
774 silly ADD node_modules/serve/node_modules/fast-uri
775 silly ADD node_modules/serve/node_modules/fast-deep-equal
776 silly ADD node_modules/serve/node_modules/update-check
777 silly ADD node_modules/serve/node_modules/serve-handler
778 silly ADD node_modules/serve/node_modules/serve-handler/node_modules/bytes
779 silly ADD node_modules/serve/node_modules/is-port-reachable
780 silly ADD node_modules/serve/node_modules/compression
781 silly ADD node_modules/serve/node_modules/clipboardy
782 silly ADD node_modules/serve/node_modules/chalk-template
783 silly ADD node_modules/serve/node_modules/chalk-template/node_modules/ansi-styles
784 silly ADD node_modules/serve/node_modules/chalk-template/node_modules/chalk
785 silly ADD node_modules/serve/node_modules/chalk
786 silly ADD node_modules/serve/node_modules/boxen
787 silly ADD node_modules/serve/node_modules/arg
788 silly ADD node_modules/serve/node_modules/ajv
789 silly ADD node_modules/serve/node_modules/@zeit/schemas
790 verbose cwd /data/data/com.termux/files/home
791 verbose os Linux 5.4.233-android12-9-660861-g21cba50d06d5-ab550
792 verbose node v24.14.1
793 verbose npm  v11.13.0
794 verbose exit 0
795 info ok
