0 verbose cli /data/data/com.termux/files/usr/bin/node /data/data/com.termux/files/usr/bin/npm
1 info using npm@11.13.0
2 info using node@v24.14.1
3 silly config load:file:/data/data/com.termux/files/usr/lib/node_modules/npm/npmrc
4 silly config load:file:/storage/emulated/0/appfactory/.npmrc
5 silly config load:file:/data/data/com.termux/files/home/.npmrc
6 silly config load:file:/data/data/com.termux/files/usr/etc/npmrc
7 verbose title npm install express @google/genai
8 verbose argv "install" "express" "@google/genai"
9 verbose logfile logs-max:10 dir:/data/data/com.termux/files/home/.npm/_logs/2026-05-03T23_21_25_161Z-
10 verbose logfile /data/data/com.termux/files/home/.npm/_logs/2026-05-03T23_21_25_161Z-debug-0.log
11 silly logfile start cleaning logs, removing 1 files
12 silly packumentCache heap:1089470464 maxSize:272367616 maxEntrySize:136183808
13 silly logfile done cleaning log files
14 silly idealTree buildDeps
15 silly fetch manifest express@*
16 silly packumentCache full:https://registry.npmjs.org/express cache-miss
17 http fetch GET 200 https://registry.npmjs.org/express 1298ms (cache miss)
18 silly packumentCache full:https://registry.npmjs.org/express set size:undefined disposed:false
19 silly fetch manifest @google/genai@*
20 silly packumentCache full:https://registry.npmjs.org/@google%2fgenai cache-miss
21 http fetch GET 200 https://registry.npmjs.org/@google%2fgenai 458ms (cache revalidated)
22 silly packumentCache full:https://registry.npmjs.org/@google%2fgenai set size:385691 disposed:false
23 silly fetch manifest @modelcontextprotocol/sdk@^1.25.2
24 silly packumentCache full:https://registry.npmjs.org/@modelcontextprotocol%2fsdk cache-miss
25 http fetch GET 200 https://registry.npmjs.org/@modelcontextprotocol%2fsdk 297ms (cache revalidated)
26 silly packumentCache full:https://registry.npmjs.org/@modelcontextprotocol%2fsdk set size:295652 disposed:false
27 silly fetch manifest @cfworker/json-schema@^4.1.1
28 silly packumentCache full:https://registry.npmjs.org/@cfworker%2fjson-schema cache-miss
29 http fetch GET 200 https://registry.npmjs.org/@cfworker%2fjson-schema 312ms (cache revalidated)
30 silly packumentCache full:https://registry.npmjs.org/@cfworker%2fjson-schema set size:144207 disposed:false
31 silly placeDep ROOT @google/genai@1.51.0 OK for:  want: *
32 silly placeDep ROOT express@5.2.1 OK for:  want: *
33 silly fetch manifest google-auth-library@^10.3.0
34 silly packumentCache full:https://registry.npmjs.org/google-auth-library cache-miss
35 silly fetch manifest p-retry@^4.6.2
36 silly packumentCache full:https://registry.npmjs.org/p-retry cache-miss
37 silly fetch manifest protobufjs@^7.5.4
38 silly packumentCache full:https://registry.npmjs.org/protobufjs cache-miss
39 silly fetch manifest ws@^8.18.0
40 silly packumentCache full:https://registry.npmjs.org/ws cache-miss
41 silly fetch manifest qs@^6.14.0
42 silly packumentCache full:https://registry.npmjs.org/qs cache-miss
43 silly fetch manifest depd@^2.0.0
44 silly packumentCache full:https://registry.npmjs.org/depd cache-miss
45 silly fetch manifest etag@^1.8.1
46 silly packumentCache full:https://registry.npmjs.org/etag cache-miss
47 http fetch GET 200 https://registry.npmjs.org/qs 324ms (cache miss)
48 silly packumentCache full:https://registry.npmjs.org/qs set size:undefined disposed:false
49 silly fetch manifest once@^1.4.0
50 silly packumentCache full:https://registry.npmjs.org/once cache-miss
51 http fetch GET 200 https://registry.npmjs.org/once 260ms (cache miss)
52 silly packumentCache full:https://registry.npmjs.org/once set size:undefined disposed:false
53 silly fetch manifest send@^1.1.0
54 silly packumentCache full:https://registry.npmjs.org/send cache-miss
55 http fetch GET 200 https://registry.npmjs.org/depd 902ms (cache miss)
56 silly packumentCache full:https://registry.npmjs.org/depd set size:undefined disposed:false
57 silly fetch manifest vary@^1.1.2
58 silly packumentCache full:https://registry.npmjs.org/vary cache-miss
59 http fetch GET 200 https://registry.npmjs.org/send 298ms (cache miss)
60 silly packumentCache full:https://registry.npmjs.org/send set size:undefined disposed:false
61 silly fetch manifest debug@^4.4.0
62 silly packumentCache full:https://registry.npmjs.org/debug cache-miss
63 http fetch GET 200 https://registry.npmjs.org/ws 970ms (cache revalidated)
64 silly packumentCache full:https://registry.npmjs.org/ws set size:415737 disposed:false
65 silly fetch manifest fresh@^2.0.0
66 silly packumentCache full:https://registry.npmjs.org/fresh cache-miss
67 http fetch GET 200 https://registry.npmjs.org/p-retry 1026ms (cache revalidated)
68 silly packumentCache full:https://registry.npmjs.org/p-retry set size:72148 disposed:false
69 silly fetch manifest cookie@^0.7.1
70 silly packumentCache full:https://registry.npmjs.org/cookie cache-miss
71 http fetch GET 200 https://registry.npmjs.org/etag 1034ms (cache miss)
72 silly packumentCache full:https://registry.npmjs.org/etag set size:undefined disposed:false
73 silly fetch manifest router@^2.2.0
74 silly packumentCache full:https://registry.npmjs.org/router cache-miss
75 http fetch GET 200 https://registry.npmjs.org/google-auth-library 1061ms (cache revalidated)
76 silly packumentCache full:https://registry.npmjs.org/google-auth-library set size:724318 disposed:false
77 silly fetch manifest accepts@^2.0.0
78 silly packumentCache full:https://registry.npmjs.org/accepts cache-miss
79 http fetch GET 200 https://registry.npmjs.org/protobufjs 1122ms (cache updated)
80 silly packumentCache full:https://registry.npmjs.org/protobufjs set size:undefined disposed:false
81 silly fetch manifest type-is@^2.0.1
82 silly packumentCache full:https://registry.npmjs.org/type-is cache-miss
83 http fetch GET 200 https://registry.npmjs.org/vary 328ms (cache revalidated)
84 silly packumentCache full:https://registry.npmjs.org/vary set size:15994 disposed:false
85 silly fetch manifest parseurl@^1.3.3
86 silly packumentCache full:https://registry.npmjs.org/parseurl cache-miss
87 http fetch GET 200 https://registry.npmjs.org/debug 325ms (cache revalidated)
88 silly packumentCache full:https://registry.npmjs.org/debug set size:195840 disposed:false
89 silly fetch manifest statuses@^2.0.1
90 silly packumentCache full:https://registry.npmjs.org/statuses cache-miss
91 http fetch GET 200 https://registry.npmjs.org/fresh 297ms (cache miss)
92 silly packumentCache full:https://registry.npmjs.org/fresh set size:undefined disposed:false
93 silly fetch manifest encodeurl@^2.0.0
94 silly packumentCache full:https://registry.npmjs.org/encodeurl cache-miss
95 http fetch GET 200 https://registry.npmjs.org/cookie 279ms (cache miss)
96 silly packumentCache full:https://registry.npmjs.org/cookie set size:undefined disposed:false
97 silly fetch manifest mime-types@^3.0.0
98 silly packumentCache full:https://registry.npmjs.org/mime-types cache-miss
99 http fetch GET 200 https://registry.npmjs.org/accepts 301ms (cache miss)
100 silly packumentCache full:https://registry.npmjs.org/accepts set size:undefined disposed:false
101 silly fetch manifest proxy-addr@^2.0.7
102 silly packumentCache full:https://registry.npmjs.org/proxy-addr cache-miss
103 http fetch GET 200 https://registry.npmjs.org/router 355ms (cache miss)
104 silly packumentCache full:https://registry.npmjs.org/router set size:undefined disposed:false
105 silly fetch manifest body-parser@^2.2.1
106 silly packumentCache full:https://registry.npmjs.org/body-parser cache-miss
107 http fetch GET 200 https://registry.npmjs.org/type-is 263ms (cache miss)
108 silly packumentCache full:https://registry.npmjs.org/type-is set size:undefined disposed:false
109 silly fetch manifest escape-html@^1.0.3
110 silly packumentCache full:https://registry.npmjs.org/escape-html cache-miss
111 http fetch GET 200 https://registry.npmjs.org/parseurl 256ms (cache miss)
112 silly packumentCache full:https://registry.npmjs.org/parseurl set size:undefined disposed:false
113 silly fetch manifest http-errors@^2.0.0
114 silly packumentCache full:https://registry.npmjs.org/http-errors cache-miss
115 http fetch GET 200 https://registry.npmjs.org/statuses 260ms (cache miss)
116 silly packumentCache full:https://registry.npmjs.org/statuses set size:undefined disposed:false
117 silly fetch manifest on-finished@^2.4.1
118 silly packumentCache full:https://registry.npmjs.org/on-finished cache-miss
119 http fetch GET 200 https://registry.npmjs.org/encodeurl 249ms (cache miss)
120 silly packumentCache full:https://registry.npmjs.org/encodeurl set size:undefined disposed:false
121 silly fetch manifest content-type@^1.0.5
122 silly packumentCache full:https://registry.npmjs.org/content-type cache-miss
123 http fetch GET 200 https://registry.npmjs.org/mime-types 276ms (cache revalidated)
124 silly packumentCache full:https://registry.npmjs.org/mime-types set size:139110 disposed:false
125 silly fetch manifest finalhandler@^2.1.0
126 silly packumentCache full:https://registry.npmjs.org/finalhandler cache-miss
127 http fetch GET 200 https://registry.npmjs.org/proxy-addr 274ms (cache miss)
128 silly packumentCache full:https://registry.npmjs.org/proxy-addr set size:undefined disposed:false
129 silly fetch manifest range-parser@^1.2.1
130 silly packumentCache full:https://registry.npmjs.org/range-parser cache-miss
131 http fetch GET 200 https://registry.npmjs.org/escape-html 258ms (cache miss)
132 silly packumentCache full:https://registry.npmjs.org/escape-html set size:undefined disposed:false
133 silly fetch manifest serve-static@^2.2.0
134 silly packumentCache full:https://registry.npmjs.org/serve-static cache-miss
135 http fetch GET 200 https://registry.npmjs.org/body-parser 292ms (cache miss)
136 silly packumentCache full:https://registry.npmjs.org/body-parser set size:undefined disposed:false
137 silly fetch manifest cookie-signature@^1.2.1
138 silly packumentCache full:https://registry.npmjs.org/cookie-signature cache-miss
139 http fetch GET 200 https://registry.npmjs.org/http-errors 239ms (cache miss)
140 silly packumentCache full:https://registry.npmjs.org/http-errors set size:undefined disposed:false
141 silly fetch manifest merge-descriptors@^2.0.0
142 silly packumentCache full:https://registry.npmjs.org/merge-descriptors cache-miss
143 http fetch GET 200 https://registry.npmjs.org/on-finished 246ms (cache miss)
144 silly packumentCache full:https://registry.npmjs.org/on-finished set size:undefined disposed:false
145 silly fetch manifest content-disposition@^1.0.0
146 silly packumentCache full:https://registry.npmjs.org/content-disposition cache-miss
147 http fetch GET 200 https://registry.npmjs.org/content-type 254ms (cache miss)
148 silly packumentCache full:https://registry.npmjs.org/content-type set size:undefined disposed:false
149 http fetch GET 200 https://registry.npmjs.org/finalhandler 235ms (cache miss)
150 silly packumentCache full:https://registry.npmjs.org/finalhandler set size:undefined disposed:false
151 http fetch GET 200 https://registry.npmjs.org/range-parser 242ms (cache revalidated)
152 silly packumentCache full:https://registry.npmjs.org/range-parser set size:22228 disposed:false
153 http fetch GET 200 https://registry.npmjs.org/cookie-signature 239ms (cache miss)
154 silly packumentCache full:https://registry.npmjs.org/cookie-signature set size:undefined disposed:false
155 http fetch GET 200 https://registry.npmjs.org/serve-static 284ms (cache miss)
156 silly packumentCache full:https://registry.npmjs.org/serve-static set size:undefined disposed:false
157 http fetch GET 200 https://registry.npmjs.org/merge-descriptors 233ms (cache miss)
158 silly packumentCache full:https://registry.npmjs.org/merge-descriptors set size:undefined disposed:false
159 http fetch GET 200 https://registry.npmjs.org/content-disposition 415ms (cache revalidated)
160 silly packumentCache full:https://registry.npmjs.org/content-disposition set size:36665 disposed:false
161 silly fetch manifest bufferutil@^4.0.1
162 silly packumentCache full:https://registry.npmjs.org/bufferutil cache-miss
163 http fetch GET 200 https://registry.npmjs.org/bufferutil 265ms (cache revalidated)
164 silly packumentCache full:https://registry.npmjs.org/bufferutil set size:52763 disposed:false
165 silly fetch manifest utf-8-validate@>=5.0.2
166 silly packumentCache full:https://registry.npmjs.org/utf-8-validate cache-miss
167 http fetch GET 200 https://registry.npmjs.org/utf-8-validate 273ms (cache revalidated)
168 silly packumentCache full:https://registry.npmjs.org/utf-8-validate set size:77148 disposed:false
169 silly placeDep ROOT google-auth-library@10.6.2 OK for: @google/genai@1.51.0 want: ^10.3.0
170 silly placeDep ROOT p-retry@4.6.2 OK for: @google/genai@1.51.0 want: ^4.6.2
171 silly placeDep ROOT protobufjs@7.5.6 OK for: @google/genai@1.51.0 want: ^7.5.4
172 silly placeDep ROOT ws@8.20.0 OK for: @google/genai@1.51.0 want: ^8.18.0
173 silly fetch manifest base64-js@^1.3.0
174 silly packumentCache full:https://registry.npmjs.org/base64-js cache-miss
175 silly fetch manifest ecdsa-sig-formatter@^1.0.11
176 silly packumentCache full:https://registry.npmjs.org/ecdsa-sig-formatter cache-miss
177 silly fetch manifest gaxios@^7.1.4
178 silly packumentCache full:https://registry.npmjs.org/gaxios cache-miss
179 silly fetch manifest gcp-metadata@8.1.2
180 silly packumentCache full:https://registry.npmjs.org/gcp-metadata cache-miss
181 silly fetch manifest google-logging-utils@1.1.3
182 silly packumentCache full:https://registry.npmjs.org/google-logging-utils cache-miss
183 silly fetch manifest jws@^4.0.0
184 silly packumentCache full:https://registry.npmjs.org/jws cache-miss
185 silly fetch manifest retry@^0.13.1
186 silly packumentCache full:https://registry.npmjs.org/retry cache-miss
187 http fetch GET 200 https://registry.npmjs.org/google-logging-utils 282ms (cache revalidated)
188 silly packumentCache full:https://registry.npmjs.org/google-logging-utils set size:21694 disposed:false
189 silly fetch manifest @types/retry@0.12.0
190 silly packumentCache full:https://registry.npmjs.org/@types%2fretry cache-miss
191 http fetch GET 200 https://registry.npmjs.org/ecdsa-sig-formatter 294ms (cache revalidated)
192 silly packumentCache full:https://registry.npmjs.org/ecdsa-sig-formatter set size:23546 disposed:false
193 silly fetch manifest long@^5.0.0
194 silly packumentCache full:https://registry.npmjs.org/long cache-miss
195 http fetch GET 200 https://registry.npmjs.org/gcp-metadata 299ms (cache revalidated)
196 silly packumentCache full:https://registry.npmjs.org/gcp-metadata set size:191448 disposed:false
197 silly fetch manifest @types/node@>=13.7.0
198 silly packumentCache full:https://registry.npmjs.org/@types%2fnode cache-miss
199 http fetch GET 200 https://registry.npmjs.org/retry 325ms (cache revalidated)
200 silly packumentCache full:https://registry.npmjs.org/retry set size:31161 disposed:false
201 silly fetch manifest @protobufjs/path@^1.1.2
202 silly packumentCache full:https://registry.npmjs.org/@protobufjs%2fpath cache-miss
203 http fetch GET 200 https://registry.npmjs.org/base64-js 341ms (cache revalidated)
204 silly packumentCache full:https://registry.npmjs.org/base64-js set size:41270 disposed:false
205 silly fetch manifest @protobufjs/pool@^1.1.0
206 silly packumentCache full:https://registry.npmjs.org/@protobufjs%2fpool cache-miss
207 http fetch GET 200 https://registry.npmjs.org/gaxios 348ms (cache revalidated)
208 silly packumentCache full:https://registry.npmjs.org/gaxios set size:345358 disposed:false
209 silly fetch manifest @protobufjs/utf8@^1.1.1
210 silly packumentCache full:https://registry.npmjs.org/@protobufjs%2futf8 cache-miss
211 http fetch GET 200 https://registry.npmjs.org/jws 371ms (cache revalidated)
212 silly packumentCache full:https://registry.npmjs.org/jws set size:48919 disposed:false
213 silly fetch manifest @protobufjs/fetch@^1.1.0
214 silly packumentCache full:https://registry.npmjs.org/@protobufjs%2ffetch cache-miss
215 http fetch GET 200 https://registry.npmjs.org/long 350ms (cache revalidated)
216 silly packumentCache full:https://registry.npmjs.org/long set size:80704 disposed:false
217 silly fetch manifest @protobufjs/float@^1.0.2
218 silly packumentCache full:https://registry.npmjs.org/@protobufjs%2ffloat cache-miss
219 http fetch GET 200 https://registry.npmjs.org/@types%2fretry 367ms (cache revalidated)
220 silly packumentCache full:https://registry.npmjs.org/@types%2fretry set size:17008 disposed:false
221 silly fetch manifest @protobufjs/base64@^1.1.2
222 silly packumentCache full:https://registry.npmjs.org/@protobufjs%2fbase64 cache-miss
223 http fetch GET 200 https://registry.npmjs.org/@types%2fnode 446ms (cache revalidated)
224 silly packumentCache full:https://registry.npmjs.org/@types%2fnode set size:10972342 disposed:false
225 silly fetch manifest @protobufjs/codegen@^2.0.5
226 silly packumentCache full:https://registry.npmjs.org/@protobufjs%2fcodegen cache-miss
227 http fetch GET 200 https://registry.npmjs.org/@protobufjs%2ffetch 806ms (cache revalidated)
228 silly packumentCache full:https://registry.npmjs.org/@protobufjs%2ffetch set size:10099 disposed:false
229 silly fetch manifest @protobufjs/inquire@^1.1.1
230 silly packumentCache full:https://registry.npmjs.org/@protobufjs%2finquire cache-miss
231 http fetch GET 200 https://registry.npmjs.org/@protobufjs%2fpath 858ms (cache revalidated)
232 silly packumentCache full:https://registry.npmjs.org/@protobufjs%2fpath set size:10241 disposed:false
233 silly fetch manifest @protobufjs/aspromise@^1.1.2
234 silly packumentCache full:https://registry.npmjs.org/@protobufjs%2faspromise cache-miss
235 http fetch GET 200 https://registry.npmjs.org/@protobufjs%2fpool 856ms (cache revalidated)
236 silly packumentCache full:https://registry.npmjs.org/@protobufjs%2fpool set size:10727 disposed:false
237 silly fetch manifest @protobufjs/eventemitter@^1.1.0
238 silly packumentCache full:https://registry.npmjs.org/@protobufjs%2feventemitter cache-miss
239 http fetch GET 200 https://registry.npmjs.org/@protobufjs%2futf8 842ms (cache revalidated)
240 silly packumentCache full:https://registry.npmjs.org/@protobufjs%2futf8 set size:15634 disposed:false
241 http fetch GET 200 https://registry.npmjs.org/@protobufjs%2fcodegen 363ms (cache revalidated)
242 silly packumentCache full:https://registry.npmjs.org/@protobufjs%2fcodegen set size:23820 disposed:false
243 http fetch GET 200 https://registry.npmjs.org/@protobufjs%2ffloat 879ms (cache revalidated)
244 silly packumentCache full:https://registry.npmjs.org/@protobufjs%2ffloat set size:9957 disposed:false
245 http fetch GET 200 https://registry.npmjs.org/@protobufjs%2feventemitter 334ms (cache revalidated)
246 silly packumentCache full:https://registry.npmjs.org/@protobufjs%2feventemitter set size:11306 disposed:false
247 http fetch GET 200 https://registry.npmjs.org/@protobufjs%2finquire 349ms (cache revalidated)
248 silly packumentCache full:https://registry.npmjs.org/@protobufjs%2finquire set size:8827 disposed:false
249 http fetch GET 200 https://registry.npmjs.org/@protobufjs%2faspromise 347ms (cache revalidated)
250 silly packumentCache full:https://registry.npmjs.org/@protobufjs%2faspromise set size:11438 disposed:false
251 http fetch GET 200 https://registry.npmjs.org/@protobufjs%2fbase64 885ms (cache revalidated)
252 silly packumentCache full:https://registry.npmjs.org/@protobufjs%2fbase64 set size:14176 disposed:false
253 silly placeDep ROOT accepts@2.0.0 OK for: express@5.2.1 want: ^2.0.0
254 silly placeDep ROOT body-parser@2.2.2 OK for: express@5.2.1 want: ^2.2.1
255 silly placeDep ROOT content-disposition@1.1.0 OK for: express@5.2.1 want: ^1.0.0
256 silly placeDep ROOT content-type@1.0.5 OK for: express@5.2.1 want: ^1.0.5
257 silly placeDep ROOT cookie@0.7.2 OK for: express@5.2.1 want: ^0.7.1
258 silly placeDep ROOT cookie-signature@1.2.2 OK for: express@5.2.1 want: ^1.2.1
259 silly placeDep ROOT debug@4.4.3 OK for: express@5.2.1 want: ^4.4.0
260 silly placeDep ROOT depd@2.0.0 OK for: express@5.2.1 want: ^2.0.0
261 silly placeDep ROOT encodeurl@2.0.0 OK for: express@5.2.1 want: ^2.0.0
262 silly placeDep ROOT escape-html@1.0.3 OK for: express@5.2.1 want: ^1.0.3
263 silly placeDep ROOT etag@1.8.1 OK for: express@5.2.1 want: ^1.8.1
264 silly placeDep ROOT finalhandler@2.1.1 OK for: express@5.2.1 want: ^2.1.0
265 silly placeDep ROOT fresh@2.0.0 OK for: express@5.2.1 want: ^2.0.0
266 silly placeDep ROOT http-errors@2.0.1 OK for: express@5.2.1 want: ^2.0.0
267 silly placeDep ROOT merge-descriptors@2.0.0 OK for: express@5.2.1 want: ^2.0.0
268 silly placeDep ROOT mime-types@3.0.2 OK for: express@5.2.1 want: ^3.0.0
269 silly placeDep ROOT on-finished@2.4.1 OK for: express@5.2.1 want: ^2.4.1
270 silly placeDep ROOT once@1.4.0 OK for: express@5.2.1 want: ^1.4.0
271 silly placeDep ROOT parseurl@1.3.3 OK for: express@5.2.1 want: ^1.3.3
272 silly placeDep ROOT proxy-addr@2.0.7 OK for: express@5.2.1 want: ^2.0.7
273 silly placeDep ROOT qs@6.15.1 OK for: express@5.2.1 want: ^6.14.0
274 silly placeDep ROOT range-parser@1.2.1 OK for: express@5.2.1 want: ^1.2.1
275 silly placeDep ROOT router@2.2.0 OK for: express@5.2.1 want: ^2.2.0
276 silly placeDep ROOT send@1.2.1 OK for: express@5.2.1 want: ^1.1.0
277 silly placeDep ROOT serve-static@2.2.1 OK for: express@5.2.1 want: ^2.2.0
278 silly placeDep ROOT statuses@2.0.2 OK for: express@5.2.1 want: ^2.0.1
279 silly placeDep ROOT type-is@2.0.1 OK for: express@5.2.1 want: ^2.0.1
280 silly placeDep ROOT vary@1.1.2 OK for: express@5.2.1 want: ^1.1.2
281 silly fetch manifest negotiator@^1.0.0
282 silly packumentCache full:https://registry.npmjs.org/negotiator cache-miss
283 silly fetch manifest qs@^6.14.1
284 silly packumentCache full:https://registry.npmjs.org/qs cache-miss
285 silly fetch manifest bytes@^3.1.2
286 silly packumentCache full:https://registry.npmjs.org/bytes cache-miss
287 silly fetch manifest debug@^4.4.3
288 silly packumentCache full:https://registry.npmjs.org/debug cache-hit
289 silly fetch manifest raw-body@^3.0.1
290 silly packumentCache full:https://registry.npmjs.org/raw-body cache-miss
291 silly fetch manifest iconv-lite@^0.7.0
292 silly packumentCache full:https://registry.npmjs.org/iconv-lite cache-miss
293 silly fetch manifest ms@^2.1.3
294 silly packumentCache full:https://registry.npmjs.org/ms cache-miss
295 silly fetch manifest inherits@~2.0.4
296 silly packumentCache full:https://registry.npmjs.org/inherits cache-miss
297 http cache https://registry.npmjs.org/qs 61ms (cache hit)
298 silly packumentCache full:https://registry.npmjs.org/qs set size:353582 disposed:false
299 silly fetch manifest setprototypeof@~1.2.0
300 silly packumentCache full:https://registry.npmjs.org/setprototypeof cache-miss
301 http fetch GET 200 https://registry.npmjs.org/ms 298ms (cache revalidated)
302 silly packumentCache full:https://registry.npmjs.org/ms set size:92208 disposed:false
303 silly fetch manifest statuses@~2.0.2
304 silly packumentCache full:https://registry.npmjs.org/statuses cache-miss
305 http fetch GET 200 https://registry.npmjs.org/negotiator 329ms (cache revalidated)
306 silly packumentCache full:https://registry.npmjs.org/negotiator set size:48046 disposed:false
307 silly fetch manifest toidentifier@~1.0.1
308 silly packumentCache full:https://registry.npmjs.org/toidentifier cache-miss
309 http fetch GET 200 https://registry.npmjs.org/bytes 333ms (cache revalidated)
310 silly packumentCache full:https://registry.npmjs.org/bytes set size:37018 disposed:false
311 silly fetch manifest mime-db@^1.54.0
312 silly packumentCache full:https://registry.npmjs.org/mime-db cache-miss
313 http fetch GET 200 https://registry.npmjs.org/inherits 340ms (cache miss)
314 silly packumentCache full:https://registry.npmjs.org/inherits set size:undefined disposed:false
315 silly fetch manifest ee-first@1.1.1
316 silly packumentCache full:https://registry.npmjs.org/ee-first cache-miss
317 http fetch GET 200 https://registry.npmjs.org/setprototypeof 293ms (cache miss)
318 silly packumentCache full:https://registry.npmjs.org/setprototypeof set size:undefined disposed:false
319 silly fetch manifest wrappy@1
320 silly packumentCache full:https://registry.npmjs.org/wrappy cache-miss
321 http fetch GET 200 https://registry.npmjs.org/iconv-lite 368ms (cache miss)
322 silly packumentCache full:https://registry.npmjs.org/iconv-lite set size:undefined disposed:false
323 silly fetch manifest forwarded@0.2.0
324 silly packumentCache full:https://registry.npmjs.org/forwarded cache-miss
325 http cache https://registry.npmjs.org/statuses 81ms (cache hit)
326 silly packumentCache full:https://registry.npmjs.org/statuses set size:37117 disposed:false
327 silly fetch manifest ipaddr.js@1.9.1
328 silly packumentCache full:https://registry.npmjs.org/ipaddr.js cache-miss
329 http fetch GET 200 https://registry.npmjs.org/raw-body 406ms (cache miss)
330 silly packumentCache full:https://registry.npmjs.org/raw-body set size:undefined disposed:false
331 silly fetch manifest side-channel@^1.1.0
332 silly packumentCache full:https://registry.npmjs.org/side-channel cache-miss
333 http fetch GET 200 https://registry.npmjs.org/toidentifier 275ms (cache miss)
334 silly packumentCache full:https://registry.npmjs.org/toidentifier set size:undefined disposed:false
335 silly fetch manifest is-promise@^4.0.0
336 silly packumentCache full:https://registry.npmjs.org/is-promise cache-miss
337 http fetch GET 200 https://registry.npmjs.org/ee-first 248ms (cache miss)
338 silly packumentCache full:https://registry.npmjs.org/ee-first set size:undefined disposed:false
339 silly fetch manifest path-to-regexp@^8.0.0
340 silly packumentCache full:https://registry.npmjs.org/path-to-regexp cache-miss
341 http fetch GET 200 https://registry.npmjs.org/mime-db 321ms (cache revalidated)
342 silly packumentCache full:https://registry.npmjs.org/mime-db set size:164953 disposed:false
343 silly fetch manifest statuses@^2.0.2
344 silly packumentCache full:https://registry.npmjs.org/statuses cache-hit
345 silly fetch manifest media-typer@^1.1.0
346 silly packumentCache full:https://registry.npmjs.org/media-typer cache-miss
347 http fetch GET 200 https://registry.npmjs.org/wrappy 310ms (cache miss)
348 silly packumentCache full:https://registry.npmjs.org/wrappy set size:undefined disposed:false
349 http fetch GET 200 https://registry.npmjs.org/forwarded 312ms (cache miss)
350 silly packumentCache full:https://registry.npmjs.org/forwarded set size:undefined disposed:false
351 http fetch GET 200 https://registry.npmjs.org/side-channel 289ms (cache miss)
352 silly packumentCache full:https://registry.npmjs.org/side-channel set size:undefined disposed:false
353 http fetch GET 200 https://registry.npmjs.org/ipaddr.js 307ms (cache miss)
354 silly packumentCache full:https://registry.npmjs.org/ipaddr.js set size:undefined disposed:false
355 http fetch GET 200 https://registry.npmjs.org/is-promise 287ms (cache miss)
356 silly packumentCache full:https://registry.npmjs.org/is-promise set size:undefined disposed:false
357 http fetch GET 200 https://registry.npmjs.org/path-to-regexp 304ms (cache revalidated)
358 silly packumentCache full:https://registry.npmjs.org/path-to-regexp set size:216334 disposed:false
359 http fetch GET 200 https://registry.npmjs.org/media-typer 261ms (cache miss)
360 silly packumentCache full:https://registry.npmjs.org/media-typer set size:undefined disposed:false
361 silly placeDep ROOT negotiator@1.0.0 OK for: accepts@2.0.0 want: ^1.0.0
362 silly placeDep ROOT bytes@3.1.2 OK for: body-parser@2.2.2 want: ^3.1.2
363 silly placeDep ROOT iconv-lite@0.7.2 OK for: body-parser@2.2.2 want: ^0.7.0
364 silly placeDep ROOT raw-body@3.0.2 OK for: body-parser@2.2.2 want: ^3.0.1
365 silly fetch manifest safer-buffer@>= 2.1.2 < 3.0.0
366 silly packumentCache full:https://registry.npmjs.org/safer-buffer cache-miss
367 silly fetch manifest unpipe@~1.0.0
368 silly packumentCache full:https://registry.npmjs.org/unpipe cache-miss
369 http fetch GET 200 https://registry.npmjs.org/unpipe 286ms (cache miss)
370 silly packumentCache full:https://registry.npmjs.org/unpipe set size:undefined disposed:false
371 http fetch GET 200 https://registry.npmjs.org/safer-buffer 307ms (cache miss)
372 silly packumentCache full:https://registry.npmjs.org/safer-buffer set size:undefined disposed:false
373 silly placeDep ROOT ms@2.1.3 OK for: debug@4.4.3 want: ^2.1.3
374 silly placeDep ROOT base64-js@1.5.1 OK for: google-auth-library@10.6.2 want: ^1.3.0
375 silly placeDep ROOT ecdsa-sig-formatter@1.0.11 OK for: google-auth-library@10.6.2 want: ^1.0.11
376 silly placeDep ROOT gaxios@7.1.4 OK for: google-auth-library@10.6.2 want: ^7.1.4
377 silly placeDep ROOT gcp-metadata@8.1.2 OK for: google-auth-library@10.6.2 want: 8.1.2
378 silly placeDep ROOT google-logging-utils@1.1.3 OK for: google-auth-library@10.6.2 want: 1.1.3
379 silly placeDep ROOT jws@4.0.1 OK for: google-auth-library@10.6.2 want: ^4.0.0
380 silly fetch manifest safe-buffer@^5.0.1
381 silly packumentCache full:https://registry.npmjs.org/safe-buffer cache-miss
382 silly fetch manifest extend@^3.0.2
383 silly packumentCache full:https://registry.npmjs.org/extend cache-miss
384 silly fetch manifest https-proxy-agent@^7.0.1
385 silly packumentCache full:https://registry.npmjs.org/https-proxy-agent cache-miss
386 silly fetch manifest node-fetch@^3.3.2
387 silly packumentCache full:https://registry.npmjs.org/node-fetch cache-miss
388 silly fetch manifest google-logging-utils@^1.0.0
389 silly packumentCache full:https://registry.npmjs.org/google-logging-utils cache-hit
390 silly fetch manifest json-bigint@^1.0.0
391 silly packumentCache full:https://registry.npmjs.org/json-bigint cache-miss
392 silly fetch manifest jwa@^2.0.1
393 silly packumentCache full:https://registry.npmjs.org/jwa cache-miss
394 silly fetch manifest safe-buffer@^5.0.1
395 silly packumentCache full:https://registry.npmjs.org/safe-buffer cache-miss
396 http fetch GET 200 https://registry.npmjs.org/safe-buffer 270ms (cache revalidated)
397 silly packumentCache full:https://registry.npmjs.org/safe-buffer set size:41183 disposed:false
398 http fetch GET 200 https://registry.npmjs.org/safe-buffer 259ms (cache revalidated)
399 silly packumentCache full:https://registry.npmjs.org/safe-buffer set size:41183 disposed:false
400 silly packumentCache full:https://registry.npmjs.org/safe-buffer dispose
401 http fetch GET 200 https://registry.npmjs.org/https-proxy-agent 282ms (cache revalidated)
402 silly packumentCache full:https://registry.npmjs.org/https-proxy-agent set size:81258 disposed:false
403 http fetch GET 200 https://registry.npmjs.org/extend 294ms (cache revalidated)
404 silly packumentCache full:https://registry.npmjs.org/extend set size:25974 disposed:false
405 http fetch GET 200 https://registry.npmjs.org/node-fetch 302ms (cache revalidated)
406 silly packumentCache full:https://registry.npmjs.org/node-fetch set size:896010 disposed:false
407 http fetch GET 200 https://registry.npmjs.org/jwa 371ms (cache revalidated)
408 silly packumentCache full:https://registry.npmjs.org/jwa set size:39956 disposed:false
409 http fetch GET 200 https://registry.npmjs.org/json-bigint 389ms (cache revalidated)
410 silly packumentCache full:https://registry.npmjs.org/json-bigint set size:36963 disposed:false
411 silly placeDep ROOT safe-buffer@5.2.1 OK for: ecdsa-sig-formatter@1.0.11 want: ^5.0.1
412 silly placeDep ROOT extend@3.0.2 OK for: gaxios@7.1.4 want: ^3.0.2
413 silly placeDep ROOT https-proxy-agent@7.0.6 OK for: gaxios@7.1.4 want: ^7.0.1
414 silly placeDep ROOT node-fetch@3.3.2 OK for: gaxios@7.1.4 want: ^3.3.2
415 silly fetch manifest agent-base@^7.1.2
416 silly packumentCache full:https://registry.npmjs.org/agent-base cache-miss
417 silly fetch manifest data-uri-to-buffer@^4.0.0
418 silly packumentCache full:https://registry.npmjs.org/data-uri-to-buffer cache-miss
419 silly fetch manifest fetch-blob@^3.1.4
420 silly packumentCache full:https://registry.npmjs.org/fetch-blob cache-miss
421 silly fetch manifest formdata-polyfill@^4.0.10
422 silly packumentCache full:https://registry.npmjs.org/formdata-polyfill cache-miss
423 http fetch GET 200 https://registry.npmjs.org/agent-base 288ms (cache revalidated)
424 silly packumentCache full:https://registry.npmjs.org/agent-base set size:72085 disposed:false
425 http fetch GET 200 https://registry.npmjs.org/formdata-polyfill 291ms (cache revalidated)
426 silly packumentCache full:https://registry.npmjs.org/formdata-polyfill set size:94446 disposed:false
427 http fetch GET 200 https://registry.npmjs.org/data-uri-to-buffer 303ms (cache revalidated)
428 silly packumentCache full:https://registry.npmjs.org/data-uri-to-buffer set size:48018 disposed:false
429 http fetch GET 200 https://registry.npmjs.org/fetch-blob 309ms (cache revalidated)
430 silly packumentCache full:https://registry.npmjs.org/fetch-blob set size:73704 disposed:false
431 silly placeDep ROOT json-bigint@1.0.0 OK for: gcp-metadata@8.1.2 want: ^1.0.0
432 silly fetch manifest bignumber.js@^9.0.0
433 silly packumentCache full:https://registry.npmjs.org/bignumber.js cache-miss
434 http fetch GET 200 https://registry.npmjs.org/bignumber.js 340ms (cache revalidated)
435 silly packumentCache full:https://registry.npmjs.org/bignumber.js set size:139519 disposed:false
436 silly placeDep ROOT inherits@2.0.4 OK for: http-errors@2.0.1 want: ~2.0.4
437 silly placeDep ROOT setprototypeof@1.2.0 OK for: http-errors@2.0.1 want: ~1.2.0
438 silly placeDep ROOT toidentifier@1.0.1 OK for: http-errors@2.0.1 want: ~1.0.1
439 silly placeDep ROOT agent-base@7.1.4 OK for: https-proxy-agent@7.0.6 want: ^7.1.2
440 silly placeDep ROOT safer-buffer@2.1.2 OK for: iconv-lite@0.7.2 want: >= 2.1.2 < 3.0.0
441 silly placeDep ROOT bignumber.js@9.3.1 OK for: json-bigint@1.0.0 want: ^9.0.0
442 silly placeDep ROOT jwa@2.0.1 OK for: jws@4.0.1 want: ^2.0.1
443 silly fetch manifest buffer-equal-constant-time@^1.0.1
444 silly packumentCache full:https://registry.npmjs.org/buffer-equal-constant-time cache-miss
445 http fetch GET 200 https://registry.npmjs.org/buffer-equal-constant-time 262ms (cache revalidated)
446 silly packumentCache full:https://registry.npmjs.org/buffer-equal-constant-time set size:4390 disposed:false
447 silly placeDep ROOT buffer-equal-constant-time@1.0.1 OK for: jwa@2.0.1 want: ^1.0.1
448 silly placeDep ROOT mime-db@1.54.0 OK for: mime-types@3.0.2 want: ^1.54.0
449 silly placeDep ROOT data-uri-to-buffer@4.0.1 OK for: node-fetch@3.3.2 want: ^4.0.0
450 silly placeDep ROOT fetch-blob@3.2.0 OK for: node-fetch@3.3.2 want: ^3.1.4
451 silly placeDep ROOT formdata-polyfill@4.0.10 OK for: node-fetch@3.3.2 want: ^4.0.10
452 silly fetch manifest node-domexception@^1.0.0
453 silly packumentCache full:https://registry.npmjs.org/node-domexception cache-miss
454 silly fetch manifest web-streams-polyfill@^3.0.3
455 silly packumentCache full:https://registry.npmjs.org/web-streams-polyfill cache-miss
456 http fetch GET 200 https://registry.npmjs.org/node-domexception 275ms (cache revalidated)
457 silly packumentCache full:https://registry.npmjs.org/node-domexception set size:11516 disposed:false
458 http fetch GET 200 https://registry.npmjs.org/web-streams-polyfill 277ms (cache revalidated)
459 silly packumentCache full:https://registry.npmjs.org/web-streams-polyfill set size:136634 disposed:false
460 silly placeDep ROOT node-domexception@1.0.0 OK for: fetch-blob@3.2.0 want: ^1.0.0
461 silly placeDep ROOT web-streams-polyfill@3.3.3 OK for: fetch-blob@3.2.0 want: ^3.0.3
462 silly placeDep ROOT ee-first@1.1.1 OK for: on-finished@2.4.1 want: 1.1.1
463 silly placeDep ROOT wrappy@1.0.2 OK for: once@1.4.0 want: 1
464 silly placeDep ROOT @types/retry@0.12.0 OK for: p-retry@4.6.2 want: 0.12.0
465 silly placeDep ROOT retry@0.13.1 OK for: p-retry@4.6.2 want: ^0.13.1
466 silly placeDep ROOT @protobufjs/aspromise@1.1.2 OK for: protobufjs@7.5.6 want: ^1.1.2
467 silly placeDep ROOT @protobufjs/base64@1.1.2 OK for: protobufjs@7.5.6 want: ^1.1.2
468 silly placeDep ROOT @protobufjs/codegen@2.0.5 OK for: protobufjs@7.5.6 want: ^2.0.5
469 silly placeDep ROOT @protobufjs/eventemitter@1.1.0 OK for: protobufjs@7.5.6 want: ^1.1.0
470 silly placeDep ROOT @protobufjs/fetch@1.1.0 OK for: protobufjs@7.5.6 want: ^1.1.0
471 silly placeDep ROOT @protobufjs/float@1.0.2 OK for: protobufjs@7.5.6 want: ^1.0.2
472 silly placeDep ROOT @protobufjs/inquire@1.1.1 OK for: protobufjs@7.5.6 want: ^1.1.1
473 silly placeDep ROOT @protobufjs/path@1.1.2 OK for: protobufjs@7.5.6 want: ^1.1.2
474 silly placeDep ROOT @protobufjs/pool@1.1.0 OK for: protobufjs@7.5.6 want: ^1.1.0
475 silly placeDep ROOT @protobufjs/utf8@1.1.1 OK for: protobufjs@7.5.6 want: ^1.1.1
476 silly placeDep ROOT @types/node@25.6.0 OK for: protobufjs@7.5.6 want: >=13.7.0
477 silly placeDep ROOT long@5.3.2 OK for: protobufjs@7.5.6 want: ^5.0.0
478 silly fetch manifest @protobufjs/inquire@^1.1.0
479 silly packumentCache full:https://registry.npmjs.org/@protobufjs%2finquire cache-hit
480 silly fetch manifest undici-types@~7.19.0
481 silly packumentCache full:https://registry.npmjs.org/undici-types cache-miss
482 http fetch GET 200 https://registry.npmjs.org/undici-types 284ms (cache revalidated)
483 silly packumentCache full:https://registry.npmjs.org/undici-types set size:212662 disposed:false
484 silly placeDep ROOT undici-types@7.19.2 OK for: @types/node@25.6.0 want: ~7.19.0
485 silly placeDep ROOT forwarded@0.2.0 OK for: proxy-addr@2.0.7 want: 0.2.0
486 silly placeDep ROOT ipaddr.js@1.9.1 OK for: proxy-addr@2.0.7 want: 1.9.1
487 silly placeDep ROOT side-channel@1.1.0 OK for: qs@6.15.1 want: ^1.1.0
488 silly fetch manifest es-errors@^1.3.0
489 silly packumentCache full:https://registry.npmjs.org/es-errors cache-miss
490 silly fetch manifest object-inspect@^1.13.3
491 silly packumentCache full:https://registry.npmjs.org/object-inspect cache-miss
492 silly fetch manifest side-channel-list@^1.0.0
493 silly packumentCache full:https://registry.npmjs.org/side-channel-list cache-miss
494 silly fetch manifest side-channel-map@^1.0.1
495 silly packumentCache full:https://registry.npmjs.org/side-channel-map cache-miss
496 silly fetch manifest side-channel-weakmap@^1.0.2
497 silly packumentCache full:https://registry.npmjs.org/side-channel-weakmap cache-miss
498 http fetch GET 200 https://registry.npmjs.org/es-errors 275ms (cache revalidated)
499 silly packumentCache full:https://registry.npmjs.org/es-errors set size:16918 disposed:false
500 http fetch GET 200 https://registry.npmjs.org/side-channel-map 283ms (cache miss)
501 silly packumentCache full:https://registry.npmjs.org/side-channel-map set size:undefined disposed:false
502 http fetch GET 200 https://registry.npmjs.org/side-channel-weakmap 286ms (cache miss)
503 silly packumentCache full:https://registry.npmjs.org/side-channel-weakmap set size:undefined disposed:false
504 http fetch GET 200 https://registry.npmjs.org/side-channel-list 293ms (cache miss)
505 silly packumentCache full:https://registry.npmjs.org/side-channel-list set size:undefined disposed:false
506 http fetch GET 200 https://registry.npmjs.org/object-inspect 301ms (cache miss)
507 silly packumentCache full:https://registry.npmjs.org/object-inspect set size:undefined disposed:false
508 silly placeDep ROOT unpipe@1.0.0 OK for: raw-body@3.0.2 want: ~1.0.0
509 silly placeDep ROOT is-promise@4.0.0 OK for: router@2.2.0 want: ^4.0.0
510 silly placeDep ROOT path-to-regexp@8.4.2 OK for: router@2.2.0 want: ^8.0.0
511 silly placeDep ROOT es-errors@1.3.0 OK for: side-channel@1.1.0 want: ^1.3.0
512 silly placeDep ROOT object-inspect@1.13.4 OK for: side-channel@1.1.0 want: ^1.13.3
513 silly placeDep ROOT side-channel-list@1.0.1 OK for: side-channel@1.1.0 want: ^1.0.0
514 silly placeDep ROOT side-channel-map@1.0.1 OK for: side-channel@1.1.0 want: ^1.0.1
515 silly placeDep ROOT side-channel-weakmap@1.0.2 OK for: side-channel@1.1.0 want: ^1.0.2
516 silly fetch manifest call-bound@^1.0.2
517 silly packumentCache full:https://registry.npmjs.org/call-bound cache-miss
518 silly fetch manifest get-intrinsic@^1.2.5
519 silly packumentCache full:https://registry.npmjs.org/get-intrinsic cache-miss
520 silly fetch manifest call-bound@^1.0.2
521 silly packumentCache full:https://registry.npmjs.org/call-bound cache-miss
522 silly fetch manifest get-intrinsic@^1.2.5
523 silly packumentCache full:https://registry.npmjs.org/get-intrinsic cache-miss
524 http fetch GET 200 https://registry.npmjs.org/get-intrinsic 278ms (cache revalidated)
525 silly packumentCache full:https://registry.npmjs.org/get-intrinsic set size:60985 disposed:false
526 http fetch GET 200 https://registry.npmjs.org/get-intrinsic 281ms (cache revalidated)
527 silly packumentCache full:https://registry.npmjs.org/get-intrinsic set size:60985 disposed:false
528 silly packumentCache full:https://registry.npmjs.org/get-intrinsic dispose
529 http fetch GET 200 https://registry.npmjs.org/call-bound 294ms (cache miss)
530 silly packumentCache full:https://registry.npmjs.org/call-bound set size:undefined disposed:false
531 http fetch GET 200 https://registry.npmjs.org/call-bound 295ms (cache miss)
532 silly packumentCache full:https://registry.npmjs.org/call-bound set size:undefined disposed:false
533 silly placeDep ROOT call-bound@1.0.4 OK for: side-channel-map@1.0.1 want: ^1.0.2
534 silly placeDep ROOT get-intrinsic@1.3.0 OK for: side-channel-map@1.0.1 want: ^1.2.5
535 silly fetch manifest call-bind-apply-helpers@^1.0.2
536 silly packumentCache full:https://registry.npmjs.org/call-bind-apply-helpers cache-miss
537 silly fetch manifest get-intrinsic@^1.3.0
538 silly packumentCache full:https://registry.npmjs.org/get-intrinsic cache-hit
539 silly fetch manifest gopd@^1.2.0
540 silly packumentCache full:https://registry.npmjs.org/gopd cache-miss
541 silly fetch manifest hasown@^2.0.2
542 silly packumentCache full:https://registry.npmjs.org/hasown cache-miss
543 silly fetch manifest get-proto@^1.0.1
544 silly packumentCache full:https://registry.npmjs.org/get-proto cache-miss
545 silly fetch manifest has-symbols@^1.1.0
546 silly packumentCache full:https://registry.npmjs.org/has-symbols cache-miss
547 silly fetch manifest function-bind@^1.1.2
548 silly packumentCache full:https://registry.npmjs.org/function-bind cache-miss
549 silly fetch manifest es-object-atoms@^1.1.1
550 silly packumentCache full:https://registry.npmjs.org/es-object-atoms cache-miss
551 http fetch GET 200 https://registry.npmjs.org/es-object-atoms 267ms (cache revalidated)
552 silly packumentCache full:https://registry.npmjs.org/es-object-atoms set size:15304 disposed:false
553 silly fetch manifest math-intrinsics@^1.1.0
554 silly packumentCache full:https://registry.npmjs.org/math-intrinsics cache-miss
555 http fetch GET 200 https://registry.npmjs.org/get-proto 282ms (cache revalidated)
556 silly packumentCache full:https://registry.npmjs.org/get-proto set size:8300 disposed:false
557 silly fetch manifest es-define-property@^1.0.1
558 silly packumentCache full:https://registry.npmjs.org/es-define-property cache-miss
559 http fetch GET 200 https://registry.npmjs.org/function-bind 285ms (cache revalidated)
560 silly packumentCache full:https://registry.npmjs.org/function-bind set size:15733 disposed:false
561 silly fetch manifest call-bind-apply-helpers@^1.0.2
562 silly packumentCache full:https://registry.npmjs.org/call-bind-apply-helpers cache-miss
563 http fetch GET 200 https://registry.npmjs.org/has-symbols 297ms (cache revalidated)
564 silly packumentCache full:https://registry.npmjs.org/has-symbols set size:21550 disposed:false
565 http fetch GET 200 https://registry.npmjs.org/gopd 304ms (cache revalidated)
566 silly packumentCache full:https://registry.npmjs.org/gopd set size:11458 disposed:false
567 http fetch GET 200 https://registry.npmjs.org/hasown 307ms (cache revalidated)
568 silly packumentCache full:https://registry.npmjs.org/hasown set size:15429 disposed:false
569 http fetch GET 200 https://registry.npmjs.org/call-bind-apply-helpers 318ms (cache revalidated)
570 silly packumentCache full:https://registry.npmjs.org/call-bind-apply-helpers set size:12744 disposed:false
571 http cache https://registry.npmjs.org/call-bind-apply-helpers 36ms (cache hit)
572 silly packumentCache full:https://registry.npmjs.org/call-bind-apply-helpers set size:12744 disposed:false
573 silly packumentCache full:https://registry.npmjs.org/call-bind-apply-helpers dispose
574 http fetch GET 200 https://registry.npmjs.org/es-define-property 289ms (cache revalidated)
575 silly packumentCache full:https://registry.npmjs.org/es-define-property set size:8542 disposed:false
576 http fetch GET 200 https://registry.npmjs.org/math-intrinsics 298ms (cache revalidated)
577 silly packumentCache full:https://registry.npmjs.org/math-intrinsics set size:9265 disposed:false
578 silly placeDep ROOT call-bind-apply-helpers@1.0.2 OK for: call-bound@1.0.4 want: ^1.0.2
579 silly placeDep ROOT function-bind@1.1.2 OK for: call-bind-apply-helpers@1.0.2 want: ^1.1.2
580 silly placeDep ROOT es-define-property@1.0.1 OK for: get-intrinsic@1.3.0 want: ^1.0.1
581 silly placeDep ROOT es-object-atoms@1.1.1 OK for: get-intrinsic@1.3.0 want: ^1.1.1
582 silly placeDep ROOT get-proto@1.0.1 OK for: get-intrinsic@1.3.0 want: ^1.0.1
583 silly placeDep ROOT gopd@1.2.0 OK for: get-intrinsic@1.3.0 want: ^1.2.0
584 silly placeDep ROOT has-symbols@1.1.0 OK for: get-intrinsic@1.3.0 want: ^1.1.0
585 silly placeDep ROOT hasown@2.0.3 OK for: get-intrinsic@1.3.0 want: ^2.0.2
586 silly placeDep ROOT math-intrinsics@1.1.0 OK for: get-intrinsic@1.3.0 want: ^1.1.0
587 silly fetch manifest dunder-proto@^1.0.1
588 silly packumentCache full:https://registry.npmjs.org/dunder-proto cache-miss
589 http fetch GET 200 https://registry.npmjs.org/dunder-proto 245ms (cache revalidated)
590 silly packumentCache full:https://registry.npmjs.org/dunder-proto set size:8256 disposed:false
591 silly placeDep ROOT dunder-proto@1.0.1 OK for: get-proto@1.0.1 want: ^1.0.1
592 silly placeDep ROOT media-typer@1.1.0 OK for: type-is@2.0.1 want: ^1.1.0
593 silly reify moves {}
594 http cache hasown@https://registry.npmjs.org/hasown/-/hasown-2.0.3.tgz 0ms (cache hit)
595 http cache dunder-proto@https://registry.npmjs.org/dunder-proto/-/dunder-proto-1.0.1.tgz 0ms (cache hit)
596 http cache get-proto@https://registry.npmjs.org/get-proto/-/get-proto-1.0.1.tgz 0ms (cache hit)
597 http cache media-typer@https://registry.npmjs.org/media-typer/-/media-typer-1.1.0.tgz 0ms (cache hit)
598 http cache gopd@https://registry.npmjs.org/gopd/-/gopd-1.2.0.tgz 0ms (cache hit)
599 http cache has-symbols@https://registry.npmjs.org/has-symbols/-/has-symbols-1.1.0.tgz 0ms (cache hit)
600 http cache es-object-atoms@https://registry.npmjs.org/es-object-atoms/-/es-object-atoms-1.1.1.tgz 1ms (cache hit)
601 http cache math-intrinsics@https://registry.npmjs.org/math-intrinsics/-/math-intrinsics-1.1.0.tgz 0ms (cache hit)
602 http cache function-bind@https://registry.npmjs.org/function-bind/-/function-bind-1.1.2.tgz 0ms (cache hit)
603 http cache call-bind-apply-helpers@https://registry.npmjs.org/call-bind-apply-helpers/-/call-bind-apply-helpers-1.0.2.tgz 0ms (cache hit)
604 http cache es-define-property@https://registry.npmjs.org/es-define-property/-/es-define-property-1.0.1.tgz 0ms (cache hit)
605 http cache call-bound@https://registry.npmjs.org/call-bound/-/call-bound-1.0.4.tgz 0ms (cache hit)
606 http cache get-intrinsic@https://registry.npmjs.org/get-intrinsic/-/get-intrinsic-1.3.0.tgz 0ms (cache hit)
607 http cache side-channel-map@https://registry.npmjs.org/side-channel-map/-/side-channel-map-1.0.1.tgz 0ms (cache hit)
608 http cache side-channel-weakmap@https://registry.npmjs.org/side-channel-weakmap/-/side-channel-weakmap-1.0.2.tgz 0ms (cache hit)
609 http cache side-channel-list@https://registry.npmjs.org/side-channel-list/-/side-channel-list-1.0.1.tgz 0ms (cache hit)
610 http cache path-to-regexp@https://registry.npmjs.org/path-to-regexp/-/path-to-regexp-8.4.2.tgz 0ms (cache hit)
611 http cache object-inspect@https://registry.npmjs.org/object-inspect/-/object-inspect-1.13.4.tgz 0ms (cache hit)
612 http cache is-promise@https://registry.npmjs.org/is-promise/-/is-promise-4.0.0.tgz 0ms (cache hit)
613 http cache unpipe@https://registry.npmjs.org/unpipe/-/unpipe-1.0.0.tgz 0ms (cache hit)
614 http cache undici-types@https://registry.npmjs.org/undici-types/-/undici-types-7.19.2.tgz 0ms (cache hit)
615 http cache es-errors@https://registry.npmjs.org/es-errors/-/es-errors-1.3.0.tgz 0ms (cache hit)
616 http cache forwarded@https://registry.npmjs.org/forwarded/-/forwarded-0.2.0.tgz 0ms (cache hit)
617 http cache long@https://registry.npmjs.org/long/-/long-5.3.2.tgz 0ms (cache hit)
618 http cache @protobufjs/utf8@https://registry.npmjs.org/@protobufjs/utf8/-/utf8-1.1.1.tgz 1ms (cache hit)
619 http cache ipaddr.js@https://registry.npmjs.org/ipaddr.js/-/ipaddr.js-1.9.1.tgz 0ms (cache hit)
620 http cache @types/node@https://registry.npmjs.org/@types/node/-/node-25.6.0.tgz 0ms (cache hit)
621 http cache @protobufjs/path@https://registry.npmjs.org/@protobufjs/path/-/path-1.1.2.tgz 0ms (cache hit)
622 http cache side-channel@https://registry.npmjs.org/side-channel/-/side-channel-1.1.0.tgz 0ms (cache hit)
623 http cache @protobufjs/inquire@https://registry.npmjs.org/@protobufjs/inquire/-/inquire-1.1.1.tgz 0ms (cache hit)
624 http cache @protobufjs/eventemitter@https://registry.npmjs.org/@protobufjs/eventemitter/-/eventemitter-1.1.0.tgz 0ms (cache hit)
625 http cache @protobufjs/codegen@https://registry.npmjs.org/@protobufjs/codegen/-/codegen-2.0.5.tgz 0ms (cache hit)
626 http cache @protobufjs/base64@https://registry.npmjs.org/@protobufjs/base64/-/base64-1.1.2.tgz 0ms (cache hit)
627 http cache @protobufjs/fetch@https://registry.npmjs.org/@protobufjs/fetch/-/fetch-1.1.0.tgz 0ms (cache hit)
628 http cache @protobufjs/float@https://registry.npmjs.org/@protobufjs/float/-/float-1.0.2.tgz 0ms (cache hit)
629 http cache wrappy@https://registry.npmjs.org/wrappy/-/wrappy-1.0.2.tgz 0ms (cache hit)
630 http cache @protobufjs/aspromise@https://registry.npmjs.org/@protobufjs/aspromise/-/aspromise-1.1.2.tgz 0ms (cache hit)
631 http cache @protobufjs/pool@https://registry.npmjs.org/@protobufjs/pool/-/pool-1.1.0.tgz 0ms (cache hit)
632 http cache retry@https://registry.npmjs.org/retry/-/retry-0.13.1.tgz 0ms (cache hit)
633 http cache node-domexception@https://registry.npmjs.org/node-domexception/-/node-domexception-1.0.0.tgz 0ms (cache hit)
634 http cache ee-first@https://registry.npmjs.org/ee-first/-/ee-first-1.1.1.tgz 0ms (cache hit)
635 http cache @types/retry@https://registry.npmjs.org/@types/retry/-/retry-0.12.0.tgz 0ms (cache hit)
636 http cache web-streams-polyfill@https://registry.npmjs.org/web-streams-polyfill/-/web-streams-polyfill-3.3.3.tgz 0ms (cache hit)
637 http cache fetch-blob@https://registry.npmjs.org/fetch-blob/-/fetch-blob-3.2.0.tgz 0ms (cache hit)
638 http cache data-uri-to-buffer@https://registry.npmjs.org/data-uri-to-buffer/-/data-uri-to-buffer-4.0.1.tgz 0ms (cache hit)
639 http cache mime-db@https://registry.npmjs.org/mime-db/-/mime-db-1.54.0.tgz 0ms (cache hit)
640 http cache jwa@https://registry.npmjs.org/jwa/-/jwa-2.0.1.tgz 0ms (cache hit)
641 http cache formdata-polyfill@https://registry.npmjs.org/formdata-polyfill/-/formdata-polyfill-4.0.10.tgz 0ms (cache hit)
642 http cache bignumber.js@https://registry.npmjs.org/bignumber.js/-/bignumber.js-9.3.1.tgz 0ms (cache hit)
643 http cache agent-base@https://registry.npmjs.org/agent-base/-/agent-base-7.1.4.tgz 0ms (cache hit)
644 http cache safer-buffer@https://registry.npmjs.org/safer-buffer/-/safer-buffer-2.1.2.tgz 0ms (cache hit)
645 http cache toidentifier@https://registry.npmjs.org/toidentifier/-/toidentifier-1.0.1.tgz 0ms (cache hit)
646 http cache inherits@https://registry.npmjs.org/inherits/-/inherits-2.0.4.tgz 0ms (cache hit)
647 http cache setprototypeof@https://registry.npmjs.org/setprototypeof/-/setprototypeof-1.2.0.tgz 0ms (cache hit)
648 http cache json-bigint@https://registry.npmjs.org/json-bigint/-/json-bigint-1.0.0.tgz 0ms (cache hit)
649 http cache https-proxy-agent@https://registry.npmjs.org/https-proxy-agent/-/https-proxy-agent-7.0.6.tgz 0ms (cache hit)
650 http cache node-fetch@https://registry.npmjs.org/node-fetch/-/node-fetch-3.3.2.tgz 0ms (cache hit)
651 http cache google-logging-utils@https://registry.npmjs.org/google-logging-utils/-/google-logging-utils-1.1.3.tgz 0ms (cache hit)
652 http cache jws@https://registry.npmjs.org/jws/-/jws-4.0.1.tgz 0ms (cache hit)
653 http cache gcp-metadata@https://registry.npmjs.org/gcp-metadata/-/gcp-metadata-8.1.2.tgz 0ms (cache hit)
654 http cache safe-buffer@https://registry.npmjs.org/safe-buffer/-/safe-buffer-5.2.1.tgz 0ms (cache hit)
655 http cache ecdsa-sig-formatter@https://registry.npmjs.org/ecdsa-sig-formatter/-/ecdsa-sig-formatter-1.0.11.tgz 0ms (cache hit)
656 http cache gaxios@https://registry.npmjs.org/gaxios/-/gaxios-7.1.4.tgz 0ms (cache hit)
657 http cache ms@https://registry.npmjs.org/ms/-/ms-2.1.3.tgz 1ms (cache hit)
658 http cache base64-js@https://registry.npmjs.org/base64-js/-/base64-js-1.5.1.tgz 0ms (cache hit)
659 http cache extend@https://registry.npmjs.org/extend/-/extend-3.0.2.tgz 0ms (cache hit)
660 http cache raw-body@https://registry.npmjs.org/raw-body/-/raw-body-3.0.2.tgz 0ms (cache hit)
661 http cache bytes@https://registry.npmjs.org/bytes/-/bytes-3.1.2.tgz 0ms (cache hit)
662 http cache iconv-lite@https://registry.npmjs.org/iconv-lite/-/iconv-lite-0.7.2.tgz 0ms (cache hit)
663 http cache buffer-equal-constant-time@https://registry.npmjs.org/buffer-equal-constant-time/-/buffer-equal-constant-time-1.0.1.tgz 0ms (cache hit)
664 http cache negotiator@https://registry.npmjs.org/negotiator/-/negotiator-1.0.0.tgz 0ms (cache hit)
665 http cache type-is@https://registry.npmjs.org/type-is/-/type-is-2.0.1.tgz 0ms (cache hit)
666 http cache vary@https://registry.npmjs.org/vary/-/vary-1.1.2.tgz 0ms (cache hit)
667 http cache serve-static@https://registry.npmjs.org/serve-static/-/serve-static-2.2.1.tgz 0ms (cache hit)
668 http cache range-parser@https://registry.npmjs.org/range-parser/-/range-parser-1.2.1.tgz 0ms (cache hit)
669 http cache qs@https://registry.npmjs.org/qs/-/qs-6.15.1.tgz 0ms (cache hit)
670 http cache statuses@https://registry.npmjs.org/statuses/-/statuses-2.0.2.tgz 0ms (cache hit)
671 http cache proxy-addr@https://registry.npmjs.org/proxy-addr/-/proxy-addr-2.0.7.tgz 0ms (cache hit)
672 http cache router@https://registry.npmjs.org/router/-/router-2.2.0.tgz 0ms (cache hit)
673 http cache send@https://registry.npmjs.org/send/-/send-1.2.1.tgz 0ms (cache hit)
674 http cache parseurl@https://registry.npmjs.org/parseurl/-/parseurl-1.3.3.tgz 0ms (cache hit)
675 http cache once@https://registry.npmjs.org/once/-/once-1.4.0.tgz 0ms (cache hit)
676 http cache mime-types@https://registry.npmjs.org/mime-types/-/mime-types-3.0.2.tgz 0ms (cache hit)
677 http cache on-finished@https://registry.npmjs.org/on-finished/-/on-finished-2.4.1.tgz 1ms (cache hit)
678 http cache merge-descriptors@https://registry.npmjs.org/merge-descriptors/-/merge-descriptors-2.0.0.tgz 0ms (cache hit)
679 http cache http-errors@https://registry.npmjs.org/http-errors/-/http-errors-2.0.1.tgz 0ms (cache hit)
680 http cache fresh@https://registry.npmjs.org/fresh/-/fresh-2.0.0.tgz 0ms (cache hit)
681 http cache finalhandler@https://registry.npmjs.org/finalhandler/-/finalhandler-2.1.1.tgz 0ms (cache hit)
682 http cache etag@https://registry.npmjs.org/etag/-/etag-1.8.1.tgz 0ms (cache hit)
683 http cache escape-html@https://registry.npmjs.org/escape-html/-/escape-html-1.0.3.tgz 0ms (cache hit)
684 http cache depd@https://registry.npmjs.org/depd/-/depd-2.0.0.tgz 0ms (cache hit)
685 http cache encodeurl@https://registry.npmjs.org/encodeurl/-/encodeurl-2.0.0.tgz 0ms (cache hit)
686 http cache cookie@https://registry.npmjs.org/cookie/-/cookie-0.7.2.tgz 0ms (cache hit)
687 http cache debug@https://registry.npmjs.org/debug/-/debug-4.4.3.tgz 0ms (cache hit)
688 http cache cookie-signature@https://registry.npmjs.org/cookie-signature/-/cookie-signature-1.2.2.tgz 0ms (cache hit)
689 http cache content-type@https://registry.npmjs.org/content-type/-/content-type-1.0.5.tgz 0ms (cache hit)
690 http cache content-disposition@https://registry.npmjs.org/content-disposition/-/content-disposition-1.1.0.tgz 0ms (cache hit)
691 http cache accepts@https://registry.npmjs.org/accepts/-/accepts-2.0.0.tgz 0ms (cache hit)
692 http cache body-parser@https://registry.npmjs.org/body-parser/-/body-parser-2.2.2.tgz 0ms (cache hit)
693 http cache ws@https://registry.npmjs.org/ws/-/ws-8.20.0.tgz 0ms (cache hit)
694 http cache p-retry@https://registry.npmjs.org/p-retry/-/p-retry-4.6.2.tgz 0ms (cache hit)
695 http cache protobufjs@https://registry.npmjs.org/protobufjs/-/protobufjs-7.5.6.tgz 0ms (cache hit)
696 silly tarball no local data for media-typer@https://registry.npmjs.org/media-typer/-/media-typer-1.1.0.tgz. Extracting by manifest.
697 silly tarball no local data for call-bound@https://registry.npmjs.org/call-bound/-/call-bound-1.0.4.tgz. Extracting by manifest.
698 silly tarball no local data for side-channel-map@https://registry.npmjs.org/side-channel-map/-/side-channel-map-1.0.1.tgz. Extracting by manifest.
699 silly tarball no local data for side-channel-weakmap@https://registry.npmjs.org/side-channel-weakmap/-/side-channel-weakmap-1.0.2.tgz. Extracting by manifest.
700 silly tarball no local data for side-channel-list@https://registry.npmjs.org/side-channel-list/-/side-channel-list-1.0.1.tgz. Extracting by manifest.
701 silly tarball no local data for path-to-regexp@https://registry.npmjs.org/path-to-regexp/-/path-to-regexp-8.4.2.tgz. Extracting by manifest.
702 silly tarball no local data for object-inspect@https://registry.npmjs.org/object-inspect/-/object-inspect-1.13.4.tgz. Extracting by manifest.
703 silly tarball no local data for is-promise@https://registry.npmjs.org/is-promise/-/is-promise-4.0.0.tgz. Extracting by manifest.
704 silly tarball no local data for unpipe@https://registry.npmjs.org/unpipe/-/unpipe-1.0.0.tgz. Extracting by manifest.
705 silly tarball no local data for forwarded@https://registry.npmjs.org/forwarded/-/forwarded-0.2.0.tgz. Extracting by manifest.
706 silly tarball no local data for ipaddr.js@https://registry.npmjs.org/ipaddr.js/-/ipaddr.js-1.9.1.tgz. Extracting by manifest.
707 silly tarball no local data for side-channel@https://registry.npmjs.org/side-channel/-/side-channel-1.1.0.tgz. Extracting by manifest.
708 silly tarball no local data for wrappy@https://registry.npmjs.org/wrappy/-/wrappy-1.0.2.tgz. Extracting by manifest.
709 silly tarball no local data for ee-first@https://registry.npmjs.org/ee-first/-/ee-first-1.1.1.tgz. Extracting by manifest.
710 silly tarball no local data for safer-buffer@https://registry.npmjs.org/safer-buffer/-/safer-buffer-2.1.2.tgz. Extracting by manifest.
711 silly tarball no local data for toidentifier@https://registry.npmjs.org/toidentifier/-/toidentifier-1.0.1.tgz. Extracting by manifest.
712 silly tarball no local data for inherits@https://registry.npmjs.org/inherits/-/inherits-2.0.4.tgz. Extracting by manifest.
713 silly tarball no local data for setprototypeof@https://registry.npmjs.org/setprototypeof/-/setprototypeof-1.2.0.tgz. Extracting by manifest.
714 silly tarball no local data for raw-body@https://registry.npmjs.org/raw-body/-/raw-body-3.0.2.tgz. Extracting by manifest.
715 silly tarball no local data for iconv-lite@https://registry.npmjs.org/iconv-lite/-/iconv-lite-0.7.2.tgz. Extracting by manifest.
716 silly tarball no local data for negotiator@https://registry.npmjs.org/negotiator/-/negotiator-1.0.0.tgz. Extracting by manifest.
717 silly tarball no local data for type-is@https://registry.npmjs.org/type-is/-/type-is-2.0.1.tgz. Extracting by manifest.
718 silly tarball no local data for serve-static@https://registry.npmjs.org/serve-static/-/serve-static-2.2.1.tgz. Extracting by manifest.
719 silly tarball no local data for range-parser@https://registry.npmjs.org/range-parser/-/range-parser-1.2.1.tgz. Extracting by manifest.
720 silly tarball no local data for qs@https://registry.npmjs.org/qs/-/qs-6.15.1.tgz. Extracting by manifest.
721 silly tarball no local data for statuses@https://registry.npmjs.org/statuses/-/statuses-2.0.2.tgz. Extracting by manifest.
722 silly tarball no local data for proxy-addr@https://registry.npmjs.org/proxy-addr/-/proxy-addr-2.0.7.tgz. Extracting by manifest.
723 silly tarball no local data for router@https://registry.npmjs.org/router/-/router-2.2.0.tgz. Extracting by manifest.
724 silly tarball no local data for send@https://registry.npmjs.org/send/-/send-1.2.1.tgz. Extracting by manifest.
725 silly tarball no local data for parseurl@https://registry.npmjs.org/parseurl/-/parseurl-1.3.3.tgz. Extracting by manifest.
726 silly tarball no local data for once@https://registry.npmjs.org/once/-/once-1.4.0.tgz. Extracting by manifest.
727 silly tarball no local data for mime-types@https://registry.npmjs.org/mime-types/-/mime-types-3.0.2.tgz. Extracting by manifest.
728 silly tarball no local data for on-finished@https://registry.npmjs.org/on-finished/-/on-finished-2.4.1.tgz. Extracting by manifest.
729 silly tarball no local data for merge-descriptors@https://registry.npmjs.org/merge-descriptors/-/merge-descriptors-2.0.0.tgz. Extracting by manifest.
730 silly tarball no local data for http-errors@https://registry.npmjs.org/http-errors/-/http-errors-2.0.1.tgz. Extracting by manifest.
731 silly tarball no local data for fresh@https://registry.npmjs.org/fresh/-/fresh-2.0.0.tgz. Extracting by manifest.
732 silly tarball no local data for finalhandler@https://registry.npmjs.org/finalhandler/-/finalhandler-2.1.1.tgz. Extracting by manifest.
733 silly tarball no local data for escape-html@https://registry.npmjs.org/escape-html/-/escape-html-1.0.3.tgz. Extracting by manifest.
734 silly tarball no local data for depd@https://registry.npmjs.org/depd/-/depd-2.0.0.tgz. Extracting by manifest.
735 silly tarball no local data for encodeurl@https://registry.npmjs.org/encodeurl/-/encodeurl-2.0.0.tgz. Extracting by manifest.
736 silly tarball no local data for etag@https://registry.npmjs.org/etag/-/etag-1.8.1.tgz. Extracting by manifest.
737 silly tarball no local data for cookie@https://registry.npmjs.org/cookie/-/cookie-0.7.2.tgz. Extracting by manifest.
738 silly tarball no local data for cookie-signature@https://registry.npmjs.org/cookie-signature/-/cookie-signature-1.2.2.tgz. Extracting by manifest.
739 silly tarball no local data for content-type@https://registry.npmjs.org/content-type/-/content-type-1.0.5.tgz. Extracting by manifest.
740 silly tarball no local data for content-disposition@https://registry.npmjs.org/content-disposition/-/content-disposition-1.1.0.tgz. Extracting by manifest.
741 silly tarball no local data for accepts@https://registry.npmjs.org/accepts/-/accepts-2.0.0.tgz. Extracting by manifest.
742 silly tarball no local data for body-parser@https://registry.npmjs.org/body-parser/-/body-parser-2.2.2.tgz. Extracting by manifest.
743 http cache express@https://registry.npmjs.org/express/-/express-5.2.1.tgz 0ms (cache hit)
744 http cache google-auth-library@https://registry.npmjs.org/google-auth-library/-/google-auth-library-10.6.2.tgz 0ms (cache hit)
745 http cache @google/genai@https://registry.npmjs.org/@google/genai/-/genai-1.51.0.tgz 0ms (cache hit)
746 silly tarball no local data for express@https://registry.npmjs.org/express/-/express-5.2.1.tgz. Extracting by manifest.
747 http fetch GET 200 https://registry.npmjs.org/setprototypeof/-/setprototypeof-1.2.0.tgz 7848ms (cache miss)
748 http fetch GET 200 https://registry.npmjs.org/inherits/-/inherits-2.0.4.tgz 7853ms (cache miss)
749 http fetch GET 200 https://registry.npmjs.org/safer-buffer/-/safer-buffer-2.1.2.tgz 7860ms (cache miss)
750 http fetch GET 200 https://registry.npmjs.org/call-bound/-/call-bound-1.0.4.tgz 7906ms (cache miss)
751 http fetch GET 200 https://registry.npmjs.org/side-channel-list/-/side-channel-list-1.0.1.tgz 7900ms (cache miss)
752 http fetch GET 200 https://registry.npmjs.org/on-finished/-/on-finished-2.4.1.tgz 7898ms (cache miss)
753 http fetch GET 200 https://registry.npmjs.org/merge-descriptors/-/merge-descriptors-2.0.0.tgz 7897ms (cache miss)
754 http fetch GET 200 https://registry.npmjs.org/range-parser/-/range-parser-1.2.1.tgz 7977ms (cache miss)
755 http fetch GET 200 https://registry.npmjs.org/statuses/-/statuses-2.0.2.tgz 7974ms (cache miss)
756 http fetch GET 200 https://registry.npmjs.org/is-promise/-/is-promise-4.0.0.tgz 8054ms (cache miss)
757 http fetch GET 200 https://registry.npmjs.org/media-typer/-/media-typer-1.1.0.tgz 8085ms (cache miss)
758 http fetch GET 200 https://registry.npmjs.org/side-channel-weakmap/-/side-channel-weakmap-1.0.2.tgz 8079ms (cache miss)
759 http fetch GET 200 https://registry.npmjs.org/wrappy/-/wrappy-1.0.2.tgz 8063ms (cache miss)
760 http fetch GET 200 https://registry.npmjs.org/http-errors/-/http-errors-2.0.1.tgz 8011ms (cache miss)
761 http fetch GET 200 https://registry.npmjs.org/etag/-/etag-1.8.1.tgz 8008ms (cache miss)
762 http fetch GET 200 https://registry.npmjs.org/side-channel-map/-/side-channel-map-1.0.1.tgz 8262ms (cache miss)
763 http fetch GET 200 https://registry.npmjs.org/forwarded/-/forwarded-0.2.0.tgz 8245ms (cache miss)
764 http fetch GET 200 https://registry.npmjs.org/send/-/send-1.2.1.tgz 8193ms (cache miss)
765 http fetch GET 200 https://registry.npmjs.org/toidentifier/-/toidentifier-1.0.1.tgz 8230ms (cache miss)
766 http fetch GET 200 https://registry.npmjs.org/once/-/once-1.4.0.tgz 8193ms (cache miss)
767 http fetch GET 200 https://registry.npmjs.org/mime-types/-/mime-types-3.0.2.tgz 8194ms (cache miss)
768 http fetch GET 200 https://registry.npmjs.org/raw-body/-/raw-body-3.0.2.tgz 8229ms (cache miss)
769 http fetch GET 200 https://registry.npmjs.org/type-is/-/type-is-2.0.1.tgz 8229ms (cache miss)
770 http fetch GET 200 https://registry.npmjs.org/encodeurl/-/encodeurl-2.0.0.tgz 8188ms (cache miss)
771 http fetch GET 200 https://registry.npmjs.org/cookie/-/cookie-0.7.2.tgz 8186ms (cache miss)
772 http fetch GET 200 https://registry.npmjs.org/cookie-signature/-/cookie-signature-1.2.2.tgz 8186ms (cache miss)
773 http fetch GET 200 https://registry.npmjs.org/proxy-addr/-/proxy-addr-2.0.7.tgz 8238ms (cache miss)
774 http fetch GET 200 https://registry.npmjs.org/router/-/router-2.2.0.tgz 8239ms (cache miss)
775 http fetch GET 200 https://registry.npmjs.org/unpipe/-/unpipe-1.0.0.tgz 8302ms (cache miss)
776 http fetch GET 200 https://registry.npmjs.org/parseurl/-/parseurl-1.3.3.tgz 8262ms (cache miss)
777 http fetch GET 200 https://registry.npmjs.org/escape-html/-/escape-html-1.0.3.tgz 8259ms (cache miss)
778 http fetch GET 200 https://registry.npmjs.org/content-type/-/content-type-1.0.5.tgz 8264ms (cache miss)
779 http fetch GET 200 https://registry.npmjs.org/content-disposition/-/content-disposition-1.1.0.tgz 8263ms (cache miss)
780 http fetch GET 200 https://registry.npmjs.org/accepts/-/accepts-2.0.0.tgz 8263ms (cache miss)
781 http fetch GET 200 https://registry.npmjs.org/ee-first/-/ee-first-1.1.1.tgz 8385ms (cache miss)
782 http fetch GET 200 https://registry.npmjs.org/serve-static/-/serve-static-2.2.1.tgz 8382ms (cache miss)
783 http fetch GET 200 https://registry.npmjs.org/fresh/-/fresh-2.0.0.tgz 8398ms (cache miss)
784 http fetch GET 200 https://registry.npmjs.org/path-to-regexp/-/path-to-regexp-8.4.2.tgz 8482ms (cache miss)
785 http fetch GET 200 https://registry.npmjs.org/negotiator/-/negotiator-1.0.0.tgz 8471ms (cache miss)
786 http fetch GET 200 https://registry.npmjs.org/finalhandler/-/finalhandler-2.1.1.tgz 8493ms (cache miss)
787 http fetch GET 200 https://registry.npmjs.org/ipaddr.js/-/ipaddr.js-1.9.1.tgz 8781ms (cache miss)
788 http fetch GET 200 https://registry.npmjs.org/depd/-/depd-2.0.0.tgz 8709ms (cache miss)
789 http fetch GET 200 https://registry.npmjs.org/side-channel/-/side-channel-1.1.0.tgz 8860ms (cache miss)
790 http fetch GET 200 https://registry.npmjs.org/body-parser/-/body-parser-2.2.2.tgz 8970ms (cache miss)
791 http fetch GET 200 https://registry.npmjs.org/express/-/express-5.2.1.tgz 9435ms (cache miss)
792 http fetch GET 200 https://registry.npmjs.org/qs/-/qs-6.15.1.tgz 9918ms (cache miss)
793 http fetch GET 200 https://registry.npmjs.org/object-inspect/-/object-inspect-1.13.4.tgz 10151ms (cache miss)
794 warn deprecated node-domexception@1.0.0: Use your platform's native DOMException instead
795 http fetch GET 200 https://registry.npmjs.org/iconv-lite/-/iconv-lite-0.7.2.tgz 10375ms (cache miss)
796 info run @google/genai@1.51.0 preinstall node_modules/@google/genai echo 'preinstall: no-op'
797 info run @google/genai@1.51.0 preinstall { code: 0, signal: null }
798 info run protobufjs@7.5.6 postinstall node_modules/protobufjs node scripts/postinstall
799 info run protobufjs@7.5.6 postinstall { code: 0, signal: null }
800 silly ADD node_modules/media-typer
801 silly ADD node_modules/dunder-proto
802 silly ADD node_modules/math-intrinsics
803 silly ADD node_modules/hasown
804 silly ADD node_modules/has-symbols
805 silly ADD node_modules/gopd
806 silly ADD node_modules/get-proto
807 silly ADD node_modules/es-object-atoms
808 silly ADD node_modules/es-define-property
809 silly ADD node_modules/function-bind
810 silly ADD node_modules/call-bind-apply-helpers
811 silly ADD node_modules/get-intrinsic
812 silly ADD node_modules/call-bound
813 silly ADD node_modules/side-channel-weakmap
814 silly ADD node_modules/side-channel-map
815 silly ADD node_modules/side-channel-list
816 silly ADD node_modules/object-inspect
817 silly ADD node_modules/es-errors
818 silly ADD node_modules/path-to-regexp
819 silly ADD node_modules/is-promise
820 silly ADD node_modules/unpipe
821 silly ADD node_modules/side-channel
822 silly ADD node_modules/ipaddr.js
823 silly ADD node_modules/forwarded
824 silly ADD node_modules/undici-types
825 silly ADD node_modules/long
826 silly ADD node_modules/@types/node
827 silly ADD node_modules/@protobufjs/utf8
828 silly ADD node_modules/@protobufjs/pool
829 silly ADD node_modules/@protobufjs/path
830 silly ADD node_modules/@protobufjs/inquire
831 silly ADD node_modules/@protobufjs/float
832 silly ADD node_modules/@protobufjs/fetch
833 silly ADD node_modules/@protobufjs/eventemitter
834 silly ADD node_modules/@protobufjs/codegen
835 silly ADD node_modules/@protobufjs/base64
836 silly ADD node_modules/@protobufjs/aspromise
837 silly ADD node_modules/retry
838 silly ADD node_modules/@types/retry
839 silly ADD node_modules/wrappy
840 silly ADD node_modules/ee-first
841 silly ADD node_modules/web-streams-polyfill
842 silly ADD node_modules/node-domexception
843 silly ADD node_modules/formdata-polyfill
844 silly ADD node_modules/fetch-blob
845 silly ADD node_modules/data-uri-to-buffer
846 silly ADD node_modules/mime-db
847 silly ADD node_modules/buffer-equal-constant-time
848 silly ADD node_modules/jwa
849 silly ADD node_modules/bignumber.js
850 silly ADD node_modules/safer-buffer
851 silly ADD node_modules/agent-base
852 silly ADD node_modules/toidentifier
853 silly ADD node_modules/setprototypeof
854 silly ADD node_modules/inherits
855 silly ADD node_modules/json-bigint
856 silly ADD node_modules/node-fetch
857 silly ADD node_modules/https-proxy-agent
858 silly ADD node_modules/extend
859 silly ADD node_modules/safe-buffer
860 silly ADD node_modules/jws
861 silly ADD node_modules/google-logging-utils
862 silly ADD node_modules/gcp-metadata
863 silly ADD node_modules/gaxios
864 silly ADD node_modules/ecdsa-sig-formatter
865 silly ADD node_modules/base64-js
866 silly ADD node_modules/ms
867 silly ADD node_modules/raw-body
868 silly ADD node_modules/iconv-lite
869 silly ADD node_modules/bytes
870 silly ADD node_modules/negotiator
871 silly ADD node_modules/vary
872 silly ADD node_modules/type-is
873 silly ADD node_modules/statuses
874 silly ADD node_modules/serve-static
875 silly ADD node_modules/send
876 silly ADD node_modules/router
877 silly ADD node_modules/range-parser
878 silly ADD node_modules/qs
879 silly ADD node_modules/proxy-addr
880 silly ADD node_modules/parseurl
881 silly ADD node_modules/once
882 silly ADD node_modules/on-finished
883 silly ADD node_modules/mime-types
884 silly ADD node_modules/merge-descriptors
885 silly ADD node_modules/http-errors
886 silly ADD node_modules/fresh
887 silly ADD node_modules/finalhandler
888 silly ADD node_modules/etag
889 silly ADD node_modules/escape-html
890 silly ADD node_modules/encodeurl
891 silly ADD node_modules/depd
892 silly ADD node_modules/debug
893 silly ADD node_modules/cookie-signature
894 silly ADD node_modules/cookie
895 silly ADD node_modules/content-type
896 silly ADD node_modules/content-disposition
897 silly ADD node_modules/body-parser
898 silly ADD node_modules/accepts
899 silly ADD node_modules/ws
900 silly ADD node_modules/protobufjs
901 silly ADD node_modules/p-retry
902 silly ADD node_modules/google-auth-library
903 silly ADD node_modules/express
904 silly ADD node_modules/@google/genai
905 verbose cwd /storage/emulated/0/appfactory
906 verbose os Linux 5.4.233-android12-9-660861-g21cba50d06d5-ab550
907 verbose node v24.14.1
908 verbose npm  v11.13.0
909 verbose exit 0
910 info ok
